Archive member included to satisfy reference by file (symbol)

c:/ac6/systemworkbench/plugins/fr.ac6.mcu.externaltools.arm-none.win32_1.15.0.201708311556/tools/compiler/bin/../lib/gcc/arm-none-eabi/6.3.1/../../../../arm-none-eabi/lib/thumb/v7e-m/fpv4-sp/hard\libm.a(lib_a-wf_asin.o)
                              Src/MahonyAHRS.o (asinf)
c:/ac6/systemworkbench/plugins/fr.ac6.mcu.externaltools.arm-none.win32_1.15.0.201708311556/tools/compiler/bin/../lib/gcc/arm-none-eabi/6.3.1/../../../../arm-none-eabi/lib/thumb/v7e-m/fpv4-sp/hard\libm.a(lib_a-wf_atan2.o)
                              Src/MahonyAHRS.o (atan2f)
c:/ac6/systemworkbench/plugins/fr.ac6.mcu.externaltools.arm-none.win32_1.15.0.201708311556/tools/compiler/bin/../lib/gcc/arm-none-eabi/6.3.1/../../../../arm-none-eabi/lib/thumb/v7e-m/fpv4-sp/hard\libm.a(lib_a-wf_sqrt.o)
                              Src/MahonyAHRS.o (sqrtf)
c:/ac6/systemworkbench/plugins/fr.ac6.mcu.externaltools.arm-none.win32_1.15.0.201708311556/tools/compiler/bin/../lib/gcc/arm-none-eabi/6.3.1/../../../../arm-none-eabi/lib/thumb/v7e-m/fpv4-sp/hard\libm.a(lib_a-ef_asin.o)
                              c:/ac6/systemworkbench/plugins/fr.ac6.mcu.externaltools.arm-none.win32_1.15.0.201708311556/tools/compiler/bin/../lib/gcc/arm-none-eabi/6.3.1/../../../../arm-none-eabi/lib/thumb/v7e-m/fpv4-sp/hard\libm.a(lib_a-wf_asin.o) (__ieee754_asinf)
c:/ac6/systemworkbench/plugins/fr.ac6.mcu.externaltools.arm-none.win32_1.15.0.201708311556/tools/compiler/bin/../lib/gcc/arm-none-eabi/6.3.1/../../../../arm-none-eabi/lib/thumb/v7e-m/fpv4-sp/hard\libm.a(lib_a-ef_atan2.o)
                              c:/ac6/systemworkbench/plugins/fr.ac6.mcu.externaltools.arm-none.win32_1.15.0.201708311556/tools/compiler/bin/../lib/gcc/arm-none-eabi/6.3.1/../../../../arm-none-eabi/lib/thumb/v7e-m/fpv4-sp/hard\libm.a(lib_a-wf_atan2.o) (__ieee754_atan2f)
c:/ac6/systemworkbench/plugins/fr.ac6.mcu.externaltools.arm-none.win32_1.15.0.201708311556/tools/compiler/bin/../lib/gcc/arm-none-eabi/6.3.1/../../../../arm-none-eabi/lib/thumb/v7e-m/fpv4-sp/hard\libm.a(lib_a-ef_sqrt.o)
                              c:/ac6/systemworkbench/plugins/fr.ac6.mcu.externaltools.arm-none.win32_1.15.0.201708311556/tools/compiler/bin/../lib/gcc/arm-none-eabi/6.3.1/../../../../arm-none-eabi/lib/thumb/v7e-m/fpv4-sp/hard\libm.a(lib_a-wf_sqrt.o) (__ieee754_sqrtf)
c:/ac6/systemworkbench/plugins/fr.ac6.mcu.externaltools.arm-none.win32_1.15.0.201708311556/tools/compiler/bin/../lib/gcc/arm-none-eabi/6.3.1/../../../../arm-none-eabi/lib/thumb/v7e-m/fpv4-sp/hard\libm.a(lib_a-s_lib_ver.o)
                              c:/ac6/systemworkbench/plugins/fr.ac6.mcu.externaltools.arm-none.win32_1.15.0.201708311556/tools/compiler/bin/../lib/gcc/arm-none-eabi/6.3.1/../../../../arm-none-eabi/lib/thumb/v7e-m/fpv4-sp/hard\libm.a(lib_a-wf_asin.o) (__fdlib_version)
c:/ac6/systemworkbench/plugins/fr.ac6.mcu.externaltools.arm-none.win32_1.15.0.201708311556/tools/compiler/bin/../lib/gcc/arm-none-eabi/6.3.1/../../../../arm-none-eabi/lib/thumb/v7e-m/fpv4-sp/hard\libm.a(lib_a-s_matherr.o)
                              c:/ac6/systemworkbench/plugins/fr.ac6.mcu.externaltools.arm-none.win32_1.15.0.201708311556/tools/compiler/bin/../lib/gcc/arm-none-eabi/6.3.1/../../../../arm-none-eabi/lib/thumb/v7e-m/fpv4-sp/hard\libm.a(lib_a-wf_asin.o) (matherr)
c:/ac6/systemworkbench/plugins/fr.ac6.mcu.externaltools.arm-none.win32_1.15.0.201708311556/tools/compiler/bin/../lib/gcc/arm-none-eabi/6.3.1/../../../../arm-none-eabi/lib/thumb/v7e-m/fpv4-sp/hard\libm.a(lib_a-s_nan.o)
                              c:/ac6/systemworkbench/plugins/fr.ac6.mcu.externaltools.arm-none.win32_1.15.0.201708311556/tools/compiler/bin/../lib/gcc/arm-none-eabi/6.3.1/../../../../arm-none-eabi/lib/thumb/v7e-m/fpv4-sp/hard\libm.a(lib_a-wf_asin.o) (nan)
c:/ac6/systemworkbench/plugins/fr.ac6.mcu.externaltools.arm-none.win32_1.15.0.201708311556/tools/compiler/bin/../lib/gcc/arm-none-eabi/6.3.1/../../../../arm-none-eabi/lib/thumb/v7e-m/fpv4-sp/hard\libm.a(lib_a-sf_atan.o)
                              c:/ac6/systemworkbench/plugins/fr.ac6.mcu.externaltools.arm-none.win32_1.15.0.201708311556/tools/compiler/bin/../lib/gcc/arm-none-eabi/6.3.1/../../../../arm-none-eabi/lib/thumb/v7e-m/fpv4-sp/hard\libm.a(lib_a-ef_atan2.o) (atanf)
c:/ac6/systemworkbench/plugins/fr.ac6.mcu.externaltools.arm-none.win32_1.15.0.201708311556/tools/compiler/bin/../lib/gcc/arm-none-eabi/6.3.1/../../../../arm-none-eabi/lib/thumb/v7e-m/fpv4-sp/hard\libm.a(lib_a-sf_fabs.o)
                              c:/ac6/systemworkbench/plugins/fr.ac6.mcu.externaltools.arm-none.win32_1.15.0.201708311556/tools/compiler/bin/../lib/gcc/arm-none-eabi/6.3.1/../../../../arm-none-eabi/lib/thumb/v7e-m/fpv4-sp/hard\libm.a(lib_a-wf_asin.o) (fabsf)
c:/ac6/systemworkbench/plugins/fr.ac6.mcu.externaltools.arm-none.win32_1.15.0.201708311556/tools/compiler/bin/../lib/gcc/arm-none-eabi/6.3.1/thumb/v7e-m/fpv4-sp/hard\libgcc.a(_arm_addsubdf3.o)
[...]
Memory Configuration

Name             Origin             Length             Attributes
RAM              0x20000000         0x00030000         xrw
CCMRAM           0x10000000         0x00010000         rw
FLASH            0x08000000         0x00200000         xr
*default*        0x00000000         0xffffffff

Linker script and memory map

LOAD c:/ac6/systemworkbench/plugins/fr.ac6.mcu.externaltools.arm-none.win32_1.15.0.201708311556/tools/compiler/bin/../lib/gcc/arm-none-eabi/6.3.1/thumb/v7e-m/fpv4-sp/hard/crti.o
LOAD c:/ac6/systemworkbench/plugins/fr.ac6.mcu.externaltools.arm-none.win32_1.15.0.201708311556/tools/compiler/bin/../lib/gcc/arm-none-eabi/6.3.1/thumb/v7e-m/fpv4-sp/hard/crtbegin.o
LOAD c:/ac6/systemworkbench/plugins/fr.ac6.mcu.externaltools.arm-none.win32_1.15.0.201708311556/tools/compiler/bin/../lib/gcc/arm-none-eabi/6.3.1/../../../../arm-none-eabi/lib/thumb/v7e-m/fpv4-sp/hard/crt0.o
LOAD Drivers/STM32F4xx_HAL_Driver/Src/stm32f4xx_hal.o
LOAD Drivers/STM32F4xx_HAL_Driver/Src/stm32f4xx_hal_adc.o
LOAD Drivers/STM32F4xx_HAL_Driver/Src/stm32f4xx_hal_adc_ex.o
LOAD Drivers/STM32F4xx_HAL_Driver/Src/stm32f4xx_hal_cortex.o
LOAD Drivers/STM32F4xx_HAL_Driver/Src/stm32f4xx_hal_dma.o
LOAD Drivers/STM32F4xx_HAL_Driver/Src/stm32f4xx_hal_dma_ex.o
LOAD Drivers/STM32F4xx_HAL_Driver/Src/stm32f4xx_hal_flash.o
LOAD Drivers/STM32F4xx_HAL_Driver/Src/stm32f4xx_hal_flash_ex.o
LOAD Drivers/STM32F4xx_HAL_Driver/Src/stm32f4xx_hal_flash_ramfunc.o
LOAD Drivers/STM32F4xx_HAL_Driver/Src/stm32f4xx_hal_gpio.o
LOAD Drivers/STM32F4xx_HAL_Driver/Src/stm32f4xx_hal_i2c.o
LOAD Drivers/STM32F4xx_HAL_Driver/Src/stm32f4xx_hal_i2c_ex.o
LOAD Drivers/STM32F4xx_HAL_Driver/Src/stm32f4xx_hal_pwr.o
LOAD Drivers/STM32F4xx_HAL_Driver/Src/stm32f4xx_hal_pwr_ex.o
LOAD Drivers/STM32F4xx_HAL_Driver/Src/stm32f4xx_hal_rcc.o
LOAD Drivers/STM32F4xx_HAL_Driver/Src/stm32f4xx_hal_rcc_ex.o
LOAD Drivers/STM32F4xx_HAL_Driver/Src/stm32f4xx_hal_spi.o
LOAD Drivers/STM32F4xx_HAL_Driver/Src/stm32f4xx_hal_tim.o
LOAD Drivers/STM32F4xx_HAL_Driver/Src/stm32f4xx_hal_tim_ex.o
LOAD Drivers/STM32F4xx_HAL_Driver/Src/stm32f4xx_hal_uart.o
LOAD Src/MPU9250.o
LOAD Src/MahonyAHRS.o
LOAD Src/adc.o
LOAD Src/dma.o
LOAD Src/gpio.o
LOAD Src/i2c.o
LOAD Src/main.o
LOAD Src/spi.o
LOAD Src/stm32f4xx_hal_msp.o
LOAD Src/stm32f4xx_it.o
LOAD Src/system_stm32f4xx.o
LOAD Src/tim.o
LOAD Src/usart.o
LOAD startup/startup_stm32f429xx.o
LOAD c:/ac6/systemworkbench/plugins/fr.ac6.mcu.externaltools.arm-none.win32_1.15.0.201708311556/tools/compiler/bin/../lib/gcc/arm-none-eabi/6.3.1/../../../../arm-none-eabi/lib/thumb/v7e-m/fpv4-sp/hard\libm.a
START GROUP
LOAD c:/ac6/systemworkbench/plugins/fr.ac6.mcu.externaltools.arm-none.win32_1.15.0.201708311556/tools/compiler/bin/../lib/gcc/arm-none-eabi/6.3.1/thumb/v7e-m/fpv4-sp/hard\libgcc.a
LOAD c:/ac6/systemworkbench/plugins/fr.ac6.mcu.externaltools.arm-none.win32_1.15.0.201708311556/tools/compiler/bin/../lib/gcc/arm-none-eabi/6.3.1/../../../../arm-none-eabi/lib/thumb/v7e-m/fpv4-sp/hard\libc_nano.a
END GROUP
START GROUP
LOAD c:/ac6/systemworkbench/plugins/fr.ac6.mcu.externaltools.arm-none.win32_1.15.0.201708311556/tools/compiler/bin/../lib/gcc/arm-none-eabi/6.3.1/thumb/v7e-m/fpv4-sp/hard\libgcc.a
LOAD c:/ac6/systemworkbench/plugins/fr.ac6.mcu.externaltools.arm-none.win32_1.15.0.201708311556/tools/compiler/bin/../lib/gcc/arm-none-eabi/6.3.1/../../../../arm-none-eabi/lib/thumb/v7e-m/fpv4-sp/hard\libc_nano.a
LOAD c:/ac6/systemworkbench/plugins/fr.ac6.mcu.externaltools.arm-none.win32_1.15.0.201708311556/tools/compiler/bin/../lib/gcc/arm-none-eabi/6.3.1/../../../../arm-none-eabi/lib/thumb/v7e-m/fpv4-sp/hard\libnosys.a
END GROUP
START GROUP
LOAD c:/ac6/systemworkbench/plugins/fr.ac6.mcu.externaltools.arm-none.win32_1.15.0.201708311556/tools/compiler/bin/../lib/gcc/arm-none-eabi/6.3.1/thumb/v7e-m/fpv4-sp/hard\libgcc.a
LOAD c:/ac6/systemworkbench/plugins/fr.ac6.mcu.externaltools.arm-none.win32_1.15.0.201708311556/tools/compiler/bin/../lib/gcc/arm-none-eabi/6.3.1/../../../../arm-none-eabi/lib/thumb/v7e-m/fpv4-sp/hard\libc_nano.a
LOAD c:/ac6/systemworkbench/plugins/fr.ac6.mcu.externaltools.arm-none.win32_1.15.0.201708311556/tools/compiler/bin/../lib/gcc/arm-none-eabi/6.3.1/../../../../arm-none-eabi/lib/thumb/v7e-m/fpv4-sp/hard\libnosys.a
END GROUP
LOAD c:/ac6/systemworkbench/plugins/fr.ac6.mcu.externaltools.arm-none.win32_1.15.0.201708311556/tools/compiler/bin/../lib/gcc/arm-none-eabi/6.3.1/thumb/v7e-m/fpv4-sp/hard/crtend.o
LOAD c:/ac6/systemworkbench/plugins/fr.ac6.mcu.externaltools.arm-none.win32_1.15.0.201708311556/tools/compiler/bin/../lib/gcc/arm-none-eabi/6.3.1/thumb/v7e-m/fpv4-sp/hard/crtn.o
                0x20030000                _estack = 0x20030000
                0x00000200                _Min_Heap_Size = 0x200
                0x00000400                _Min_Stack_Size = 0x400

.isr_vector     0x08000000      0x1ac
                0x08000000                . = ALIGN (0x4)
 *(.isr_vector)
 .isr_vector    0x08000000      0x1ac startup/startup_stm32f429xx.o
                0x08000000                g_pfnVectors
                0x080001ac                . = ALIGN (0x4)

.text           0x080001b0     0x9a0c
                0x080001b0                . = ALIGN (0x4)
 *(.text)
 .text          0x080001b0       0x6c c:/ac6/systemworkbench/plugins/fr.ac6.mcu.externaltools.arm-none.win32_1.15.0.201708311556/tools/compiler/bin/../lib/gcc/arm-none-eabi/6.3.1/thumb/v7e-m/fpv4-sp/hard/crtbegin.o
 .text          0x0800021c      0x370 c:/ac6/systemworkbench/plugins/fr.ac6.mcu.externaltools.arm-none.win32_1.15.0.201708311556/tools/compiler/bin/../lib/gcc/arm-none-eabi/6.3.1/thumb/v7e-m/fpv4-sp/hard\libgcc.a(_arm_addsubdf3.o)
                0x0800021c                __aeabi_drsub
                0x08000224                __aeabi_dsub
                0x08000224                __subdf3
                0x08000228                __aeabi_dadd
                0x08000228                __adddf3
                0x080004a0                __floatunsidf
                0x080004a0                __aeabi_ui2d
                0x080004c0                __floatsidf
                0x080004c0                __aeabi_i2d
                0x080004e4                __aeabi_f2d
                0x080004e4                __extendsfdf2
                0x08000520                __floatundidf
                0x08000520                __aeabi_ul2d
                0x08000530                __floatdidf
                0x08000530                __aeabi_l2d
 .text          0x0800058c      0x424 c:/ac6/systemworkbench/plugins/fr.ac6.mcu.externaltools.arm-none.win32_1.15.0.201708311556/tools/compiler/bin/../lib/gcc/arm-none-eabi/6.3.1/thumb/v7e-m/fpv4-sp/hard\libgcc.a(_arm_muldivdf3.o)
                0x0800058c                __aeabi_dmul
                0x0800058c                __muldf3
                0x080007e0                __divdf3
                0x080007e0                __aeabi_ddiv
 .text          0x080009b0      0x110 c:/ac6/systemworkbench/plugins/fr.ac6.mcu.externaltools.arm-none.win32_1.15.0.201708311556/tools/compiler/bin/../lib/gcc/arm-none-eabi/6.3.1/thumb/v7e-m/fpv4-sp/hard\libgcc.a(_arm_cmpdf2.o)
                0x080009b0                __gtdf2
                0x080009b0                __gedf2
                0x080009b8                __ltdf2
                0x080009b8                __ledf2
                0x080009c0                __nedf2
                0x080009c0                __eqdf2
                0x080009c0                __cmpdf2
                0x08000a3c                __aeabi_cdrcmple
                0x08000a4c                __aeabi_cdcmpeq
                0x08000a4c                __aeabi_cdcmple
                0x08000a5c                __aeabi_dcmpeq
                0x08000a70                __aeabi_dcmplt
                0x08000a84                __aeabi_dcmple
                0x08000a98                __aeabi_dcmpge
                0x08000aac                __aeabi_dcmpgt
 .text          0x08000ac0       0xa0 c:/ac6/systemworkbench/plugins/fr.ac6.mcu.externaltools.arm-none.win32_1.15.0.201708311556/tools/compiler/bin/../lib/gcc/arm-none-eabi/6.3.1/thumb/v7e-m/fpv4-sp/hard\libgcc.a(_arm_truncdfsf2.o)
                0x08000ac0                __truncdfsf2
                0x08000ac0                __aeabi_d2f
 .text          0x08000b60       0x30 c:/ac6/systemworkbench/plugins/fr.ac6.mcu.externaltools.arm-none.win32_1.15.0.201708311556/tools/compiler/bin/../lib/gcc/arm-none-eabi/6.3.1/thumb/v7e-m/fpv4-sp/hard\libgcc.a(_aeabi_uldivmod.o)
                0x08000b60                __aeabi_uldivmod
 .text          0x08000b90      0x2dc c:/ac6/systemworkbench/plugins/fr.ac6.mcu.externaltools.arm-none.win32_1.15.0.201708311556/tools/compiler/bin/../lib/gcc/arm-none-eabi/6.3.1/thumb/v7e-m/fpv4-sp/hard\libgcc.a(_udivmoddi4.o)
                0x08000b90                __udivmoddi4
 .text          0x08000e6c        0x4 c:/ac6/systemworkbench/plugins/fr.ac6.mcu.externaltools.arm-none.win32_1.15.0.201708311556/tools/compiler/bin/../lib/gcc/arm-none-eabi/6.3.1/thumb/v7e-m/fpv4-sp/hard\libgcc.a(_dvmd_tls.o)
                0x08000e6c                __aeabi_idiv0
                0x08000e6c                __aeabi_ldiv0
 .text          0x08000e70       0x10 c:/ac6/systemworkbench/plugins/fr.ac6.mcu.externaltools.arm-none.win32_1.15.0.201708311556/tools/compiler/bin/../lib/gcc/arm-none-eabi/6.3.1/../../../../arm-none-eabi/lib/thumb/v7e-m/fpv4-sp/hard\libc_nano.a(lib_a-strlen.o)
                0x08000e70                strlen
 .text          0x08000e80       0xa0 c:/ac6/systemworkbench/plugins/fr.ac6.mcu.externaltools.arm-none.win32_1.15.0.201708311556/tools/compiler/bin/../lib/gcc/arm-none-eabi/6.3.1/../../../../arm-none-eabi/lib/thumb/v7e-m/fpv4-sp/hard\libc_nano.a(lib_a-memchr.o)
                0x08000e80                memchr
 .text          0x08000f20       0x2c c:/ac6/systemworkbench/plugins/fr.ac6.mcu.externaltools.arm-none.win32_1.15.0.201708311556/tools/compiler/bin/../lib/gcc/arm-none-eabi/6.3.1/thumb/v7e-m/fpv4-sp/hard\libgcc.a(_arm_unorddf2.o)
                0x08000f20                __unorddf2
                0x08000f20                __aeabi_dcmpun
 .text          0x08000f4c       0x50 c:/ac6/systemworkbench/plugins/fr.ac6.mcu.externaltools.arm-none.win32_1.15.0.201708311556/tools/compiler/bin/../lib/gcc/arm-none-eabi/6.3.1/thumb/v7e-m/fpv4-sp/hard\libgcc.a(_arm_fixdfsi.o)
                0x08000f4c                __aeabi_d2iz
                0x08000f4c                __fixdfsi
 *(.text*)
 .text.HAL_InitTick
                0x08000f9c       0x48 Drivers/STM32F4xx_HAL_Driver/Src/stm32f4xx_hal.o
                0x08000f9c                HAL_InitTick
 .text.HAL_Init
                0x08000fe4       0x34 Drivers/STM32F4xx_HAL_Driver/Src/stm32f4xx_hal.o
                0x08000fe4                HAL_Init
 .text.HAL_IncTick
                0x08001018       0x18 Drivers/STM32F4xx_HAL_Driver/Src/stm32f4xx_hal.o
                0x08001018                HAL_IncTick
 .text.HAL_GetTick
                0x08001030        0xc Drivers/STM32F4xx_HAL_Driver/Src/stm32f4xx_hal.o
                0x08001030                HAL_GetTick
 .text.HAL_Delay
                0x0800103c       0x28 Drivers/STM32F4xx_HAL_Driver/Src/stm32f4xx_hal.o
                0x0800103c                HAL_Delay
 .text.ADC_Init
                0x08001064      0x130 Drivers/STM32F4xx_HAL_Driver/Src/stm32f4xx_hal_adc.o
 .text.HAL_ADC_Init
                0x08001194       0x54 Drivers/STM32F4xx_HAL_Driver/Src/stm32f4xx_hal_adc.o
                0x08001194                HAL_ADC_Init
 .text.HAL_ADC_Start_DMA
                0x080011e8      0x144 Drivers/STM32F4xx_HAL_Driver/Src/stm32f4xx_hal_adc.o
                0x080011e8                HAL_ADC_Start_DMA
 .text.ADC_DMAConvCplt
                0x0800132c       0x62 Drivers/STM32F4xx_HAL_Driver/Src/stm32f4xx_hal_adc.o
 .text.HAL_ADC_ConvHalfCpltCallback
                0x0800138e        0x2 Drivers/STM32F4xx_HAL_Driver/Src/stm32f4xx_hal_adc.o
                0x0800138e                HAL_ADC_ConvHalfCpltCallback
 .text.ADC_DMAHalfConvCplt
                0x08001390        0xa Drivers/STM32F4xx_HAL_Driver/Src/stm32f4xx_hal_adc.o
 .text.HAL_ADC_LevelOutOfWindowCallback
                0x0800139a        0x2 Drivers/STM32F4xx_HAL_Driver/Src/stm32f4xx_hal_adc.o
                0x0800139a                HAL_ADC_LevelOutOfWindowCallback
 .text.HAL_ADC_ErrorCallback
                0x0800139c        0x2 Drivers/STM32F4xx_HAL_Driver/Src/stm32f4xx_hal_adc.o
                0x0800139c                HAL_ADC_ErrorCallback
 .text.HAL_ADC_IRQHandler
                0x0800139e      0x14e Drivers/STM32F4xx_HAL_Driver/Src/stm32f4xx_hal_adc.o
                0x0800139e                HAL_ADC_IRQHandler
 .text.ADC_DMAError
                0x080014ec       0x16 Drivers/STM32F4xx_HAL_Driver/Src/stm32f4xx_hal_adc.o
 *fill*         0x08001502        0x2 
 .text.HAL_ADC_ConfigChannel
                0x08001504      0x194 Drivers/STM32F4xx_HAL_Driver/Src/stm32f4xx_hal_adc.o
                0x08001504                HAL_ADC_ConfigChannel
 .text.HAL_ADCEx_InjectedConvCpltCallback
                0x08001698        0x2 Drivers/STM32F4xx_HAL_Driver/Src/stm32f4xx_hal_adc_ex.o
                0x08001698                HAL_ADCEx_InjectedConvCpltCallback
 *fill*         0x0800169a        0x2 
 .text.HAL_NVIC_SetPriorityGrouping
                0x0800169c       0x24 Drivers/STM32F4xx_HAL_Driver/Src/stm32f4xx_hal_cortex.o
                0x0800169c                HAL_NVIC_SetPriorityGrouping
 .text.HAL_NVIC_SetPriority
                0x080016c0       0x64 Drivers/STM32F4xx_HAL_Driver/Src/stm32f4xx_hal_cortex.o
                0x080016c0                HAL_NVIC_SetPriority
 .text.HAL_NVIC_EnableIRQ
                0x08001724       0x18 Drivers/STM32F4xx_HAL_Driver/Src/stm32f4xx_hal_cortex.o
                0x08001724                HAL_NVIC_EnableIRQ
 .text.HAL_SYSTICK_Config
                0x0800173c       0x2c Drivers/STM32F4xx_HAL_Driver/Src/stm32f4xx_hal_cortex.o
                0x0800173c                HAL_SYSTICK_Config
 .text.HAL_NVIC_ClearPendingIRQ
                0x08001768       0x1c Drivers/STM32F4xx_HAL_Driver/Src/stm32f4xx_hal_cortex.o
                0x08001768                HAL_NVIC_ClearPendingIRQ
 .text.HAL_SYSTICK_CLKSourceConfig
                0x08001784       0x20 Drivers/STM32F4xx_HAL_Driver/Src/stm32f4xx_hal_cortex.o
                0x08001784                HAL_SYSTICK_CLKSourceConfig
 .text.HAL_SYSTICK_Callback
                0x080017a4        0x2 Drivers/STM32F4xx_HAL_Driver/Src/stm32f4xx_hal_cortex.o
                0x080017a4                HAL_SYSTICK_Callback
 .text.HAL_SYSTICK_IRQHandler
                0x080017a6        0x8 Drivers/STM32F4xx_HAL_Driver/Src/stm32f4xx_hal_cortex.o
                0x080017a6                HAL_SYSTICK_IRQHandler
 .text.DMA_SetConfig
                0x080017ae       0x2c Drivers/STM32F4xx_HAL_Driver/Src/stm32f4xx_hal_dma.o
 *fill*         0x080017da        0x2 
 .text.DMA_CalcBaseAndBitshift
                0x080017dc       0x3c Drivers/STM32F4xx_HAL_Driver/Src/stm32f4xx_hal_dma.o
 .text.DMA_CheckFifoParam
                0x08001818       0x8e Drivers/STM32F4xx_HAL_Driver/Src/stm32f4xx_hal_dma.o
 *fill*         0x080018a6        0x2 
 .text.HAL_DMA_Init
                0x080018a8       0xd0 Drivers/STM32F4xx_HAL_Driver/Src/stm32f4xx_hal_dma.o
                0x080018a8                HAL_DMA_Init
 .text.HAL_DMA_Start_IT
                0x08001978       0x74 Drivers/STM32F4xx_HAL_Driver/Src/stm32f4xx_hal_dma.o
                0x08001978                HAL_DMA_Start_IT
 .text.HAL_DMA_Abort_IT
                0x080019ec       0x26 Drivers/STM32F4xx_HAL_Driver/Src/stm32f4xx_hal_dma.o
                0x080019ec                HAL_DMA_Abort_IT
 *fill*         0x08001a12        0x2 
 .text.HAL_DMA_IRQHandler
                0x08001a14      0x1dc Drivers/STM32F4xx_HAL_Driver/Src/stm32f4xx_hal_dma.o
                0x08001a14                HAL_DMA_IRQHandler
 .text.HAL_DMA_GetError
                0x08001bf0        0x4 Drivers/STM32F4xx_HAL_Driver/Src/stm32f4xx_hal_dma.o
                0x08001bf0                HAL_DMA_GetError
 .text.HAL_GPIO_Init
                0x08001bf4      0x1e4 Drivers/STM32F4xx_HAL_Driver/Src/stm32f4xx_hal_gpio.o
                0x08001bf4                HAL_GPIO_Init
 .text.HAL_GPIO_WritePin
                0x08001dd8        0xc Drivers/STM32F4xx_HAL_Driver/Src/stm32f4xx_hal_gpio.o
                0x08001dd8                HAL_GPIO_WritePin
 .text.HAL_GPIO_EXTI_IRQHandler
                0x08001de4       0x1c Drivers/STM32F4xx_HAL_Driver/Src/stm32f4xx_hal_gpio.o
                0x08001de4                HAL_GPIO_EXTI_IRQHandler
 .text.I2C_IsAcknowledgeFailed
                0x08001e00       0x2a Drivers/STM32F4xx_HAL_Driver/Src/stm32f4xx_hal_i2c.o
 .text.I2C_WaitOnFlagUntilTimeout
                0x08001e2a       0x68 Drivers/STM32F4xx_HAL_Driver/Src/stm32f4xx_hal_i2c.o
 .text.I2C_WaitOnMasterAddressFlagUntilTimeout
                0x08001e92       0x90 Drivers/STM32F4xx_HAL_Driver/Src/stm32f4xx_hal_i2c.o
 .text.I2C_WaitOnTXEFlagUntilTimeout
                0x08001f22       0x4e Drivers/STM32F4xx_HAL_Driver/Src/stm32f4xx_hal_i2c.o
 .text.I2C_RequestMemoryWrite
                0x08001f70       0xd4 Drivers/STM32F4xx_HAL_Driver/Src/stm32f4xx_hal_i2c.o
 .text.I2C_RequestMemoryRead
                0x08002044      0x148 Drivers/STM32F4xx_HAL_Driver/Src/stm32f4xx_hal_i2c.o
 .text.I2C_WaitOnBTFFlagUntilTimeout
                0x0800218c       0x4e Drivers/STM32F4xx_HAL_Driver/Src/stm32f4xx_hal_i2c.o
 .text.I2C_WaitOnRXNEFlagUntilTimeout
                0x080021da       0x5c Drivers/STM32F4xx_HAL_Driver/Src/stm32f4xx_hal_i2c.o
 *fill*         0x08002236        0x2 
 .text.HAL_I2C_Init
                0x08002238      0x11c Drivers/STM32F4xx_HAL_Driver/Src/stm32f4xx_hal_i2c.o
                0x08002238                HAL_I2C_Init
 .text.HAL_I2C_Mem_Write
                0x08002354      0x17c Drivers/STM32F4xx_HAL_Driver/Src/stm32f4xx_hal_i2c.o
                0x08002354                HAL_I2C_Mem_Write
 .text.HAL_I2C_Mem_Read
                0x080024d0      0x2f4 Drivers/STM32F4xx_HAL_Driver/Src/stm32f4xx_hal_i2c.o
                0x080024d0                HAL_I2C_Mem_Read
 .text.HAL_I2C_Mem_Read_DMA
                0x080027c4      0x1c8 Drivers/STM32F4xx_HAL_Driver/Src/stm32f4xx_hal_i2c.o
                0x080027c4                HAL_I2C_Mem_Read_DMA
 .text.HAL_I2C_MasterRxCpltCallback
                0x0800298c        0x2 Drivers/STM32F4xx_HAL_Driver/Src/stm32f4xx_hal_i2c.o
                0x0800298c                HAL_I2C_MasterRxCpltCallback
 .text.HAL_I2C_ErrorCallback
                0x0800298e        0x2 Drivers/STM32F4xx_HAL_Driver/Src/stm32f4xx_hal_i2c.o
                0x0800298e                HAL_I2C_ErrorCallback
 .text.I2C_DMAError
                0x08002990       0x34 Drivers/STM32F4xx_HAL_Driver/Src/stm32f4xx_hal_i2c.o
 .text.I2C_DMAXferCplt
                0x080029c4       0x94 Drivers/STM32F4xx_HAL_Driver/Src/stm32f4xx_hal_i2c.o
 .text.HAL_PWREx_EnableOverDrive
                0x08002a58       0x80 Drivers/STM32F4xx_HAL_Driver/Src/stm32f4xx_hal_pwr_ex.o
                0x08002a58                HAL_PWREx_EnableOverDrive
 .text.HAL_RCC_OscConfig
                0x08002ad8      0x398 Drivers/STM32F4xx_HAL_Driver/Src/stm32f4xx_hal_rcc.o
                0x08002ad8                HAL_RCC_OscConfig
 .text.HAL_RCC_GetSysClockFreq
                0x08002e70       0xa4 Drivers/STM32F4xx_HAL_Driver/Src/stm32f4xx_hal_rcc.o
                0x08002e70                HAL_RCC_GetSysClockFreq
 .text.HAL_RCC_ClockConfig
                0x08002f14      0x158 Drivers/STM32F4xx_HAL_Driver/Src/stm32f4xx_hal_rcc.o
                0x08002f14                HAL_RCC_ClockConfig
 .text.HAL_RCC_GetHCLKFreq
                0x0800306c        0xc Drivers/STM32F4xx_HAL_Driver/Src/stm32f4xx_hal_rcc.o
                0x0800306c                HAL_RCC_GetHCLKFreq
 .text.HAL_RCC_GetPCLK1Freq
                0x08003078       0x20 Drivers/STM32F4xx_HAL_Driver/Src/stm32f4xx_hal_rcc.o
                0x08003078                HAL_RCC_GetPCLK1Freq
 .text.HAL_RCC_GetPCLK2Freq
                0x08003098       0x20 Drivers/STM32F4xx_HAL_Driver/Src/stm32f4xx_hal_rcc.o
                0x08003098                HAL_RCC_GetPCLK2Freq
 .text.HAL_SPI_Init
                0x080030b8       0x80 Drivers/STM32F4xx_HAL_Driver/Src/stm32f4xx_hal_spi.o
                0x080030b8                HAL_SPI_Init
 .text.TIM_OC1_SetConfig
                0x08003138       0x64 Drivers/STM32F4xx_HAL_Driver/Src/stm32f4xx_hal_tim.o
 .text.TIM_OC3_SetConfig
                0x0800319c       0x6c Drivers/STM32F4xx_HAL_Driver/Src/stm32f4xx_hal_tim.o
 .text.TIM_OC4_SetConfig
                0x08003208       0x5c Drivers/STM32F4xx_HAL_Driver/Src/stm32f4xx_hal_tim.o
 .text.TIM_TI1_ConfigInputStage
                0x08003264       0x26 Drivers/STM32F4xx_HAL_Driver/Src/stm32f4xx_hal_tim.o
 .text.TIM_TI2_ConfigInputStage
                0x0800328a       0x28 Drivers/STM32F4xx_HAL_Driver/Src/stm32f4xx_hal_tim.o
 .text.TIM_ITRx_SetConfig
                0x080032b2       0x10 Drivers/STM32F4xx_HAL_Driver/Src/stm32f4xx_hal_tim.o
 .text.TIM_ETR_SetConfig
                0x080032c2       0x18 Drivers/STM32F4xx_HAL_Driver/Src/stm32f4xx_hal_tim.o
 .text.HAL_TIM_Base_Start
                0x080032da       0x1a Drivers/STM32F4xx_HAL_Driver/Src/stm32f4xx_hal_tim.o
                0x080032da                HAL_TIM_Base_Start
 .text.HAL_TIM_PWM_MspInit
                0x080032f4        0x2 Drivers/STM32F4xx_HAL_Driver/Src/stm32f4xx_hal_tim.o
                0x080032f4                HAL_TIM_PWM_MspInit
 .text.HAL_TIM_ConfigClockSource
                0x080032f6      0x108 Drivers/STM32F4xx_HAL_Driver/Src/stm32f4xx_hal_tim.o
                0x080032f6                HAL_TIM_ConfigClockSource
 *fill*         0x080033fe        0x2 
 .text.TIM_Base_SetConfig
                0x08003400      0x11c Drivers/STM32F4xx_HAL_Driver/Src/stm32f4xx_hal_tim.o
                0x08003400                TIM_Base_SetConfig
 .text.HAL_TIM_Base_Init
                0x0800351c       0x32 Drivers/STM32F4xx_HAL_Driver/Src/stm32f4xx_hal_tim.o
                0x0800351c                HAL_TIM_Base_Init
 .text.HAL_TIM_PWM_Init
                0x0800354e       0x32 Drivers/STM32F4xx_HAL_Driver/Src/stm32f4xx_hal_tim.o
                0x0800354e                HAL_TIM_PWM_Init
 .text.TIM_OC2_SetConfig
                0x08003580       0x70 Drivers/STM32F4xx_HAL_Driver/Src/stm32f4xx_hal_tim.o
                0x08003580                TIM_OC2_SetConfig
 .text.HAL_TIM_PWM_ConfigChannel
                0x080035f0       0xdc Drivers/STM32F4xx_HAL_Driver/Src/stm32f4xx_hal_tim.o
                0x080035f0                HAL_TIM_PWM_ConfigChannel
 .text.HAL_TIMEx_MasterConfigSynchronization
                0x080036cc       0x52 Drivers/STM32F4xx_HAL_Driver/Src/stm32f4xx_hal_tim_ex.o
                0x080036cc                HAL_TIMEx_MasterConfigSynchronization
 .text.HAL_TIMEx_ConfigBreakDeadTime
                0x0800371e       0x58 Drivers/STM32F4xx_HAL_Driver/Src/stm32f4xx_hal_tim_ex.o
                0x0800371e                HAL_TIMEx_ConfigBreakDeadTime
 .text.UART_EndTxTransfer
                0x08003776       0x12 Drivers/STM32F4xx_HAL_Driver/Src/stm32f4xx_hal_uart.o
 .text.UART_EndRxTransfer
                0x08003788       0x1c Drivers/STM32F4xx_HAL_Driver/Src/stm32f4xx_hal_uart.o
 .text.UART_Transmit_IT
                0x080037a4       0x6a Drivers/STM32F4xx_HAL_Driver/Src/stm32f4xx_hal_uart.o
 *fill*         0x0800380e        0x2 
 .text.UART_SetConfig
                0x08003810      0x344 Drivers/STM32F4xx_HAL_Driver/Src/stm32f4xx_hal_uart.o
 .text.UART_WaitOnFlagUntilTimeout
                0x08003b54       0x64 Drivers/STM32F4xx_HAL_Driver/Src/stm32f4xx_hal_uart.o
 .text.HAL_UART_Init
                0x08003bb8       0x5e Drivers/STM32F4xx_HAL_Driver/Src/stm32f4xx_hal_uart.o
                0x08003bb8                HAL_UART_Init
 .text.HAL_UART_Transmit
                0x08003c16       0xe2 Drivers/STM32F4xx_HAL_Driver/Src/stm32f4xx_hal_uart.o
                0x08003c16                HAL_UART_Transmit
 .text.HAL_UART_Transmit_DMA
                0x08003cf8       0x8c Drivers/STM32F4xx_HAL_Driver/Src/stm32f4xx_hal_uart.o
                0x08003cf8                HAL_UART_Transmit_DMA
 .text.HAL_UART_Receive_DMA
                0x08003d84       0xa8 Drivers/STM32F4xx_HAL_Driver/Src/stm32f4xx_hal_uart.o
                0x08003d84                HAL_UART_Receive_DMA
 .text.UART_DMATransmitCplt
                0x08003e2c       0x30 Drivers/STM32F4xx_HAL_Driver/Src/stm32f4xx_hal_uart.o
 .text.UART_EndTransmit_IT
                0x08003e5c       0x1a Drivers/STM32F4xx_HAL_Driver/Src/stm32f4xx_hal_uart.o
 .text.UART_DMATxHalfCplt
                0x08003e76        0xa Drivers/STM32F4xx_HAL_Driver/Src/stm32f4xx_hal_uart.o
 .text.UART_DMAReceiveCplt
                0x08003e80       0x3e Drivers/STM32F4xx_HAL_Driver/Src/stm32f4xx_hal_uart.o
 .text.UART_Receive_IT
                0x08003ebe       0x94 Drivers/STM32F4xx_HAL_Driver/Src/stm32f4xx_hal_uart.o
 .text.HAL_UART_RxHalfCpltCallback
                0x08003f52        0x2 Drivers/STM32F4xx_HAL_Driver/Src/stm32f4xx_hal_uart.o
                0x08003f52                HAL_UART_RxHalfCpltCallback
 .text.UART_DMARxHalfCplt
                0x08003f54        0xa Drivers/STM32F4xx_HAL_Driver/Src/stm32f4xx_hal_uart.o
 .text.HAL_UART_ErrorCallback
                0x08003f5e        0x2 Drivers/STM32F4xx_HAL_Driver/Src/stm32f4xx_hal_uart.o
                0x08003f5e                HAL_UART_ErrorCallback
 .text.UART_DMAError
                0x08003f60       0x58 Drivers/STM32F4xx_HAL_Driver/Src/stm32f4xx_hal_uart.o
 .text.HAL_UART_IRQHandler
                0x08003fb8      0x120 Drivers/STM32F4xx_HAL_Driver/Src/stm32f4xx_hal_uart.o
                0x08003fb8                HAL_UART_IRQHandler
 .text.UART_DMAAbortOnError
                0x080040d8       0x10 Drivers/STM32F4xx_HAL_Driver/Src/stm32f4xx_hal_uart.o
 .text.MPU9250_convertRawData
                0x080040e8      0x2b0 Src/MPU9250.o
                0x080040e8                MPU9250_convertRawData
 .text.MPU9250_getAccelX_mss
                0x08004398        0xc Src/MPU9250.o
                0x08004398                MPU9250_getAccelX_mss
 .text.MPU9250_getAccelY_mss
                0x080043a4        0xc Src/MPU9250.o
                0x080043a4                MPU9250_getAccelY_mss
 .text.MPU9250_getAccelZ_mss
                0x080043b0        0xc Src/MPU9250.o
                0x080043b0                MPU9250_getAccelZ_mss
 .text.MPU9250_getGyroX_rads
                0x080043bc        0xc Src/MPU9250.o
                0x080043bc                MPU9250_getGyroX_rads
 .text.MPU9250_getGyroY_rads
                0x080043c8        0xc Src/MPU9250.o
                0x080043c8                MPU9250_getGyroY_rads
 .text.MPU9250_getGyroZ_rads
                0x080043d4        0xc Src/MPU9250.o
                0x080043d4                MPU9250_getGyroZ_rads
 .text.MPU9250_getMagX_uT
                0x080043e0        0xc Src/MPU9250.o
                0x080043e0                MPU9250_getMagX_uT
 .text.MPU9250_getMagY_uT
                0x080043ec        0xc Src/MPU9250.o
                0x080043ec                MPU9250_getMagY_uT
 .text.MPU9250_getMagZ_uT
                0x080043f8        0xc Src/MPU9250.o
                0x080043f8                MPU9250_getMagZ_uT
 .text.MPU9250_PRIV_readRegisters
                0x08004404       0x38 Src/MPU9250.o
                0x08004404                MPU9250_PRIV_readRegisters
 .text.MPU9250_readSensor
                0x0800443c       0x24 Src/MPU9250.o
                0x0800443c                MPU9250_readSensor
 .text.MPU9250_PRIV_writeRegister
                0x08004460       0x5c Src/MPU9250.o
                0x08004460                MPU9250_PRIV_writeRegister
 .text.MPU9250_setAccelRange
                0x080044bc       0x98 Src/MPU9250.o
                0x080044bc                MPU9250_setAccelRange
 .text.MPU9250_setGyroRange
                0x08004554       0x98 Src/MPU9250.o
                0x08004554                MPU9250_setGyroRange
 .text.MPU9250_setDlpfBandwidth
                0x080045ec       0xf8 Src/MPU9250.o
                0x080045ec                MPU9250_setDlpfBandwidth
 .text.MPU9250_enableDataReadyInterrupt
                0x080046e4       0x2a Src/MPU9250.o
                0x080046e4                MPU9250_enableDataReadyInterrupt
 *fill*         0x0800470e        0x2 
 .text.MPU9250_PRIV_readAK8963Registers
                0x08004710       0x5c Src/MPU9250.o
                0x08004710                MPU9250_PRIV_readAK8963Registers
 .text.MPU9250_PRIV_writeAK8963Register
                0x0800476c       0x78 Src/MPU9250.o
                0x0800476c                MPU9250_PRIV_writeAK8963Register
 .text.MPU9250_setSrd
                0x080047e4       0xb4 Src/MPU9250.o
                0x080047e4                MPU9250_setSrd
 .text.MPU9250_calibrateGyro
                0x08004898      0x1a8 Src/MPU9250.o
                0x08004898                MPU9250_calibrateGyro
 .text.MPU9250_calibrateAccel
                0x08004a40      0x400 Src/MPU9250.o
                0x08004a40                MPU9250_calibrateAccel
 .text.MPU9250_calibrateMag
                0x08004e40      0x408 Src/MPU9250.o
                0x08004e40                MPU9250_calibrateMag
 .text.MPU9250_PRIV_whoAmI
                0x08005248       0x20 Src/MPU9250.o
                0x08005248                MPU9250_PRIV_whoAmI
 .text.MPU9250_PRIV_whoAmIAK8963
                0x08005268       0x20 Src/MPU9250.o
                0x08005268                MPU9250_PRIV_whoAmIAK8963
 .text.MPU9250_begin
                0x08005288      0x2d4 Src/MPU9250.o
                0x08005288                MPU9250_begin
 .text.Mahony_invSqrt
                0x0800555c       0x40 Src/MahonyAHRS.o
 .text.Mahony_begin
                0x0800559c       0x14 Src/MahonyAHRS.o
                0x0800559c                Mahony_begin
 .text.Mahony_updateIMU
                0x080055b0      0x234 Src/MahonyAHRS.o
                0x080055b0                Mahony_updateIMU
 .text.Mahony_update
                0x080057e4      0x398 Src/MahonyAHRS.o
                0x080057e4                Mahony_update
 .text.Mahony_computeAngles
                0x08005b7c       0xc8 Src/MahonyAHRS.o
                0x08005b7c                Mahony_computeAngles
 .text.Mahony_getRoll
                0x08005c44       0x2c Src/MahonyAHRS.o
                0x08005c44                Mahony_getRoll
 .text.Mahony_getPitch
                0x08005c70       0x2c Src/MahonyAHRS.o
                0x08005c70                Mahony_getPitch
 .text.Mahony_getYaw
                0x08005c9c       0x38 Src/MahonyAHRS.o
                0x08005c9c                Mahony_getYaw
 .text.MX_ADC1_Init
                0x08005cd4       0xa8 Src/adc.o
                0x08005cd4                MX_ADC1_Init
 .text.HAL_ADC_MspInit
                0x08005d7c       0xb4 Src/adc.o
                0x08005d7c                HAL_ADC_MspInit
 .text.MX_DMA_Init
                0x08005e30       0xb8 Src/dma.o
                0x08005e30                MX_DMA_Init
 .text.MX_GPIO_Init
                0x08005ee8      0x13c Src/gpio.o
                0x08005ee8                MX_GPIO_Init
 .text.MX_I2C1_Init
                0x08006024       0x44 Src/i2c.o
                0x08006024                MX_I2C1_Init
 .text.MX_I2C2_Init
                0x08006068       0x44 Src/i2c.o
                0x08006068                MX_I2C2_Init
 .text.HAL_I2C_MspInit
                0x080060ac      0x11c Src/i2c.o
                0x080060ac                HAL_I2C_MspInit
 .text.sbus_init
                0x080061c8       0x18 Src/main.o
                0x080061c8                sbus_init
 .text.HAL_UART_RxCpltCallback
                0x080061e0        0x2 Src/main.o
                0x080061e0                HAL_UART_RxCpltCallback
 .text.HAL_UART_TxHalfCpltCallback
                0x080061e2        0x2 Src/main.o
                0x080061e2                HAL_UART_TxHalfCpltCallback
 .text.HAL_UART_TxCpltCallback
                0x080061e4        0x2 Src/main.o
                0x080061e4                HAL_UART_TxCpltCallback
 *fill*         0x080061e6        0x2 
 .text.USART1_IRQCallback
                0x080061e8       0x34 Src/main.o
                0x080061e8                USART1_IRQCallback
 .text.UART5_IRQCallback
                0x0800621c       0x34 Src/main.o
                0x0800621c                UART5_IRQCallback
 .text.UART6_IRQCallback
                0x08006250       0x34 Src/main.o
                0x08006250                UART6_IRQCallback
 .text.HAL_I2C_MemRxCpltCallback
                0x08006284       0x44 Src/main.o
                0x08006284                HAL_I2C_MemRxCpltCallback
 .text.send_debug_string_blocking
                0x080062c8       0x1c Src/main.o
                0x080062c8                send_debug_string_blocking
 .text.send_debug_string_dma
                0x080062e4       0x18 Src/main.o
                0x080062e4                send_debug_string_dma
 .text.HAL_ADC_ConvCpltCallback
                0x080062fc       0x24 Src/main.o
                0x080062fc                HAL_ADC_ConvCpltCallback
 .text.ADC_Init
                0x08006320       0x20 Src/main.o
                0x08006320                ADC_Init
 .text.start_imu_dma_transfer
                0x08006340       0x34 Src/main.o
                0x08006340                start_imu_dma_transfer
 .text.HAL_GPIO_EXTI_Callback
                0x08006374       0x20 Src/main.o
                0x08006374                HAL_GPIO_EXTI_Callback
 .text.Microseconds_Timer_Init
                0x08006394       0x10 Src/main.o
                0x08006394                Microseconds_Timer_Init
 .text.reset_micros
                0x080063a4        0xa Src/main.o
                0x080063a4                reset_micros
 .text.get_micros
                0x080063ae        0x8 Src/main.o
                0x080063ae                get_micros
 *fill*         0x080063b6        0x2 
 .text.config_LEDs_for_GPIO
                0x080063b8       0x48 Src/main.o
                0x080063b8                config_LEDs_for_GPIO
 .text._Error_Handler
                0x08006400        0x2 Src/main.o
                0x08006400                _Error_Handler
 *fill*         0x08006402        0x2 
 .text.SystemClock_Config
                0x08006404       0xd8 Src/main.o
                0x08006404                SystemClock_Config
 *fill*         0x080064dc        0x4 
 .text.main     0x080064e0      0x344 Src/main.o
                0x080064e0                main
 .text.MX_SPI2_Init
                0x08006824       0x48 Src/spi.o
                0x08006824                MX_SPI2_Init
 .text.MX_SPI4_Init
                0x0800686c       0x48 Src/spi.o
                0x0800686c                MX_SPI4_Init
 .text.HAL_SPI_MspInit
                0x080068b4       0x98 Src/spi.o
                0x080068b4                HAL_SPI_MspInit
 .text.HAL_MspInit
                0x0800694c       0x94 Src/stm32f4xx_hal_msp.o
                0x0800694c                HAL_MspInit
 .text.NMI_Handler
                0x080069e0        0x2 Src/stm32f4xx_it.o
                0x080069e0                NMI_Handler
 .text.HardFault_Handler
                0x080069e2        0x2 Src/stm32f4xx_it.o
                0x080069e2                HardFault_Handler
 .text.MemManage_Handler
                0x080069e4        0x2 Src/stm32f4xx_it.o
                0x080069e4                MemManage_Handler
 .text.BusFault_Handler
                0x080069e6        0x2 Src/stm32f4xx_it.o
                0x080069e6                BusFault_Handler
 .text.UsageFault_Handler
                0x080069e8        0x2 Src/stm32f4xx_it.o
                0x080069e8                UsageFault_Handler
 .text.SVC_Handler
                0x080069ea        0x2 Src/stm32f4xx_it.o
                0x080069ea                SVC_Handler
 .text.DebugMon_Handler
                0x080069ec        0x2 Src/stm32f4xx_it.o
                0x080069ec                DebugMon_Handler
 .text.PendSV_Handler
                0x080069ee        0x2 Src/stm32f4xx_it.o
                0x080069ee                PendSV_Handler
 .text.SysTick_Handler
                0x080069f0        0xc Src/stm32f4xx_it.o
                0x080069f0                SysTick_Handler
 .text.DMA1_Stream0_IRQHandler
                0x080069fc       0x10 Src/stm32f4xx_it.o
                0x080069fc                DMA1_Stream0_IRQHandler
 .text.DMA1_Stream5_IRQHandler
                0x08006a0c       0x10 Src/stm32f4xx_it.o
                0x08006a0c                DMA1_Stream5_IRQHandler
 .text.DMA1_Stream6_IRQHandler
                0x08006a1c       0x10 Src/stm32f4xx_it.o
                0x08006a1c                DMA1_Stream6_IRQHandler
 .text.ADC_IRQHandler
                0x08006a2c       0x10 Src/stm32f4xx_it.o
                0x08006a2c                ADC_IRQHandler
 .text.USART1_IRQHandler
                0x08006a3c       0x18 Src/stm32f4xx_it.o
                0x08006a3c                USART1_IRQHandler
 .text.USART3_IRQHandler
                0x08006a54       0x10 Src/stm32f4xx_it.o
                0x08006a54                USART3_IRQHandler
 .text.EXTI15_10_IRQHandler
                0x08006a64       0x1c Src/stm32f4xx_it.o
                0x08006a64                EXTI15_10_IRQHandler
 .text.DMA1_Stream7_IRQHandler
                0x08006a80       0x10 Src/stm32f4xx_it.o
                0x08006a80                DMA1_Stream7_IRQHandler
 .text.UART5_IRQHandler
                0x08006a90       0x18 Src/stm32f4xx_it.o
                0x08006a90                UART5_IRQHandler
 .text.DMA2_Stream0_IRQHandler
                0x08006aa8       0x10 Src/stm32f4xx_it.o
                0x08006aa8                DMA2_Stream0_IRQHandler
 .text.DMA2_Stream1_IRQHandler
                0x08006ab8       0x10 Src/stm32f4xx_it.o
                0x08006ab8                DMA2_Stream1_IRQHandler
 .text.DMA2_Stream2_IRQHandler
                0x08006ac8       0x10 Src/stm32f4xx_it.o
                0x08006ac8                DMA2_Stream2_IRQHandler
 .text.DMA2_Stream7_IRQHandler
                0x08006ad8       0x10 Src/stm32f4xx_it.o
                0x08006ad8                DMA2_Stream7_IRQHandler
 .text.USART6_IRQHandler
                0x08006ae8       0x18 Src/stm32f4xx_it.o
                0x08006ae8                USART6_IRQHandler
 .text.SystemInit
                0x08006b00       0x4c Src/system_stm32f4xx.o
                0x08006b00                SystemInit
 .text.MX_TIM2_Init
                0x08006b4c       0x70 Src/tim.o
                0x08006b4c                MX_TIM2_Init
 .text.HAL_TIM_Base_MspInit
                0x08006bbc       0x98 Src/tim.o
                0x08006bbc                HAL_TIM_Base_MspInit
 .text.HAL_TIM_MspPostInit
                0x08006c54       0x84 Src/tim.o
                0x08006c54                HAL_TIM_MspPostInit
 .text.MX_TIM1_Init
                0x08006cd8      0x12c Src/tim.o
                0x08006cd8                MX_TIM1_Init
 .text.MX_TIM3_Init
                0x08006e04       0xb0 Src/tim.o
                0x08006e04                MX_TIM3_Init
 .text.MX_TIM4_Init
                0x08006eb4       0xc4 Src/tim.o
                0x08006eb4                MX_TIM4_Init
 .text.MX_UART5_Init
                0x08006f78       0x3c Src/usart.o
                0x08006f78                MX_UART5_Init
 .text.MX_USART1_UART_Init
                0x08006fb4       0x3c Src/usart.o
                0x08006fb4                MX_USART1_UART_Init
 .text.MX_USART3_UART_Init
                0x08006ff0       0x3c Src/usart.o
                0x08006ff0                MX_USART3_UART_Init
 .text.MX_USART6_UART_Init
                0x0800702c       0x4c Src/usart.o
                0x0800702c                MX_USART6_UART_Init
 .text.HAL_UART_MspInit
                0x08007078      0x2d4 Src/usart.o
                0x08007078                HAL_UART_MspInit
 .text.Reset_Handler
                0x0800734c       0x50 startup/startup_stm32f429xx.o
                0x0800734c                Reset_Handler
 .text.Default_Handler
                0x0800739c        0x2 startup/startup_stm32f429xx.o
                0x0800739c                RTC_Alarm_IRQHandler
                0x0800739c                HASH_RNG_IRQHandler
                0x0800739c                EXTI2_IRQHandler
                0x0800739c                TIM8_CC_IRQHandler
                0x0800739c                UART8_IRQHandler
                0x0800739c                SPI4_IRQHandler
                0x0800739c                TIM1_CC_IRQHandler
                0x0800739c                DMA2_Stream5_IRQHandler
                0x0800739c                PVD_IRQHandler
                0x0800739c                SDIO_IRQHandler
                0x0800739c                TAMP_STAMP_IRQHandler
                0x0800739c                CAN2_RX1_IRQHandler
                0x0800739c                EXTI3_IRQHandler
                0x0800739c                TIM8_TRG_COM_TIM14_IRQHandler
                0x0800739c                TIM1_UP_TIM10_IRQHandler
                0x0800739c                TIM8_UP_TIM13_IRQHandler
                0x0800739c                I2C3_ER_IRQHandler
                0x0800739c                EXTI0_IRQHandler
                0x0800739c                I2C2_EV_IRQHandler
                0x0800739c                DMA1_Stream2_IRQHandler
                0x0800739c                CAN1_RX0_IRQHandler
                0x0800739c                FPU_IRQHandler
                0x0800739c                OTG_HS_WKUP_IRQHandler
                0x0800739c                LTDC_ER_IRQHandler
                0x0800739c                CAN2_SCE_IRQHandler
                0x0800739c                SPI1_IRQHandler
                0x0800739c                TIM6_DAC_IRQHandler
                0x0800739c                TIM1_BRK_TIM9_IRQHandler
                0x0800739c                DCMI_IRQHandler
                0x0800739c                CAN2_RX0_IRQHandler
                0x0800739c                DMA2_Stream3_IRQHandler
                0x0800739c                CAN1_RX1_IRQHandler
                0x0800739c                TIM4_IRQHandler
                0x0800739c                I2C1_EV_IRQHandler
                0x0800739c                DMA1_Stream1_IRQHandler
                0x0800739c                UART4_IRQHandler
                0x0800739c                TIM3_IRQHandler
                0x0800739c                RCC_IRQHandler
                0x0800739c                TIM8_BRK_TIM12_IRQHandler
                0x0800739c                Default_Handler
                0x0800739c                SPI5_IRQHandler
                0x0800739c                TIM7_IRQHandler
                0x0800739c                CAN2_TX_IRQHandler
                0x0800739c                TIM5_IRQHandler
                0x0800739c                I2C3_EV_IRQHandler
                0x0800739c                EXTI9_5_IRQHandler
                0x0800739c                RTC_WKUP_IRQHandler
                0x0800739c                LTDC_IRQHandler
                0x0800739c                ETH_WKUP_IRQHandler
                0x0800739c                SPI2_IRQHandler
                0x0800739c                OTG_HS_EP1_IN_IRQHandler
                0x0800739c                CAN1_TX_IRQHandler
                0x0800739c                EXTI4_IRQHandler
                0x0800739c                ETH_IRQHandler
                0x0800739c                OTG_HS_EP1_OUT_IRQHandler
                0x0800739c                WWDG_IRQHandler
                0x0800739c                SPI6_IRQHandler
                0x0800739c                TIM2_IRQHandler
                0x0800739c                OTG_FS_WKUP_IRQHandler
                0x0800739c                TIM1_TRG_COM_TIM11_IRQHandler
                0x0800739c                OTG_HS_IRQHandler
                0x0800739c                DMA2D_IRQHandler
                0x0800739c                EXTI1_IRQHandler
                0x0800739c                UART7_IRQHandler
                0x0800739c                USART2_IRQHandler
                0x0800739c                I2C2_ER_IRQHandler
                0x0800739c                CAN1_SCE_IRQHandler
                0x0800739c                FLASH_IRQHandler
                0x0800739c                DMA2_Stream4_IRQHandler
                0x0800739c                OTG_FS_IRQHandler
                0x0800739c                SPI3_IRQHandler
                0x0800739c                DMA1_Stream4_IRQHandler
                0x0800739c                I2C1_ER_IRQHandler
                0x0800739c                FMC_IRQHandler
                0x0800739c                DMA2_Stream6_IRQHandler
                0x0800739c                SAI1_IRQHandler
                0x0800739c                DMA1_Stream3_IRQHandler
 *fill*         0x0800739e        0x2 
 .text.asinf    0x080073a0       0xb8 c:/ac6/systemworkbench/plugins/fr.ac6.mcu.externaltools.arm-none.win32_1.15.0.201708311556/tools/compiler/bin/../lib/gcc/arm-none-eabi/6.3.1/../../../../arm-none-eabi/lib/thumb/v7e-m/fpv4-sp/hard\libm.a(lib_a-wf_asin.o)
                0x080073a0                asinf
 .text.atan2f   0x08007458        0x4 c:/ac6/systemworkbench/plugins/fr.ac6.mcu.externaltools.arm-none.win32_1.15.0.201708311556/tools/compiler/bin/../lib/gcc/arm-none-eabi/6.3.1/../../../../arm-none-eabi/lib/thumb/v7e-m/fpv4-sp/hard\libm.a(lib_a-wf_atan2.o)
                0x08007458                atan2f
 .text.sqrtf    0x0800745c       0xac c:/ac6/systemworkbench/plugins/fr.ac6.mcu.externaltools.arm-none.win32_1.15.0.201708311556/tools/compiler/bin/../lib/gcc/arm-none-eabi/6.3.1/../../../../arm-none-eabi/lib/thumb/v7e-m/fpv4-sp/hard\libm.a(lib_a-wf_sqrt.o)
                0x0800745c                sqrtf
 .text.__ieee754_asinf
                0x08007508      0x1f8 c:/ac6/systemworkbench/plugins/fr.ac6.mcu.externaltools.arm-none.win32_1.15.0.201708311556/tools/compiler/bin/../lib/gcc/arm-none-eabi/6.3.1/../../../../arm-none-eabi/lib/thumb/v7e-m/fpv4-sp/hard\libm.a(lib_a-ef_asin.o)
                0x08007508                __ieee754_asinf
 .text.__ieee754_atan2f
                0x08007700      0x180 c:/ac6/systemworkbench/plugins/fr.ac6.mcu.externaltools.arm-none.win32_1.15.0.201708311556/tools/compiler/bin/../lib/gcc/arm-none-eabi/6.3.1/../../../../arm-none-eabi/lib/thumb/v7e-m/fpv4-sp/hard\libm.a(lib_a-ef_atan2.o)
                0x08007700                __ieee754_atan2f
 .text.__ieee754_sqrtf
                0x08007880        0x8 c:/ac6/systemworkbench/plugins/fr.ac6.mcu.externaltools.arm-none.win32_1.15.0.201708311556/tools/compiler/bin/../lib/gcc/arm-none-eabi/6.3.1/../../../../arm-none-eabi/lib/thumb/v7e-m/fpv4-sp/hard\libm.a(lib_a-ef_sqrt.o)
                0x08007880                __ieee754_sqrtf
 .text.matherr  0x08007888        0x4 c:/ac6/systemworkbench/plugins/fr.ac6.mcu.externaltools.arm-none.win32_1.15.0.201708311556/tools/compiler/bin/../lib/gcc/arm-none-eabi/6.3.1/../../../../arm-none-eabi/lib/thumb/v7e-m/fpv4-sp/hard\libm.a(lib_a-s_matherr.o)
                0x08007888                matherr
 *fill*         0x0800788c        0x4 
 .text.nan      0x08007890       0x10 c:/ac6/systemworkbench/plugins/fr.ac6.mcu.externaltools.arm-none.win32_1.15.0.201708311556/tools/compiler/bin/../lib/gcc/arm-none-eabi/6.3.1/../../../../arm-none-eabi/lib/thumb/v7e-m/fpv4-sp/hard\libm.a(lib_a-s_nan.o)
                0x08007890                nan
 .text.atanf    0x080078a0      0x1b0 c:/ac6/systemworkbench/plugins/fr.ac6.mcu.externaltools.arm-none.win32_1.15.0.201708311556/tools/compiler/bin/../lib/gcc/arm-none-eabi/6.3.1/../../../../arm-none-eabi/lib/thumb/v7e-m/fpv4-sp/hard\libm.a(lib_a-sf_atan.o)
                0x080078a0                atanf
 .text.fabsf    0x08007a50       0x10 c:/ac6/systemworkbench/plugins/fr.ac6.mcu.externaltools.arm-none.win32_1.15.0.201708311556/tools/compiler/bin/../lib/gcc/arm-none-eabi/6.3.1/../../../../arm-none-eabi/lib/thumb/v7e-m/fpv4-sp/hard\libm.a(lib_a-sf_fabs.o)
                0x08007a50                fabsf
 .text.__errno  0x08007a60        0xc c:/ac6/systemworkbench/plugins/fr.ac6.mcu.externaltools.arm-none.win32_1.15.0.201708311556/tools/compiler/bin/../lib/gcc/arm-none-eabi/6.3.1/../../../../arm-none-eabi/lib/thumb/v7e-m/fpv4-sp/hard\libc_nano.a(lib_a-errno.o)
                0x08007a60                __errno
 .text.__libc_init_array
                0x08007a6c       0x48 c:/ac6/systemworkbench/plugins/fr.ac6.mcu.externaltools.arm-none.win32_1.15.0.201708311556/tools/compiler/bin/../lib/gcc/arm-none-eabi/6.3.1/../../../../arm-none-eabi/lib/thumb/v7e-m/fpv4-sp/hard\libc_nano.a(lib_a-init.o)
                0x08007a6c                __libc_init_array
 .text.memcpy   0x08007ab4       0x16 c:/ac6/systemworkbench/plugins/fr.ac6.mcu.externaltools.arm-none.win32_1.15.0.201708311556/tools/compiler/bin/../lib/gcc/arm-none-eabi/6.3.1/../../../../arm-none-eabi/lib/thumb/v7e-m/fpv4-sp/hard\libc_nano.a(lib_a-memcpy-stub.o)
                0x08007ab4                memcpy
 .text.memset   0x08007aca       0x10 c:/ac6/systemworkbench/plugins/fr.ac6.mcu.externaltools.arm-none.win32_1.15.0.201708311556/tools/compiler/bin/../lib/gcc/arm-none-eabi/6.3.1/../../../../arm-none-eabi/lib/thumb/v7e-m/fpv4-sp/hard\libc_nano.a(lib_a-memset.o)
                0x08007aca                memset
 .text.__cvt    0x08007ada       0xc2 c:/ac6/systemworkbench/plugins/fr.ac6.mcu.externaltools.arm-none.win32_1.15.0.201708311556/tools/compiler/bin/../lib/gcc/arm-none-eabi/6.3.1/../../../../arm-none-eabi/lib/thumb/v7e-m/fpv4-sp/hard\libc_nano.a(lib_a-nano-vfprintf_float.o)
                0x08007ada                __cvt
 .text.__exponent
                0x08007b9c       0x6a c:/ac6/systemworkbench/plugins/fr.ac6.mcu.externaltools.arm-none.win32_1.15.0.201708311556/tools/compiler/bin/../lib/gcc/arm-none-eabi/6.3.1/../../../../arm-none-eabi/lib/thumb/v7e-m/fpv4-sp/hard\libc_nano.a(lib_a-nano-vfprintf_float.o)
                0x08007b9c                __exponent
 *fill*         0x08007c06        0x2 
 .text._printf_float
                0x08007c08      0x480 c:/ac6/systemworkbench/plugins/fr.ac6.mcu.externaltools.arm-none.win32_1.15.0.201708311556/tools/compiler/bin/../lib/gcc/arm-none-eabi/6.3.1/../../../../arm-none-eabi/lib/thumb/v7e-m/fpv4-sp/hard\libc_nano.a(lib_a-nano-vfprintf_float.o)
                0x08007c08                _printf_float
 .text._printf_common
                0x08008088       0xec c:/ac6/systemworkbench/plugins/fr.ac6.mcu.externaltools.arm-none.win32_1.15.0.201708311556/tools/compiler/bin/../lib/gcc/arm-none-eabi/6.3.1/../../../../arm-none-eabi/lib/thumb/v7e-m/fpv4-sp/hard\libc_nano.a(lib_a-nano-vfprintf_i.o)
                0x08008088                _printf_common
 .text._printf_i
                0x08008174      0x240 c:/ac6/systemworkbench/plugins/fr.ac6.mcu.externaltools.arm-none.win32_1.15.0.201708311556/tools/compiler/bin/../lib/gcc/arm-none-eabi/6.3.1/../../../../arm-none-eabi/lib/thumb/v7e-m/fpv4-sp/hard\libc_nano.a(lib_a-nano-vfprintf_i.o)
                0x08008174                _printf_i
 .text.sprintf  0x080083b4       0x48 c:/ac6/systemworkbench/plugins/fr.ac6.mcu.externaltools.arm-none.win32_1.15.0.201708311556/tools/compiler/bin/../lib/gcc/arm-none-eabi/6.3.1/../../../../arm-none-eabi/lib/thumb/v7e-m/fpv4-sp/hard\libc_nano.a(lib_a-sprintf.o)
                0x080083b4                siprintf
                0x080083b4                sprintf
 .text.quorem   0x080083fc      0x118 c:/ac6/systemworkbench/plugins/fr.ac6.mcu.externaltools.arm-none.win32_1.15.0.201708311556/tools/compiler/bin/../lib/gcc/arm-none-eabi/6.3.1/../../../../arm-none-eabi/lib/thumb/v7e-m/fpv4-sp/hard\libc_nano.a(lib_a-dtoa.o)
 *fill*         0x08008514        0x4 
 .text._dtoa_r  0x08008518      0xb9c c:/ac6/systemworkbench/plugins/fr.ac6.mcu.externaltools.arm-none.win32_1.15.0.201708311556/tools/compiler/bin/../lib/gcc/arm-none-eabi/6.3.1/../../../../arm-none-eabi/lib/thumb/v7e-m/fpv4-sp/hard\libc_nano.a(lib_a-dtoa.o)
                0x08008518                _dtoa_r
 .text._localeconv_r
                0x080090b4       0x1c c:/ac6/systemworkbench/plugins/fr.ac6.mcu.externaltools.arm-none.win32_1.15.0.201708311556/tools/compiler/bin/../lib/gcc/arm-none-eabi/6.3.1/../../../../arm-none-eabi/lib/thumb/v7e-m/fpv4-sp/hard\libc_nano.a(lib_a-localeconv.o)
                0x080090b4                _localeconv_r
 .text.malloc   0x080090d0       0x10 c:/ac6/systemworkbench/plugins/fr.ac6.mcu.externaltools.arm-none.win32_1.15.0.201708311556/tools/compiler/bin/../lib/gcc/arm-none-eabi/6.3.1/../../../../arm-none-eabi/lib/thumb/v7e-m/fpv4-sp/hard\libc_nano.a(lib_a-malloc.o)
                0x080090d0                malloc
 .text._Balloc  0x080090e0       0x68 c:/ac6/systemworkbench/plugins/fr.ac6.mcu.externaltools.arm-none.win32_1.15.0.201708311556/tools/compiler/bin/../lib/gcc/arm-none-eabi/6.3.1/../../../../arm-none-eabi/lib/thumb/v7e-m/fpv4-sp/hard\libc_nano.a(lib_a-mprec.o)
                0x080090e0                _Balloc
 .text._Bfree   0x08009148       0x2e c:/ac6/systemworkbench/plugins/fr.ac6.mcu.externaltools.arm-none.win32_1.15.0.201708311556/tools/compiler/bin/../lib/gcc/arm-none-eabi/6.3.1/../../../../arm-none-eabi/lib/thumb/v7e-m/fpv4-sp/hard\libc_nano.a(lib_a-mprec.o)
                0x08009148                _Bfree
 .text.__multadd
                0x08009176       0x76 c:/ac6/systemworkbench/plugins/fr.ac6.mcu.externaltools.arm-none.win32_1.15.0.201708311556/tools/compiler/bin/../lib/gcc/arm-none-eabi/6.3.1/../../../../arm-none-eabi/lib/thumb/v7e-m/fpv4-sp/hard\libc_nano.a(lib_a-mprec.o)
                0x08009176                __multadd
 .text.__hi0bits
                0x080091ec       0x3e c:/ac6/systemworkbench/plugins/fr.ac6.mcu.externaltools.arm-none.win32_1.15.0.201708311556/tools/compiler/bin/../lib/gcc/arm-none-eabi/6.3.1/../../../../arm-none-eabi/lib/thumb/v7e-m/fpv4-sp/hard\libc_nano.a(lib_a-mprec.o)
                0x080091ec                __hi0bits
 .text.__lo0bits
                0x0800922a       0x5e c:/ac6/systemworkbench/plugins/fr.ac6.mcu.externaltools.arm-none.win32_1.15.0.201708311556/tools/compiler/bin/../lib/gcc/arm-none-eabi/6.3.1/../../../../arm-none-eabi/lib/thumb/v7e-m/fpv4-sp/hard\libc_nano.a(lib_a-mprec.o)
                0x0800922a                __lo0bits
 .text.__i2b    0x08009288       0x12 c:/ac6/systemworkbench/plugins/fr.ac6.mcu.externaltools.arm-none.win32_1.15.0.201708311556/tools/compiler/bin/../lib/gcc/arm-none-eabi/6.3.1/../../../../arm-none-eabi/lib/thumb/v7e-m/fpv4-sp/hard\libc_nano.a(lib_a-mprec.o)
                0x08009288                __i2b
 .text.__multiply
                0x0800929a      0x11a c:/ac6/systemworkbench/plugins/fr.ac6.mcu.externaltools.arm-none.win32_1.15.0.201708311556/tools/compiler/bin/../lib/gcc/arm-none-eabi/6.3.1/../../../../arm-none-eabi/lib/thumb/v7e-m/fpv4-sp/hard\libc_nano.a(lib_a-mprec.o)
                0x0800929a                __multiply
 .text.__pow5mult
                0x080093b4       0x9c c:/ac6/systemworkbench/plugins/fr.ac6.mcu.externaltools.arm-none.win32_1.15.0.201708311556/tools/compiler/bin/../lib/gcc/arm-none-eabi/6.3.1/../../../../arm-none-eabi/lib/thumb/v7e-m/fpv4-sp/hard\libc_nano.a(lib_a-mprec.o)
                0x080093b4                __pow5mult
 .text.__lshift
                0x08009450       0xa2 c:/ac6/systemworkbench/plugins/fr.ac6.mcu.externaltools.arm-none.win32_1.15.0.201708311556/tools/compiler/bin/../lib/gcc/arm-none-eabi/6.3.1/../../../../arm-none-eabi/lib/thumb/v7e-m/fpv4-sp/hard\libc_nano.a(lib_a-mprec.o)
                0x08009450                __lshift
 .text.__mcmp   0x080094f2       0x34 c:/ac6/systemworkbench/plugins/fr.ac6.mcu.externaltools.arm-none.win32_1.15.0.201708311556/tools/compiler/bin/../lib/gcc/arm-none-eabi/6.3.1/../../../../arm-none-eabi/lib/thumb/v7e-m/fpv4-sp/hard\libc_nano.a(lib_a-mprec.o)
                0x080094f2                __mcmp
 .text.__mdiff  0x08009526       0xbc c:/ac6/systemworkbench/plugins/fr.ac6.mcu.externaltools.arm-none.win32_1.15.0.201708311556/tools/compiler/bin/../lib/gcc/arm-none-eabi/6.3.1/../../../../arm-none-eabi/lib/thumb/v7e-m/fpv4-sp/hard\libc_nano.a(lib_a-mprec.o)
                0x08009526                __mdiff
 .text.__d2b    0x080095e2       0x9e c:/ac6/systemworkbench/plugins/fr.ac6.mcu.externaltools.arm-none.win32_1.15.0.201708311556/tools/compiler/bin/../lib/gcc/arm-none-eabi/6.3.1/../../../../arm-none-eabi/lib/thumb/v7e-m/fpv4-sp/hard\libc_nano.a(lib_a-mprec.o)
                0x080095e2                __d2b
 .text._calloc_r
                0x08009680       0x1c c:/ac6/systemworkbench/plugins/fr.ac6.mcu.externaltools.arm-none.win32_1.15.0.201708311556/tools/compiler/bin/../lib/gcc/arm-none-eabi/6.3.1/../../../../arm-none-eabi/lib/thumb/v7e-m/fpv4-sp/hard\libc_nano.a(lib_a-nano-callocr.o)
                0x08009680                _calloc_r
 .text._free_r  0x0800969c       0x9c c:/ac6/systemworkbench/plugins/fr.ac6.mcu.externaltools.arm-none.win32_1.15.0.201708311556/tools/compiler/bin/../lib/gcc/arm-none-eabi/6.3.1/../../../../arm-none-eabi/lib/thumb/v7e-m/fpv4-sp/hard\libc_nano.a(lib_a-nano-freer.o)
                0x0800969c                _free_r
 .text._malloc_r
                0x08009738       0xbc c:/ac6/systemworkbench/plugins/fr.ac6.mcu.externaltools.arm-none.win32_1.15.0.201708311556/tools/compiler/bin/../lib/gcc/arm-none-eabi/6.3.1/../../../../arm-none-eabi/lib/thumb/v7e-m/fpv4-sp/hard\libc_nano.a(lib_a-nano-mallocr.o)
                0x08009738                _malloc_r
 .text.__ssputs_r
                0x080097f4       0xb6 c:/ac6/systemworkbench/plugins/fr.ac6.mcu.externaltools.arm-none.win32_1.15.0.201708311556/tools/compiler/bin/../lib/gcc/arm-none-eabi/6.3.1/../../../../arm-none-eabi/lib/thumb/v7e-m/fpv4-sp/hard\libc_nano.a(lib_a-nano-svfprintf.o)
                0x080097f4                __ssputs_r
 *fill*         0x080098aa        0x2 
 .text._svfprintf_r
                0x080098ac      0x1e8 c:/ac6/systemworkbench/plugins/fr.ac6.mcu.externaltools.arm-none.win32_1.15.0.201708311556/tools/compiler/bin/../lib/gcc/arm-none-eabi/6.3.1/../../../../arm-none-eabi/lib/thumb/v7e-m/fpv4-sp/hard\libc_nano.a(lib_a-nano-svfprintf.o)
                0x080098ac                _svfiprintf_r
                0x080098ac                _svfprintf_r
 .text._sbrk_r  0x08009a94       0x20 c:/ac6/systemworkbench/plugins/fr.ac6.mcu.externaltools.arm-none.win32_1.15.0.201708311556/tools/compiler/bin/../lib/gcc/arm-none-eabi/6.3.1/../../../../arm-none-eabi/lib/thumb/v7e-m/fpv4-sp/hard\libc_nano.a(lib_a-sbrkr.o)
                0x08009a94                _sbrk_r
 .text.__ascii_mbtowc
                0x08009ab4       0x24 c:/ac6/systemworkbench/plugins/fr.ac6.mcu.externaltools.arm-none.win32_1.15.0.201708311556/tools/compiler/bin/../lib/gcc/arm-none-eabi/6.3.1/../../../../arm-none-eabi/lib/thumb/v7e-m/fpv4-sp/hard\libc_nano.a(lib_a-mbtowc_r.o)
                0x08009ab4                __ascii_mbtowc
 .text.memmove  0x08009ad8       0x34 c:/ac6/systemworkbench/plugins/fr.ac6.mcu.externaltools.arm-none.win32_1.15.0.201708311556/tools/compiler/bin/../lib/gcc/arm-none-eabi/6.3.1/../../../../arm-none-eabi/lib/thumb/v7e-m/fpv4-sp/hard\libc_nano.a(lib_a-memmove.o)
                0x08009ad8                memmove
 .text.__malloc_lock
                0x08009b0c        0x2 c:/ac6/systemworkbench/plugins/fr.ac6.mcu.externaltools.arm-none.win32_1.15.0.201708311556/tools/compiler/bin/../lib/gcc/arm-none-eabi/6.3.1/../../../../arm-none-eabi/lib/thumb/v7e-m/fpv4-sp/hard\libc_nano.a(lib_a-mlock.o)
                0x08009b0c                __malloc_lock
 .text.__malloc_unlock
                0x08009b0e        0x2 c:/ac6/systemworkbench/plugins/fr.ac6.mcu.externaltools.arm-none.win32_1.15.0.201708311556/tools/compiler/bin/../lib/gcc/arm-none-eabi/6.3.1/../../../../arm-none-eabi/lib/thumb/v7e-m/fpv4-sp/hard\libc_nano.a(lib_a-mlock.o)
                0x08009b0e                __malloc_unlock
 .text._realloc_r
                0x08009b10       0x4c c:/ac6/systemworkbench/plugins/fr.ac6.mcu.externaltools.arm-none.win32_1.15.0.201708311556/tools/compiler/bin/../lib/gcc/arm-none-eabi/6.3.1/../../../../arm-none-eabi/lib/thumb/v7e-m/fpv4-sp/hard\libc_nano.a(lib_a-nano-reallocr.o)
                0x08009b10                _realloc_r
 .text.__ascii_wctomb
                0x08009b5c       0x1a c:/ac6/systemworkbench/plugins/fr.ac6.mcu.externaltools.arm-none.win32_1.15.0.201708311556/tools/compiler/bin/../lib/gcc/arm-none-eabi/6.3.1/../../../../arm-none-eabi/lib/thumb/v7e-m/fpv4-sp/hard\libc_nano.a(lib_a-wctomb_r.o)
                0x08009b5c                __ascii_wctomb
 .text._malloc_usable_size_r
                0x08009b76       0x12 c:/ac6/systemworkbench/plugins/fr.ac6.mcu.externaltools.arm-none.win32_1.15.0.201708311556/tools/compiler/bin/../lib/gcc/arm-none-eabi/6.3.1/../../../../arm-none-eabi/lib/thumb/v7e-m/fpv4-sp/hard\libc_nano.a(lib_a-nano-msizer.o)
                0x08009b76                _malloc_usable_size_r
 .text._sbrk    0x08009b88       0x1c c:/ac6/systemworkbench/plugins/fr.ac6.mcu.externaltools.arm-none.win32_1.15.0.201708311556/tools/compiler/bin/../lib/gcc/arm-none-eabi/6.3.1/../../../../arm-none-eabi/lib/thumb/v7e-m/fpv4-sp/hard\libnosys.a(sbrk.o)
                0x08009b88                _sbrk
 *(.glue_7)
 .glue_7        0x08009ba4        0x0 linker stubs
 *(.glue_7t)
 .glue_7t       0x08009ba4        0x0 linker stubs
 *(.eh_frame)
 .eh_frame      0x08009ba4        0x0 c:/ac6/systemworkbench/plugins/fr.ac6.mcu.externaltools.arm-none.win32_1.15.0.201708311556/tools/compiler/bin/../lib/gcc/arm-none-eabi/6.3.1/thumb/v7e-m/fpv4-sp/hard/crtbegin.o
 *(.init)
 .init          0x08009ba4        0x4 c:/ac6/systemworkbench/plugins/fr.ac6.mcu.externaltools.arm-none.win32_1.15.0.201708311556/tools/compiler/bin/../lib/gcc/arm-none-eabi/6.3.1/thumb/v7e-m/fpv4-sp/hard/crti.o
                0x08009ba4                _init
 .init          0x08009ba8        0x8 c:/ac6/systemworkbench/plugins/fr.ac6.mcu.externaltools.arm-none.win32_1.15.0.201708311556/tools/compiler/bin/../lib/gcc/arm-none-eabi/6.3.1/thumb/v7e-m/fpv4-sp/hard/crtn.o
 *(.fini)
 .fini          0x08009bb0        0x4 c:/ac6/systemworkbench/plugins/fr.ac6.mcu.externaltools.arm-none.win32_1.15.0.201708311556/tools/compiler/bin/../lib/gcc/arm-none-eabi/6.3.1/thumb/v7e-m/fpv4-sp/hard/crti.o
                0x08009bb0                _fini
 .fini          0x08009bb4        0x8 c:/ac6/systemworkbench/plugins/fr.ac6.mcu.externaltools.arm-none.win32_1.15.0.201708311556/tools/compiler/bin/../lib/gcc/arm-none-eabi/6.3.1/thumb/v7e-m/fpv4-sp/hard/crtn.o
                0x08009bbc                . = ALIGN (0x4)
                0x08009bbc                _etext = .

.vfp11_veneer   0x08009bbc        0x0
 .vfp11_veneer  0x08009bbc        0x0 linker stubs

.v4_bx          0x08009bbc        0x0
 .v4_bx         0x08009bbc        0x0 linker stubs

.iplt           0x08009bbc        0x0
 .iplt          0x08009bbc        0x0 c:/ac6/systemworkbench/plugins/fr.ac6.mcu.externaltools.arm-none.win32_1.15.0.201708311556/tools/compiler/bin/../lib/gcc/arm-none-eabi/6.3.1/thumb/v7e-m/fpv4-sp/hard/crtbegin.o

.rodata         0x08009bc0      0x3f0
                0x08009bc0                . = ALIGN (0x4)
 *(.rodata)
 .rodata        0x08009bc0        0x8 Drivers/STM32F4xx_HAL_Driver/Src/stm32f4xx_hal_dma.o
 .rodata        0x08009bc8       0x18 Src/system_stm32f4xx.o
                0x08009bc8                AHBPrescTable
                0x08009bd8                APBPrescTable
 *(.rodata*)
 .rodata.str1.4
                0x08009be0        0xd Src/adc.o
 *fill*         0x08009bed        0x3 
 .rodata.str1.4
                0x08009bf0        0xd Src/i2c.o
 *fill*         0x08009bfd        0x3 
 .rodata.str1.4
                0x08009c00       0xf1 Src/main.o
 *fill*         0x08009cf1        0x3 
 .rodata.str1.4
                0x08009cf4        0xd Src/spi.o
 *fill*         0x08009d01        0x3 
 .rodata.str1.4
                0x08009d04        0xd Src/tim.o
 *fill*         0x08009d11        0x3 
 .rodata.str1.4
                0x08009d14        0xf Src/usart.o
 *fill*         0x08009d23        0x1 
 .rodata.asinf.str1.4
                0x08009d24        0x6 c:/ac6/systemworkbench/plugins/fr.ac6.mcu.externaltools.arm-none.win32_1.15.0.201708311556/tools/compiler/bin/../lib/gcc/arm-none-eabi/6.3.1/../../../../arm-none-eabi/lib/thumb/v7e-m/fpv4-sp/hard\libm.a(lib_a-wf_asin.o)
                                  0x9 (size before relaxing)
 *fill*         0x08009d2a        0x2 
 .rodata.sqrtf.str1.4
                0x08009d2c        0x8 c:/ac6/systemworkbench/plugins/fr.ac6.mcu.externaltools.arm-none.win32_1.15.0.201708311556/tools/compiler/bin/../lib/gcc/arm-none-eabi/6.3.1/../../../../arm-none-eabi/lib/thumb/v7e-m/fpv4-sp/hard\libm.a(lib_a-wf_sqrt.o)
                                  0x6 (size before relaxing)
 .rodata.atanhi
                0x08009d34       0x10 c:/ac6/systemworkbench/plugins/fr.ac6.mcu.externaltools.arm-none.win32_1.15.0.201708311556/tools/compiler/bin/../lib/gcc/arm-none-eabi/6.3.1/../../../../arm-none-eabi/lib/thumb/v7e-m/fpv4-sp/hard\libm.a(lib_a-sf_atan.o)
 .rodata.atanlo
                0x08009d44       0x10 c:/ac6/systemworkbench/plugins/fr.ac6.mcu.externaltools.arm-none.win32_1.15.0.201708311556/tools/compiler/bin/../lib/gcc/arm-none-eabi/6.3.1/../../../../arm-none-eabi/lib/thumb/v7e-m/fpv4-sp/hard\libm.a(lib_a-sf_atan.o)
 .rodata._printf_float.str1.1
                0x08009d54       0x12 c:/ac6/systemworkbench/plugins/fr.ac6.mcu.externaltools.arm-none.win32_1.15.0.201708311556/tools/compiler/bin/../lib/gcc/arm-none-eabi/6.3.1/../../../../arm-none-eabi/lib/thumb/v7e-m/fpv4-sp/hard\libc_nano.a(lib_a-nano-vfprintf_float.o)
 .rodata._printf_i.str1.1
                0x08009d66       0x22 c:/ac6/systemworkbench/plugins/fr.ac6.mcu.externaltools.arm-none.win32_1.15.0.201708311556/tools/compiler/bin/../lib/gcc/arm-none-eabi/6.3.1/../../../../arm-none-eabi/lib/thumb/v7e-m/fpv4-sp/hard\libc_nano.a(lib_a-nano-vfprintf_i.o)
 .rodata._dtoa_r.str1.1
                0x08009d88        0xd c:/ac6/systemworkbench/plugins/fr.ac6.mcu.externaltools.arm-none.win32_1.15.0.201708311556/tools/compiler/bin/../lib/gcc/arm-none-eabi/6.3.1/../../../../arm-none-eabi/lib/thumb/v7e-m/fpv4-sp/hard\libc_nano.a(lib_a-dtoa.o)
                                  0xf (size before relaxing)
 *fill*         0x08009d95        0x3 
 .rodata.__mprec_bigtens
                0x08009d98       0x28 c:/ac6/systemworkbench/plugins/fr.ac6.mcu.externaltools.arm-none.win32_1.15.0.201708311556/tools/compiler/bin/../lib/gcc/arm-none-eabi/6.3.1/../../../../arm-none-eabi/lib/thumb/v7e-m/fpv4-sp/hard\libc_nano.a(lib_a-mprec.o)
                0x08009d98                __mprec_bigtens
 .rodata.__mprec_tens
                0x08009dc0       0xc8 c:/ac6/systemworkbench/plugins/fr.ac6.mcu.externaltools.arm-none.win32_1.15.0.201708311556/tools/compiler/bin/../lib/gcc/arm-none-eabi/6.3.1/../../../../arm-none-eabi/lib/thumb/v7e-m/fpv4-sp/hard\libc_nano.a(lib_a-mprec.o)
                0x08009dc0                __mprec_tens
 .rodata.p05.7170
                0x08009e88        0xc c:/ac6/systemworkbench/plugins/fr.ac6.mcu.externaltools.arm-none.win32_1.15.0.201708311556/tools/compiler/bin/../lib/gcc/arm-none-eabi/6.3.1/../../../../arm-none-eabi/lib/thumb/v7e-m/fpv4-sp/hard\libc_nano.a(lib_a-mprec.o)
 .rodata._svfprintf_r.str1.1
                0x08009e94       0x11 c:/ac6/systemworkbench/plugins/fr.ac6.mcu.externaltools.arm-none.win32_1.15.0.201708311556/tools/compiler/bin/../lib/gcc/arm-none-eabi/6.3.1/../../../../arm-none-eabi/lib/thumb/v7e-m/fpv4-sp/hard\libc_nano.a(lib_a-nano-svfprintf.o)
 .rodata._setlocale_r.str1.1
                0x08009ea5        0x8 c:/ac6/systemworkbench/plugins/fr.ac6.mcu.externaltools.arm-none.win32_1.15.0.201708311556/tools/compiler/bin/../lib/gcc/arm-none-eabi/6.3.1/../../../../arm-none-eabi/lib/thumb/v7e-m/fpv4-sp/hard\libc_nano.a(lib_a-locale.o)
                                  0x9 (size before relaxing)
 .rodata.str1.1
                0x08009ead        0x2 c:/ac6/systemworkbench/plugins/fr.ac6.mcu.externaltools.arm-none.win32_1.15.0.201708311556/tools/compiler/bin/../lib/gcc/arm-none-eabi/6.3.1/../../../../arm-none-eabi/lib/thumb/v7e-m/fpv4-sp/hard\libc_nano.a(lib_a-locale.o)
 .rodata._ctype_
                0x08009eaf      0x101 c:/ac6/systemworkbench/plugins/fr.ac6.mcu.externaltools.arm-none.win32_1.15.0.201708311556/tools/compiler/bin/../lib/gcc/arm-none-eabi/6.3.1/../../../../arm-none-eabi/lib/thumb/v7e-m/fpv4-sp/hard\libc_nano.a(lib_a-ctype_.o)
                0x08009eaf                _ctype_
                0x08009fb0                . = ALIGN (0x4)

.ARM.extab
 *(.ARM.extab* .gnu.linkonce.armextab.*)

.ARM            0x08009fb0        0x8
                0x08009fb0                __exidx_start = .
 *(.ARM.exidx*)
 .ARM.exidx     0x08009fb0        0x8 c:/ac6/systemworkbench/plugins/fr.ac6.mcu.externaltools.arm-none.win32_1.15.0.201708311556/tools/compiler/bin/../lib/gcc/arm-none-eabi/6.3.1/thumb/v7e-m/fpv4-sp/hard\libgcc.a(_udivmoddi4.o)
                0x08009fb8                __exidx_end = .

.rel.dyn        0x08009fb8        0x0
 .rel.iplt      0x08009fb8        0x0 c:/ac6/systemworkbench/plugins/fr.ac6.mcu.externaltools.arm-none.win32_1.15.0.201708311556/tools/compiler/bin/../lib/gcc/arm-none-eabi/6.3.1/thumb/v7e-m/fpv4-sp/hard/crtbegin.o

.preinit_array  0x08009fb8        0x0
                0x08009fb8                PROVIDE (__preinit_array_start, .)
 *(.preinit_array*)
                0x08009fb8                PROVIDE (__preinit_array_end, .)

.init_array     0x08009fb8        0x4
                0x08009fb8                PROVIDE (__init_array_start, .)
 *(SORT(.init_array.*))
 *(.init_array*)
 .init_array    0x08009fb8        0x4 c:/ac6/systemworkbench/plugins/fr.ac6.mcu.externaltools.arm-none.win32_1.15.0.201708311556/tools/compiler/bin/../lib/gcc/arm-none-eabi/6.3.1/thumb/v7e-m/fpv4-sp/hard/crtbegin.o
                0x08009fbc                PROVIDE (__init_array_end, .)

.fini_array     0x08009fbc        0x4
                [!provide]                PROVIDE (__fini_array_start, .)
 *(SORT(.fini_array.*))
 *(.fini_array*)
 .fini_array    0x08009fbc        0x4 c:/ac6/systemworkbench/plugins/fr.ac6.mcu.externaltools.arm-none.win32_1.15.0.201708311556/tools/compiler/bin/../lib/gcc/arm-none-eabi/6.3.1/thumb/v7e-m/fpv4-sp/hard/crtbegin.o
                [!provide]                PROVIDE (__fini_array_end, .)
                0x08009fc0                _sidata = LOADADDR (.data)

.data           0x20000000      0x218 load address 0x08009fc0
                0x20000000                . = ALIGN (0x4)
                0x20000000                _sdata = .
 *(.data)
 .data          0x20000000        0x8 Drivers/STM32F4xx_HAL_Driver/Src/stm32f4xx_hal.o
                0x20000000                uwTickFreq
                0x20000004                uwTickPrio
 .data          0x20000008       0x2a Src/MPU9250.o
                0x20000008                _axs
                0x2000000c                _ays
                0x20000010                _azs
                0x20000014                _hxs
                0x20000018                _hys
                0x2000001c                _hzs
                0x20000020                _address
                0x20000024                _numSamples
                0x20000028                _coeff
                0x2000002c                _deltaThresh
                0x20000030                _maxCounts
 *fill*         0x20000032        0x2 
 .data          0x20000034        0xc Src/MahonyAHRS.o
                0x20000034                invSampleFreq
                0x20000038                q0
                0x2000003c                twoKp
 .data          0x20000040        0x4 Src/system_stm32f4xx.o
                0x20000040                SystemCoreClock
 *(.data*)
 .data.__fdlib_version
                0x20000044        0x1 c:/ac6/systemworkbench/plugins/fr.ac6.mcu.externaltools.arm-none.win32_1.15.0.201708311556/tools/compiler/bin/../lib/gcc/arm-none-eabi/6.3.1/../../../../arm-none-eabi/lib/thumb/v7e-m/fpv4-sp/hard\libm.a(lib_a-s_lib_ver.o)
                0x20000044                __fdlib_version
 *fill*         0x20000045        0x3 
 .data._impure_ptr
                0x20000048        0x4 c:/ac6/systemworkbench/plugins/fr.ac6.mcu.externaltools.arm-none.win32_1.15.0.201708311556/tools/compiler/bin/../lib/gcc/arm-none-eabi/6.3.1/../../../../arm-none-eabi/lib/thumb/v7e-m/fpv4-sp/hard\libc_nano.a(lib_a-impure.o)
                0x20000048                _impure_ptr
 .data.impure_data
                0x2000004c       0x60 c:/ac6/systemworkbench/plugins/fr.ac6.mcu.externaltools.arm-none.win32_1.15.0.201708311556/tools/compiler/bin/../lib/gcc/arm-none-eabi/6.3.1/../../../../arm-none-eabi/lib/thumb/v7e-m/fpv4-sp/hard\libc_nano.a(lib_a-impure.o)
 .data.__global_locale
                0x200000ac      0x16c c:/ac6/systemworkbench/plugins/fr.ac6.mcu.externaltools.arm-none.win32_1.15.0.201708311556/tools/compiler/bin/../lib/gcc/arm-none-eabi/6.3.1/../../../../arm-none-eabi/lib/thumb/v7e-m/fpv4-sp/hard\libc_nano.a(lib_a-locale.o)
                0x200000ac                __global_locale
                0x20000218                . = ALIGN (0x4)
                0x20000218                _edata = .
                0x0800a1d8                _siccmram = LOADADDR (.ccmram)

.jcr            0x20000218        0x0 load address 0x0800a1d8
 .jcr           0x20000218        0x0 c:/ac6/systemworkbench/plugins/fr.ac6.mcu.externaltools.arm-none.win32_1.15.0.201708311556/tools/compiler/bin/../lib/gcc/arm-none-eabi/6.3.1/thumb/v7e-m/fpv4-sp/hard/crtbegin.o

.igot.plt       0x20000218        0x0 load address 0x0800a1d8
 .igot.plt      0x20000218        0x0 c:/ac6/systemworkbench/plugins/fr.ac6.mcu.externaltools.arm-none.win32_1.15.0.201708311556/tools/compiler/bin/../lib/gcc/arm-none-eabi/6.3.1/thumb/v7e-m/fpv4-sp/hard/crtbegin.o

.ccmram         0x10000000        0x0 load address 0x0800a1d8
                0x10000000                . = ALIGN (0x4)
                0x10000000                _sccmram = .
 *(.ccmram)
 *(.ccmram*)
                0x10000000                . = ALIGN (0x4)
                0x10000000                _eccmram = .
                0x10000000                . = ALIGN (0x4)

.bss            0x20000218     0x1ca4
                0x20000218                _sbss = .
                0x20000218                __bss_start__ = _sbss
 *(.bss)
 .bss           0x20000218       0x1c c:/ac6/systemworkbench/plugins/fr.ac6.mcu.externaltools.arm-none.win32_1.15.0.201708311556/tools/compiler/bin/../lib/gcc/arm-none-eabi/6.3.1/thumb/v7e-m/fpv4-sp/hard/crtbegin.o
 .bss           0x20000234       0x1d Src/MahonyAHRS.o
                0x20000234                q1
                0x20000238                q3
                0x2000023c                q2
                0x20000240                twoKi
                0x20000244                integralFBx
                0x20000248                integralFBy
                0x2000024c                integralFBz
                0x20000250                anglesComputed
 *fill*         0x20000251        0x3 
 .bss           0x20000254        0xd Src/main.o
                0x20000254                flg_new_debug_message
                0x20000255                flg_new_receiver_input
                0x20000256                i2c1_mem_tx_irq_flag
                0x20000257                i2c1_mem_rx_irq_flag
                0x20000258                continuous_imu_collection
                0x20000259                imu_data_ready_flag
                0x2000025c                sbus_packets
                0x20000260                led3_state
 *(.bss*)
 *fill*         0x20000261        0x3 
 .bss.__malloc_free_list
                0x20000264        0x4 c:/ac6/systemworkbench/plugins/fr.ac6.mcu.externaltools.arm-none.win32_1.15.0.201708311556/tools/compiler/bin/../lib/gcc/arm-none-eabi/6.3.1/../../../../arm-none-eabi/lib/thumb/v7e-m/fpv4-sp/hard\libc_nano.a(lib_a-nano-mallocr.o)
                0x20000264                __malloc_free_list
 .bss.__malloc_sbrk_start
                0x20000268        0x4 c:/ac6/systemworkbench/plugins/fr.ac6.mcu.externaltools.arm-none.win32_1.15.0.201708311556/tools/compiler/bin/../lib/gcc/arm-none-eabi/6.3.1/../../../../arm-none-eabi/lib/thumb/v7e-m/fpv4-sp/hard\libc_nano.a(lib_a-nano-mallocr.o)
                0x20000268                __malloc_sbrk_start
 .bss.heap_end.5239
                0x2000026c        0x4 c:/ac6/systemworkbench/plugins/fr.ac6.mcu.externaltools.arm-none.win32_1.15.0.201708311556/tools/compiler/bin/../lib/gcc/arm-none-eabi/6.3.1/../../../../arm-none-eabi/lib/thumb/v7e-m/fpv4-sp/hard\libnosys.a(sbrk.o)
 *(COMMON)
 COMMON         0x20000270        0x4 Drivers/STM32F4xx_HAL_Driver/Src/stm32f4xx_hal.o
                0x20000270                uwTick
 *fill*         0x20000274        0x4 
 COMMON         0x20000278     0x10be Src/MPU9250.o
                0x20000278                _gSize
                0x2000027c                _enFifoTemp
                0x20000280                _hxfilt
                0x20000284                _hycounts
                0x20000286                _enFifoGyro
                0x20000288                _tFifo
                0x20000688                _gxbD
                0x20000690                _azmin
                0x20000694                _azmax
                0x20000698                _magScaleZ
                0x2000069c                _fifoSize
                0x200006a0                _counter
                0x200006a4                _aymax
                0x200006a8                _azFifo
                0x200007fc                _ayFifo
                0x20000950                _avgs
                0x20000958                _aybD
                0x20000960                _hxFifo
                0x20000a84                _gy
                0x20000a88                _hzFifo
                0x20000bac                _t
                0x20000bb0                _enFifoMag
                0x20000bb2                _gycounts
                0x20000bb4                _magScaleX
                0x20000bb8                _hz
                0x20000bbc                _ay
                0x20000bc0                _hzfilt
                0x20000bc4                _buffer
                0x20000bdc                _aymin
                0x20000be0                _hzmin
                0x20000be4                _hzmax
                0x20000be8                _fifoFrameSize
                0x20000bec                _azb
                0x20000bf0                _axmax
                0x20000bf4                _womThreshold
                0x20000bf8                _gyFifo
                0x20000d4c                _az
                0x20000d50                _ax
                0x20000d54                _gxFifo
                0x20000ea8                _hxb
                0x20000eac                _aycounts
                0x20000eb0                _hymin
                0x20000eb4                _hyb
                0x20000eb8                _axcounts
                0x20000ebc                _gx
                0x20000ec0                _gyroRange
                0x20000ec4                _gyb
                0x20000ec8                _gzFifo
                0x20001020                _azbD
                0x20001028                _enFifoAccel
                0x2000102c                _numBytes
                0x20001030                _gxcounts
                0x20001034                _tSize
                0x20001038                _axb
                0x2000103c                _ayb
                0x20001040                _hy
                0x20001044                _axmin
                0x20001048                _gzb
                0x2000104c                _aSize
                0x20001050                _hx
                0x20001054                _hyFifo
                0x20001178                _gzbD
                0x20001180                _magScaleY
                0x20001184                _gxb
                0x20001188                _gz
                0x2000118c                _hxmin
                0x20001190                _gybD
                0x20001198                _framedelta
                0x2000119c                _accelRange
                0x200011a0                _hSize
                0x200011a4                _hzcounts
                0x200011a8                _hzb
                0x200011ac                _status
                0x200011b0                _srd
                0x200011b4                _accelScale
                0x200011b8                _axbD
                0x200011c0                _hyfilt
                0x200011c4                _bandwidth
                0x200011c8                _hxmax
                0x200011cc                _gzcounts
                0x200011ce                _tcounts
                0x200011d0                _hymax
                0x200011d4                _gyroScale
                0x200011d8                _axFifo
                0x2000132c                _azcounts
                0x20001330                _delta
                0x20001334                _hxcounts
 *fill*         0x20001336        0x2 
 COMMON         0x20001338        0xc Src/MahonyAHRS.o
                0x20001338                yaw
                0x2000133c                pitch
                0x20001340                roll
 COMMON         0x20001344       0xa8 Src/adc.o
                0x20001344                hadc1
                0x2000138c                hdma_adc1
 COMMON         0x200013ec      0x168 Src/i2c.o
                0x200013ec                hdma_i2c1_tx
                0x2000144c                hi2c1
                0x200014a0                hi2c2
                0x200014f4                hdma_i2c1_rx
 COMMON         0x20001554      0x4e4 Src/main.o
                0x20001554                receiver_inputs
                0x20001578                debug_tx_buffer
                0x200015ac                sbus_rx_buffer
                0x200015e0                buffer
                0x200019e0                imu_data_buffer
                0x200019f8                debug_rx_buffer
                0x20001a2c                ADC_BUFF
 COMMON         0x20001a38       0xb0 Src/spi.o
                0x20001a38                hspi2
                0x20001a90                hspi4
 COMMON         0x20001ae8       0xf0 Src/tim.o
                0x20001ae8                htim4
                0x20001b24                htim3
                0x20001b60                htim1
                0x20001b9c                htim2
 COMMON         0x20001bd8      0x2e0 Src/usart.o
                0x20001bd8                hdma_usart6_rx
                0x20001c38                huart3
                0x20001c78                hdma_usart1_tx
                0x20001cd8                huart5
                0x20001d18                hdma_usart1_rx
                0x20001d78                huart1
                0x20001db8                huart6
                0x20001df8                hdma_uart5_rx
                0x20001e58                hdma_uart5_tx
 COMMON         0x20001eb8        0x4 c:/ac6/systemworkbench/plugins/fr.ac6.mcu.externaltools.arm-none.win32_1.15.0.201708311556/tools/compiler/bin/../lib/gcc/arm-none-eabi/6.3.1/../../../../arm-none-eabi/lib/thumb/v7e-m/fpv4-sp/hard\libc_nano.a(lib_a-reent.o)
                0x20001eb8                errno
                0x20001ebc                . = ALIGN (0x4)
                0x20001ebc                _ebss = .
                0x20001ebc                __bss_end__ = _ebss

._user_heap_stack
                0x20001ebc      0x604
                0x20001ec0                . = ALIGN (0x8)
 *fill*         0x20001ebc        0x4 
                0x20001ec0                PROVIDE (end, .)
                [!provide]                PROVIDE (_end, .)
                0x200020c0                . = (. + _Min_Heap_Size)
 *fill*         0x20001ec0      0x200 
                0x200024c0                . = (. + _Min_Stack_Size)
 *fill*         0x200020c0      0x400 
                0x200024c0                . = ALIGN (0x8)

/DISCARD/
 libc.a(*)
 libm.a(*)
 libgcc.a(*)

.ARM.attributes
                0x00000000       0x30
 *(.ARM.attributes)
 .ARM.attributes
                0x00000000       0x22 c:/ac6/systemworkbench/plugins/fr.ac6.mcu.externaltools.arm-none.win32_1.15.0.201708311556/tools/compiler/bin/../lib/gcc/arm-none-eabi/6.3.1/thumb/v7e-m/fpv4-sp/hard/crti.o
 .ARM.attributes
                0x00000022       0x34 c:/ac6/systemworkbench/plugins/fr.ac6.mcu.externaltools.arm-none.win32_1.15.0.201708311556/tools/compiler/bin/../lib/gcc/arm-none-eabi/6.3.1/thumb/v7e-m/fpv4-sp/hard/crtbegin.o
 .ARM.attributes
                0x00000056       0x39 Drivers/STM32F4xx_HAL_Driver/Src/stm32f4xx_hal.o
 .ARM.attributes
                0x0000008f       0x39 Drivers/STM32F4xx_HAL_Driver/Src/stm32f4xx_hal_adc.o
 .ARM.attributes
                0x000000c8       0x39 Drivers/STM32F4xx_HAL_Driver/Src/stm32f4xx_hal_adc_ex.o
 .ARM.attributes
                0x00000101       0x39 Drivers/STM32F4xx_HAL_Driver/Src/stm32f4xx_hal_cortex.o
 .ARM.attributes
                0x0000013a       0x39 Drivers/STM32F4xx_HAL_Driver/Src/stm32f4xx_hal_dma.o
 .ARM.attributes
                0x00000173       0x39 Drivers/STM32F4xx_HAL_Driver/Src/stm32f4xx_hal_gpio.o
 .ARM.attributes
                0x000001ac       0x39 Drivers/STM32F4xx_HAL_Driver/Src/stm32f4xx_hal_i2c.o
 .ARM.attributes
                0x000001e5       0x39 Drivers/STM32F4xx_HAL_Driver/Src/stm32f4xx_hal_pwr_ex.o
 .ARM.attributes
                0x0000021e       0x39 Drivers/STM32F4xx_HAL_Driver/Src/stm32f4xx_hal_rcc.o
 .ARM.attributes
                0x00000257       0x39 Drivers/STM32F4xx_HAL_Driver/Src/stm32f4xx_hal_spi.o
 .ARM.attributes
                0x00000290       0x39 Drivers/STM32F4xx_HAL_Driver/Src/stm32f4xx_hal_tim.o
 .ARM.attributes
                0x000002c9       0x39 Drivers/STM32F4xx_HAL_Driver/Src/stm32f4xx_hal_tim_ex.o
 .ARM.attributes
                0x00000302       0x39 Drivers/STM32F4xx_HAL_Driver/Src/stm32f4xx_hal_uart.o
 .ARM.attributes
                0x0000033b       0x39 Src/MPU9250.o
 .ARM.attributes
                0x00000374       0x39 Src/MahonyAHRS.o
 .ARM.attributes
                0x000003ad       0x39 Src/adc.o
 .ARM.attributes
                0x000003e6       0x39 Src/dma.o
 .ARM.attributes
                0x0000041f       0x39 Src/gpio.o
 .ARM.attributes
                0x00000458       0x39 Src/i2c.o
 .ARM.attributes
                0x00000491       0x39 Src/main.o
 .ARM.attributes
                0x000004ca       0x39 Src/spi.o
 .ARM.attributes
                0x00000503       0x39 Src/stm32f4xx_hal_msp.o
 .ARM.attributes
                0x0000053c       0x39 Src/stm32f4xx_it.o
 .ARM.attributes
                0x00000575       0x39 Src/system_stm32f4xx.o
 .ARM.attributes
                0x000005ae       0x39 Src/tim.o
 .ARM.attributes
                0x000005e7       0x39 Src/usart.o
 .ARM.attributes
                0x00000620       0x21 startup/startup_stm32f429xx.o
 .ARM.attributes
                0x00000641       0x34 c:/ac6/systemworkbench/plugins/fr.ac6.mcu.externaltools.arm-none.win32_1.15.0.201708311556/tools/compiler/bin/../lib/gcc/arm-none-eabi/6.3.1/../../../../arm-none-eabi/lib/thumb/v7e-m/fpv4-sp/hard\libm.a(lib_a-wf_asin.o)
 .ARM.attributes
                0x00000675       0x34 c:/ac6/systemworkbench/plugins/fr.ac6.mcu.externaltools.arm-none.win32_1.15.0.201708311556/tools/compiler/bin/../lib/gcc/arm-none-eabi/6.3.1/../../../../arm-none-eabi/lib/thumb/v7e-m/fpv4-sp/hard\libm.a(lib_a-wf_atan2.o)
 .ARM.attributes
                0x000006a9       0x34 c:/ac6/systemworkbench/plugins/fr.ac6.mcu.externaltools.arm-none.win32_1.15.0.201708311556/tools/compiler/bin/../lib/gcc/arm-none-eabi/6.3.1/../../../../arm-none-eabi/lib/thumb/v7e-m/fpv4-sp/hard\libm.a(lib_a-wf_sqrt.o)
 .ARM.attributes
                0x000006dd       0x34 c:/ac6/systemworkbench/plugins/fr.ac6.mcu.externaltools.arm-none.win32_1.15.0.201708311556/tools/compiler/bin/../lib/gcc/arm-none-eabi/6.3.1/../../../../arm-none-eabi/lib/thumb/v7e-m/fpv4-sp/hard\libm.a(lib_a-ef_asin.o)
 .ARM.attributes
                0x00000711       0x34 c:/ac6/systemworkbench/plugins/fr.ac6.mcu.externaltools.arm-none.win32_1.15.0.201708311556/tools/compiler/bin/../lib/gcc/arm-none-eabi/6.3.1/../../../../arm-none-eabi/lib/thumb/v7e-m/fpv4-sp/hard\libm.a(lib_a-ef_atan2.o)
 .ARM.attributes
                0x00000745       0x34 c:/ac6/systemworkbench/plugins/fr.ac6.mcu.externaltools.arm-none.win32_1.15.0.201708311556/tools/compiler/bin/../lib/gcc/arm-none-eabi/6.3.1/../../../../arm-none-eabi/lib/thumb/v7e-m/fpv4-sp/hard\libm.a(lib_a-ef_sqrt.o)
 .ARM.attributes
                0x00000779       0x34 c:/ac6/systemworkbench/plugins/fr.ac6.mcu.externaltools.arm-none.win32_1.15.0.201708311556/tools/compiler/bin/../lib/gcc/arm-none-eabi/6.3.1/../../../../arm-none-eabi/lib/thumb/v7e-m/fpv4-sp/hard\libm.a(lib_a-s_lib_ver.o)
 .ARM.attributes
                0x000007ad       0x34 c:/ac6/systemworkbench/plugins/fr.ac6.mcu.externaltools.arm-none.win32_1.15.0.201708311556/tools/compiler/bin/../lib/gcc/arm-none-eabi/6.3.1/../../../../arm-none-eabi/lib/thumb/v7e-m/fpv4-sp/hard\libm.a(lib_a-s_matherr.o)
 .ARM.attributes
                0x000007e1       0x34 c:/ac6/systemworkbench/plugins/fr.ac6.mcu.externaltools.arm-none.win32_1.15.0.201708311556/tools/compiler/bin/../lib/gcc/arm-none-eabi/6.3.1/../../../../arm-none-eabi/lib/thumb/v7e-m/fpv4-sp/hard\libm.a(lib_a-s_nan.o)
 .ARM.attributes
                0x00000815       0x34 c:/ac6/systemworkbench/plugins/fr.ac6.mcu.externaltools.arm-none.win32_1.15.0.201708311556/tools/compiler/bin/../lib/gcc/arm-none-eabi/6.3.1/../../../../arm-none-eabi/lib/thumb/v7e-m/fpv4-sp/hard\libm.a(lib_a-sf_atan.o)
 .ARM.attributes
                0x00000849       0x34 c:/ac6/systemworkbench/plugins/fr.ac6.mcu.externaltools.arm-none.win32_1.15.0.201708311556/tools/compiler/bin/../lib/gcc/arm-none-eabi/6.3.1/../../../../arm-none-eabi/lib/thumb/v7e-m/fpv4-sp/hard\libm.a(lib_a-sf_fabs.o)
 .ARM.attributes
                0x0000087d       0x22 c:/ac6/systemworkbench/plugins/fr.ac6.mcu.externaltools.arm-none.win32_1.15.0.201708311556/tools/compiler/bin/../lib/gcc/arm-none-eabi/6.3.1/thumb/v7e-m/fpv4-sp/hard\libgcc.a(_arm_addsubdf3.o)
 .ARM.attributes
                0x0000089f       0x22 c:/ac6/systemworkbench/plugins/fr.ac6.mcu.externaltools.arm-none.win32_1.15.0.201708311556/tools/compiler/bin/../lib/gcc/arm-none-eabi/6.3.1/thumb/v7e-m/fpv4-sp/hard\libgcc.a(_arm_muldivdf3.o)
 .ARM.attributes
                0x000008c1       0x22 c:/ac6/systemworkbench/plugins/fr.ac6.mcu.externaltools.arm-none.win32_1.15.0.201708311556/tools/compiler/bin/../lib/gcc/arm-none-eabi/6.3.1/thumb/v7e-m/fpv4-sp/hard\libgcc.a(_arm_cmpdf2.o)
 .ARM.attributes
                0x000008e3       0x22 c:/ac6/systemworkbench/plugins/fr.ac6.mcu.externaltools.arm-none.win32_1.15.0.201708311556/tools/compiler/bin/../lib/gcc/arm-none-eabi/6.3.1/thumb/v7e-m/fpv4-sp/hard\libgcc.a(_arm_truncdfsf2.o)
 .ARM.attributes
                0x00000905       0x22 c:/ac6/systemworkbench/plugins/fr.ac6.mcu.externaltools.arm-none.win32_1.15.0.201708311556/tools/compiler/bin/../lib/gcc/arm-none-eabi/6.3.1/thumb/v7e-m/fpv4-sp/hard\libgcc.a(_aeabi_uldivmod.o)
 .ARM.attributes
                0x00000927       0x34 c:/ac6/systemworkbench/plugins/fr.ac6.mcu.externaltools.arm-none.win32_1.15.0.201708311556/tools/compiler/bin/../lib/gcc/arm-none-eabi/6.3.1/thumb/v7e-m/fpv4-sp/hard\libgcc.a(_udivmoddi4.o)
 .ARM.attributes
                0x0000095b       0x22 c:/ac6/systemworkbench/plugins/fr.ac6.mcu.externaltools.arm-none.win32_1.15.0.201708311556/tools/compiler/bin/../lib/gcc/arm-none-eabi/6.3.1/thumb/v7e-m/fpv4-sp/hard\libgcc.a(_dvmd_tls.o)
 .ARM.attributes
                0x0000097d       0x34 c:/ac6/systemworkbench/plugins/fr.ac6.mcu.externaltools.arm-none.win32_1.15.0.201708311556/tools/compiler/bin/../lib/gcc/arm-none-eabi/6.3.1/../../../../arm-none-eabi/lib/thumb/v7e-m/fpv4-sp/hard\libc_nano.a(lib_a-errno.o)
 .ARM.attributes
                0x000009b1       0x34 c:/ac6/systemworkbench/plugins/fr.ac6.mcu.externaltools.arm-none.win32_1.15.0.201708311556/tools/compiler/bin/../lib/gcc/arm-none-eabi/6.3.1/../../../../arm-none-eabi/lib/thumb/v7e-m/fpv4-sp/hard\libc_nano.a(lib_a-impure.o)
 .ARM.attributes
                0x000009e5       0x34 c:/ac6/systemworkbench/plugins/fr.ac6.mcu.externaltools.arm-none.win32_1.15.0.201708311556/tools/compiler/bin/../lib/gcc/arm-none-eabi/6.3.1/../../../../arm-none-eabi/lib/thumb/v7e-m/fpv4-sp/hard\libc_nano.a(lib_a-init.o)
 .ARM.attributes