Archive member included to satisfy reference by file (symbol)

c:/ac6/systemworkbench/plugins/fr.ac6.mcu.externaltools.arm-none.win32_1.15.0.201708311556/tools/compiler/bin/../lib/gcc/arm-none-eabi/6.3.1/thumb/v7e-m/fpv4-sp/hard\libgcc.a(_arm_addsubdf3.o)
                              Src/MPU9250.o (__aeabi_dadd)
c:/ac6/systemworkbench/plugins/fr.ac6.mcu.externaltools.arm-none.win32_1.15.0.201708311556/tools/compiler/bin/../lib/gcc/arm-none-eabi/6.3.1/thumb/v7e-m/fpv4-sp/hard\libgcc.a(_arm_muldivdf3.o)
                              Src/main.o (__aeabi_dmul)
c:/ac6/systemworkbench/plugins/fr.ac6.mcu.externaltools.arm-none.win32_1.15.0.201708311556/tools/compiler/bin/../lib/gcc/arm-none-eabi/6.3.1/thumb/v7e-m/fpv4-sp/hard\libgcc.a(_arm_cmpdf2.o)
                              Src/MPU9250.o (__aeabi_dcmplt)
c:/ac6/systemworkbench/plugins/fr.ac6.mcu.externaltools.arm-none.win32_1.15.0.201708311556/tools/compiler/bin/../lib/gcc/arm-none-eabi/6.3.1/thumb/v7e-m/fpv4-sp/hard\libgcc.a(_arm_fixunsdfsi.o)
                              Src/main.o (__aeabi_d2uiz)
c:/ac6/systemworkbench/plugins/fr.ac6.mcu.externaltools.arm-none.win32_1.15.0.201708311556/tools/compiler/bin/../lib/gcc/arm-none-eabi/6.3.1/thumb/v7e-m/fpv4-sp/hard\libgcc.a(_arm_truncdfsf2.o)
                              Src/MPU9250.o (__aeabi_d2f)
c:/ac6/systemworkbench/plugins/fr.ac6.mcu.externaltools.arm-none.win32_1.15.0.201708311556/tools/compiler/bin/../lib/gcc/arm-none-eabi/6.3.1/thumb/v7e-m/fpv4-sp/hard\libgcc.a(_aeabi_uldivmod.o)
                              Drivers/STM32F4xx_HAL_Driver/Src/stm32f4xx_hal_rcc.o (__aeabi_uldivmod)
c:/ac6/systemworkbench/plugins/fr.ac6.mcu.externaltools.arm-none.win32_1.15.0.201708311556/tools/compiler/bin/../lib/gcc/arm-none-eabi/6.3.1/thumb/v7e-m/fpv4-sp/hard\libgcc.a(_udivmoddi4.o)
                              c:/ac6/systemworkbench/plugins/fr.ac6.mcu.externaltools.arm-none.win32_1.15.0.201708311556/tools/compiler/bin/../lib/gcc/arm-none-eabi/6.3.1/thumb/v7e-m/fpv4-sp/hard\libgcc.a(_aeabi_uldivmod.o) (__udivmoddi4)
c:/ac6/systemworkbench/plugins/fr.ac6.mcu.externaltools.arm-none.win32_1.15.0.201708311556/tools/compiler/bin/../lib/gcc/arm-none-eabi/6.3.1/thumb/v7e-m/fpv4-sp/hard\libgcc.a(_dvmd_tls.o)
                              c:/ac6/systemworkbench/plugins/fr.ac6.mcu.externaltools.arm-none.win32_1.15.0.201708311556/tools/compiler/bin/../lib/gcc/arm-none-eabi/6.3.1/thumb/v7e-m/fpv4-sp/hard\libgcc.a(_aeabi_uldivmod.o) (__aeabi_ldiv0)
c:/ac6/systemworkbench/plugins/fr.ac6.mcu.externaltools.arm-none.win32_1.15.0.201708311556/tools/compiler/bin/../lib/gcc/arm-none-eabi/6.3.1/../../../../arm-none-eabi/lib/thumb/v7e-m/fpv4-sp/hard\libc_nano.a(lib_a-exit.o)
                              c:/ac6/systemworkbench/plugins/fr.ac6.mcu.externaltools.arm-none.win32_1.15.0.201708311556/tools/compiler/bin/../lib/gcc/arm-none-eabi/6.3.1/../../../../arm-none-eabi/lib/thumb/v7e-m/fpv4-sp/hard/crt0.o (exit)
c:/ac6/systemworkbench/plugins/fr.ac6.mcu.externaltools.arm-none.win32_1.15.0.201708311556/tools/compiler/bin/../lib/gcc/arm-none-eabi/6.3.1/../../../../arm-none-eabi/lib/thumb/v7e-m/fpv4-sp/hard\libc_nano.a(lib_a-impure.o)
                              c:/ac6/systemworkbench/plugins/fr.ac6.mcu.externaltools.arm-none.win32_1.15.0.201708311556/tools/compiler/bin/../lib/gcc/arm-none-eabi/6.3.1/../../../../arm-none-eabi/lib/thumb/v7e-m/fpv4-sp/hard\libc_nano.a(lib_a-exit.o) (_global_impure_ptr)
c:/ac6/systemworkbench/plugins/fr.ac6.mcu.externaltools.arm-none.win32_1.15.0.201708311556/tools/compiler/bin/../lib/gcc/arm-none-eabi/6.3.1/../../../../arm-none-eabi/lib/thumb/v7e-m/fpv4-sp/hard\libc_nano.a(lib_a-init.o)
                              c:/ac6/systemworkbench/plugins/fr.ac6.mcu.externaltools.arm-none.win32_1.15.0.201708311556/tools/compiler/bin/../lib/gcc/arm-none-eabi/6.3.1/../../../../arm-none-eabi/lib/thumb/v7e-m/fpv4-sp/hard/crt0.o (__libc_init_array)
c:/ac6/systemworkbench/plugins/fr.ac6.mcu.externaltools.arm-none.win32_1.15.0.201708311556/tools/compiler/bin/../lib/gcc/arm-none-eabi/6.3.1/../../../../arm-none-eabi/lib/thumb/v7e-m/fpv4-sp/hard\libc_nano.a(lib_a-memcpy-stub.o)
                              Src/MPU9250.o (memcpy)
c:/ac6/systemworkbench/plugins/fr.ac6.mcu.externaltools.arm-none.win32_1.15.0.201708311556/tools/compiler/bin/../lib/gcc/arm-none-eabi/6.3.1/../../../../arm-none-eabi/lib/thumb/v7e-m/fpv4-sp/hard\libc_nano.a(lib_a-memset.o)
                              c:/ac6/systemworkbench/plugins/fr.ac6.mcu.externaltools.arm-none.win32_1.15.0.201708311556/tools/compiler/bin/../lib/gcc/arm-none-eabi/6.3.1/../../../../arm-none-eabi/lib/thumb/v7e-m/fpv4-sp/hard/crt0.o (memset)
c:/ac6/systemworkbench/plugins/fr.ac6.mcu.externaltools.arm-none.win32_1.15.0.201708311556/tools/compiler/bin/../lib/gcc/arm-none-eabi/6.3.1/../../../../arm-none-eabi/lib/thumb/v7e-m/fpv4-sp/hard\libc_nano.a(lib_a-nano-vfprintf_float.o)
                              (_printf_float)
[...]
Memory Configuration

Name             Origin             Length             Attributes
RAM              0x20000000         0x00030000         xrw
CCMRAM           0x10000000         0x00010000         rw
FLASH            0x08000000         0x00200000         xr
*default*        0x00000000         0xffffffff

Linker script and memory map

LOAD c:/ac6/systemworkbench/plugins/fr.ac6.mcu.externaltools.arm-none.win32_1.15.0.201708311556/tools/compiler/bin/../lib/gcc/arm-none-eabi/6.3.1/thumb/v7e-m/fpv4-sp/hard/crti.o
LOAD c:/ac6/systemworkbench/plugins/fr.ac6.mcu.externaltools.arm-none.win32_1.15.0.201708311556/tools/compiler/bin/../lib/gcc/arm-none-eabi/6.3.1/thumb/v7e-m/fpv4-sp/hard/crtbegin.o
LOAD c:/ac6/systemworkbench/plugins/fr.ac6.mcu.externaltools.arm-none.win32_1.15.0.201708311556/tools/compiler/bin/../lib/gcc/arm-none-eabi/6.3.1/../../../../arm-none-eabi/lib/thumb/v7e-m/fpv4-sp/hard/crt0.o
LOAD Drivers/STM32F4xx_HAL_Driver/Src/stm32f4xx_hal.o
LOAD Drivers/STM32F4xx_HAL_Driver/Src/stm32f4xx_hal_adc.o
LOAD Drivers/STM32F4xx_HAL_Driver/Src/stm32f4xx_hal_adc_ex.o
LOAD Drivers/STM32F4xx_HAL_Driver/Src/stm32f4xx_hal_cortex.o
LOAD Drivers/STM32F4xx_HAL_Driver/Src/stm32f4xx_hal_dma.o
LOAD Drivers/STM32F4xx_HAL_Driver/Src/stm32f4xx_hal_dma_ex.o
LOAD Drivers/STM32F4xx_HAL_Driver/Src/stm32f4xx_hal_flash.o
LOAD Drivers/STM32F4xx_HAL_Driver/Src/stm32f4xx_hal_flash_ex.o
LOAD Drivers/STM32F4xx_HAL_Driver/Src/stm32f4xx_hal_flash_ramfunc.o
LOAD Drivers/STM32F4xx_HAL_Driver/Src/stm32f4xx_hal_gpio.o
LOAD Drivers/STM32F4xx_HAL_Driver/Src/stm32f4xx_hal_i2c.o
LOAD Drivers/STM32F4xx_HAL_Driver/Src/stm32f4xx_hal_i2c_ex.o
LOAD Drivers/STM32F4xx_HAL_Driver/Src/stm32f4xx_hal_pwr.o
LOAD Drivers/STM32F4xx_HAL_Driver/Src/stm32f4xx_hal_pwr_ex.o
LOAD Drivers/STM32F4xx_HAL_Driver/Src/stm32f4xx_hal_rcc.o
LOAD Drivers/STM32F4xx_HAL_Driver/Src/stm32f4xx_hal_rcc_ex.o
LOAD Drivers/STM32F4xx_HAL_Driver/Src/stm32f4xx_hal_spi.o
LOAD Drivers/STM32F4xx_HAL_Driver/Src/stm32f4xx_hal_tim.o
LOAD Drivers/STM32F4xx_HAL_Driver/Src/stm32f4xx_hal_tim_ex.o
LOAD Drivers/STM32F4xx_HAL_Driver/Src/stm32f4xx_hal_uart.o
LOAD Src/MPU9250.o
LOAD Src/adc.o
LOAD Src/dma.o
LOAD Src/gpio.o
LOAD Src/i2c.o
LOAD Src/main.o
LOAD Src/spi.o
LOAD Src/stm32f4xx_hal_msp.o
LOAD Src/stm32f4xx_it.o
LOAD Src/system_stm32f4xx.o
LOAD Src/tim.o
LOAD Src/usart.o
LOAD startup/startup_stm32f429xx.o
LOAD c:/ac6/systemworkbench/plugins/fr.ac6.mcu.externaltools.arm-none.win32_1.15.0.201708311556/tools/compiler/bin/../lib/gcc/arm-none-eabi/6.3.1/../../../../arm-none-eabi/lib/thumb/v7e-m/fpv4-sp/hard\libm.a
START GROUP
LOAD c:/ac6/systemworkbench/plugins/fr.ac6.mcu.externaltools.arm-none.win32_1.15.0.201708311556/tools/compiler/bin/../lib/gcc/arm-none-eabi/6.3.1/thumb/v7e-m/fpv4-sp/hard\libgcc.a
LOAD c:/ac6/systemworkbench/plugins/fr.ac6.mcu.externaltools.arm-none.win32_1.15.0.201708311556/tools/compiler/bin/../lib/gcc/arm-none-eabi/6.3.1/../../../../arm-none-eabi/lib/thumb/v7e-m/fpv4-sp/hard\libc_nano.a
END GROUP
START GROUP
LOAD c:/ac6/systemworkbench/plugins/fr.ac6.mcu.externaltools.arm-none.win32_1.15.0.201708311556/tools/compiler/bin/../lib/gcc/arm-none-eabi/6.3.1/thumb/v7e-m/fpv4-sp/hard\libgcc.a
LOAD c:/ac6/systemworkbench/plugins/fr.ac6.mcu.externaltools.arm-none.win32_1.15.0.201708311556/tools/compiler/bin/../lib/gcc/arm-none-eabi/6.3.1/../../../../arm-none-eabi/lib/thumb/v7e-m/fpv4-sp/hard\libc_nano.a
LOAD c:/ac6/systemworkbench/plugins/fr.ac6.mcu.externaltools.arm-none.win32_1.15.0.201708311556/tools/compiler/bin/../lib/gcc/arm-none-eabi/6.3.1/../../../../arm-none-eabi/lib/thumb/v7e-m/fpv4-sp/hard\libnosys.a
END GROUP
START GROUP
LOAD c:/ac6/systemworkbench/plugins/fr.ac6.mcu.externaltools.arm-none.win32_1.15.0.201708311556/tools/compiler/bin/../lib/gcc/arm-none-eabi/6.3.1/thumb/v7e-m/fpv4-sp/hard\libgcc.a
LOAD c:/ac6/systemworkbench/plugins/fr.ac6.mcu.externaltools.arm-none.win32_1.15.0.201708311556/tools/compiler/bin/../lib/gcc/arm-none-eabi/6.3.1/../../../../arm-none-eabi/lib/thumb/v7e-m/fpv4-sp/hard\libc_nano.a
LOAD c:/ac6/systemworkbench/plugins/fr.ac6.mcu.externaltools.arm-none.win32_1.15.0.201708311556/tools/compiler/bin/../lib/gcc/arm-none-eabi/6.3.1/../../../../arm-none-eabi/lib/thumb/v7e-m/fpv4-sp/hard\libnosys.a
END GROUP
LOAD c:/ac6/systemworkbench/plugins/fr.ac6.mcu.externaltools.arm-none.win32_1.15.0.201708311556/tools/compiler/bin/../lib/gcc/arm-none-eabi/6.3.1/thumb/v7e-m/fpv4-sp/hard/crtend.o
LOAD c:/ac6/systemworkbench/plugins/fr.ac6.mcu.externaltools.arm-none.win32_1.15.0.201708311556/tools/compiler/bin/../lib/gcc/arm-none-eabi/6.3.1/thumb/v7e-m/fpv4-sp/hard/crtn.o
                0x20030000                _estack = 0x20030000
                0x00000200                _Min_Heap_Size = 0x200
                0x00000400                _Min_Stack_Size = 0x400

.isr_vector     0x08000000      0x1ac
                0x08000000                . = ALIGN (0x4)
 *(.isr_vector)
 .isr_vector    0x08000000      0x1ac startup/startup_stm32f429xx.o
                0x08000000                g_pfnVectors
                0x080001ac                . = ALIGN (0x4)

.text           0x080001b0     0x814c
                0x080001b0                . = ALIGN (0x4)
 *(.text)
 .text          0x080001b0       0x6c c:/ac6/systemworkbench/plugins/fr.ac6.mcu.externaltools.arm-none.win32_1.15.0.201708311556/tools/compiler/bin/../lib/gcc/arm-none-eabi/6.3.1/thumb/v7e-m/fpv4-sp/hard/crtbegin.o
 .text          0x0800021c      0x370 c:/ac6/systemworkbench/plugins/fr.ac6.mcu.externaltools.arm-none.win32_1.15.0.201708311556/tools/compiler/bin/../lib/gcc/arm-none-eabi/6.3.1/thumb/v7e-m/fpv4-sp/hard\libgcc.a(_arm_addsubdf3.o)
                0x0800021c                __aeabi_drsub
                0x08000224                __aeabi_dsub
                0x08000224                __subdf3
                0x08000228                __aeabi_dadd
                0x08000228                __adddf3
                0x080004a0                __floatunsidf
                0x080004a0                __aeabi_ui2d
                0x080004c0                __floatsidf
                0x080004c0                __aeabi_i2d
                0x080004e4                __aeabi_f2d
                0x080004e4                __extendsfdf2
                0x08000520                __floatundidf
                0x08000520                __aeabi_ul2d
                0x08000530                __floatdidf
                0x08000530                __aeabi_l2d
 .text          0x0800058c      0x424 c:/ac6/systemworkbench/plugins/fr.ac6.mcu.externaltools.arm-none.win32_1.15.0.201708311556/tools/compiler/bin/../lib/gcc/arm-none-eabi/6.3.1/thumb/v7e-m/fpv4-sp/hard\libgcc.a(_arm_muldivdf3.o)
                0x0800058c                __aeabi_dmul
                0x0800058c                __muldf3
                0x080007e0                __divdf3
                0x080007e0                __aeabi_ddiv
 .text          0x080009b0      0x110 c:/ac6/systemworkbench/plugins/fr.ac6.mcu.externaltools.arm-none.win32_1.15.0.201708311556/tools/compiler/bin/../lib/gcc/arm-none-eabi/6.3.1/thumb/v7e-m/fpv4-sp/hard\libgcc.a(_arm_cmpdf2.o)
                0x080009b0                __gtdf2
                0x080009b0                __gedf2
                0x080009b8                __ltdf2
                0x080009b8                __ledf2
                0x080009c0                __nedf2
                0x080009c0                __eqdf2
                0x080009c0                __cmpdf2
                0x08000a3c                __aeabi_cdrcmple
                0x08000a4c                __aeabi_cdcmpeq
                0x08000a4c                __aeabi_cdcmple
                0x08000a5c                __aeabi_dcmpeq
                0x08000a70                __aeabi_dcmplt
                0x08000a84                __aeabi_dcmple
                0x08000a98                __aeabi_dcmpge
                0x08000aac                __aeabi_dcmpgt
 .text          0x08000ac0       0xa0 c:/ac6/systemworkbench/plugins/fr.ac6.mcu.externaltools.arm-none.win32_1.15.0.201708311556/tools/compiler/bin/../lib/gcc/arm-none-eabi/6.3.1/thumb/v7e-m/fpv4-sp/hard\libgcc.a(_arm_truncdfsf2.o)
                0x08000ac0                __truncdfsf2
                0x08000ac0                __aeabi_d2f
 .text          0x08000b60       0x30 c:/ac6/systemworkbench/plugins/fr.ac6.mcu.externaltools.arm-none.win32_1.15.0.201708311556/tools/compiler/bin/../lib/gcc/arm-none-eabi/6.3.1/thumb/v7e-m/fpv4-sp/hard\libgcc.a(_aeabi_uldivmod.o)
                0x08000b60                __aeabi_uldivmod
 .text          0x08000b90      0x2dc c:/ac6/systemworkbench/plugins/fr.ac6.mcu.externaltools.arm-none.win32_1.15.0.201708311556/tools/compiler/bin/../lib/gcc/arm-none-eabi/6.3.1/thumb/v7e-m/fpv4-sp/hard\libgcc.a(_udivmoddi4.o)
                0x08000b90                __udivmoddi4
 .text          0x08000e6c        0x4 c:/ac6/systemworkbench/plugins/fr.ac6.mcu.externaltools.arm-none.win32_1.15.0.201708311556/tools/compiler/bin/../lib/gcc/arm-none-eabi/6.3.1/thumb/v7e-m/fpv4-sp/hard\libgcc.a(_dvmd_tls.o)
                0x08000e6c                __aeabi_idiv0
                0x08000e6c                __aeabi_ldiv0
 .text          0x08000e70       0x10 c:/ac6/systemworkbench/plugins/fr.ac6.mcu.externaltools.arm-none.win32_1.15.0.201708311556/tools/compiler/bin/../lib/gcc/arm-none-eabi/6.3.1/../../../../arm-none-eabi/lib/thumb/v7e-m/fpv4-sp/hard\libc_nano.a(lib_a-strlen.o)
                0x08000e70                strlen
 .text          0x08000e80       0xa0 c:/ac6/systemworkbench/plugins/fr.ac6.mcu.externaltools.arm-none.win32_1.15.0.201708311556/tools/compiler/bin/../lib/gcc/arm-none-eabi/6.3.1/../../../../arm-none-eabi/lib/thumb/v7e-m/fpv4-sp/hard\libc_nano.a(lib_a-memchr.o)
                0x08000e80                memchr
 .text          0x08000f20       0x2c c:/ac6/systemworkbench/plugins/fr.ac6.mcu.externaltools.arm-none.win32_1.15.0.201708311556/tools/compiler/bin/../lib/gcc/arm-none-eabi/6.3.1/thumb/v7e-m/fpv4-sp/hard\libgcc.a(_arm_unorddf2.o)
                0x08000f20                __unorddf2
                0x08000f20                __aeabi_dcmpun
 .text          0x08000f4c       0x50 c:/ac6/systemworkbench/plugins/fr.ac6.mcu.externaltools.arm-none.win32_1.15.0.201708311556/tools/compiler/bin/../lib/gcc/arm-none-eabi/6.3.1/thumb/v7e-m/fpv4-sp/hard\libgcc.a(_arm_fixdfsi.o)
                0x08000f4c                __aeabi_d2iz
                0x08000f4c                __fixdfsi
 *(.text*)
 .text.HAL_InitTick
                0x08000f9c       0x48 Drivers/STM32F4xx_HAL_Driver/Src/stm32f4xx_hal.o
                0x08000f9c                HAL_InitTick
 .text.HAL_Init
                0x08000fe4       0x34 Drivers/STM32F4xx_HAL_Driver/Src/stm32f4xx_hal.o
                0x08000fe4                HAL_Init
 .text.HAL_IncTick
                0x08001018       0x18 Drivers/STM32F4xx_HAL_Driver/Src/stm32f4xx_hal.o
                0x08001018                HAL_IncTick
 .text.HAL_GetTick
                0x08001030        0xc Drivers/STM32F4xx_HAL_Driver/Src/stm32f4xx_hal.o
                0x08001030                HAL_GetTick
 .text.HAL_Delay
                0x0800103c       0x28 Drivers/STM32F4xx_HAL_Driver/Src/stm32f4xx_hal.o
                0x0800103c                HAL_Delay
 .text.ADC_Init
                0x08001064      0x130 Drivers/STM32F4xx_HAL_Driver/Src/stm32f4xx_hal_adc.o
 .text.HAL_ADC_Init
                0x08001194       0x54 Drivers/STM32F4xx_HAL_Driver/Src/stm32f4xx_hal_adc.o
                0x08001194                HAL_ADC_Init
 .text.HAL_ADC_Start_DMA
                0x080011e8      0x144 Drivers/STM32F4xx_HAL_Driver/Src/stm32f4xx_hal_adc.o
                0x080011e8                HAL_ADC_Start_DMA
 .text.ADC_DMAConvCplt
                0x0800132c       0x62 Drivers/STM32F4xx_HAL_Driver/Src/stm32f4xx_hal_adc.o
 .text.HAL_ADC_ConvHalfCpltCallback
                0x0800138e        0x2 Drivers/STM32F4xx_HAL_Driver/Src/stm32f4xx_hal_adc.o
                0x0800138e                HAL_ADC_ConvHalfCpltCallback
 .text.ADC_DMAHalfConvCplt
                0x08001390        0xa Drivers/STM32F4xx_HAL_Driver/Src/stm32f4xx_hal_adc.o
 .text.HAL_ADC_LevelOutOfWindowCallback
                0x0800139a        0x2 Drivers/STM32F4xx_HAL_Driver/Src/stm32f4xx_hal_adc.o
                0x0800139a                HAL_ADC_LevelOutOfWindowCallback
 .text.HAL_ADC_ErrorCallback
                0x0800139c        0x2 Drivers/STM32F4xx_HAL_Driver/Src/stm32f4xx_hal_adc.o
                0x0800139c                HAL_ADC_ErrorCallback
 .text.HAL_ADC_IRQHandler
                0x0800139e      0x14e Drivers/STM32F4xx_HAL_Driver/Src/stm32f4xx_hal_adc.o
                0x0800139e                HAL_ADC_IRQHandler
 .text.ADC_DMAError
                0x080014ec       0x16 Drivers/STM32F4xx_HAL_Driver/Src/stm32f4xx_hal_adc.o
 *fill*         0x08001502        0x2 
 .text.HAL_ADC_ConfigChannel
                0x08001504      0x194 Drivers/STM32F4xx_HAL_Driver/Src/stm32f4xx_hal_adc.o
                0x08001504                HAL_ADC_ConfigChannel
 .text.HAL_ADCEx_InjectedConvCpltCallback
                0x08001698        0x2 Drivers/STM32F4xx_HAL_Driver/Src/stm32f4xx_hal_adc_ex.o
                0x08001698                HAL_ADCEx_InjectedConvCpltCallback
 *fill*         0x0800169a        0x2 
 .text.HAL_NVIC_SetPriorityGrouping
                0x0800169c       0x24 Drivers/STM32F4xx_HAL_Driver/Src/stm32f4xx_hal_cortex.o
                0x0800169c                HAL_NVIC_SetPriorityGrouping
 .text.HAL_NVIC_SetPriority
                0x080016c0       0x64 Drivers/STM32F4xx_HAL_Driver/Src/stm32f4xx_hal_cortex.o
                0x080016c0                HAL_NVIC_SetPriority
 .text.HAL_NVIC_EnableIRQ
                0x08001724       0x18 Drivers/STM32F4xx_HAL_Driver/Src/stm32f4xx_hal_cortex.o
                0x08001724                HAL_NVIC_EnableIRQ
 .text.HAL_SYSTICK_Config
                0x0800173c       0x2c Drivers/STM32F4xx_HAL_Driver/Src/stm32f4xx_hal_cortex.o
                0x0800173c                HAL_SYSTICK_Config
 .text.HAL_NVIC_ClearPendingIRQ
                0x08001768       0x1c Drivers/STM32F4xx_HAL_Driver/Src/stm32f4xx_hal_cortex.o
                0x08001768                HAL_NVIC_ClearPendingIRQ
 .text.HAL_SYSTICK_CLKSourceConfig
                0x08001784       0x20 Drivers/STM32F4xx_HAL_Driver/Src/stm32f4xx_hal_cortex.o
                0x08001784                HAL_SYSTICK_CLKSourceConfig
 .text.HAL_SYSTICK_Callback
                0x080017a4        0x2 Drivers/STM32F4xx_HAL_Driver/Src/stm32f4xx_hal_cortex.o
                0x080017a4                HAL_SYSTICK_Callback
 .text.HAL_SYSTICK_IRQHandler
                0x080017a6        0x8 Drivers/STM32F4xx_HAL_Driver/Src/stm32f4xx_hal_cortex.o
                0x080017a6                HAL_SYSTICK_IRQHandler
 .text.DMA_SetConfig
                0x080017ae       0x2c Drivers/STM32F4xx_HAL_Driver/Src/stm32f4xx_hal_dma.o
 *fill*         0x080017da        0x2 
 .text.DMA_CalcBaseAndBitshift
                0x080017dc       0x3c Drivers/STM32F4xx_HAL_Driver/Src/stm32f4xx_hal_dma.o
 .text.DMA_CheckFifoParam
                0x08001818       0x8e Drivers/STM32F4xx_HAL_Driver/Src/stm32f4xx_hal_dma.o
 *fill*         0x080018a6        0x2 
 .text.HAL_DMA_Init
                0x080018a8       0xd0 Drivers/STM32F4xx_HAL_Driver/Src/stm32f4xx_hal_dma.o
                0x080018a8                HAL_DMA_Init
 .text.HAL_DMA_Start_IT
                0x08001978       0x74 Drivers/STM32F4xx_HAL_Driver/Src/stm32f4xx_hal_dma.o
                0x08001978                HAL_DMA_Start_IT
 .text.HAL_DMA_Abort_IT
                0x080019ec       0x26 Drivers/STM32F4xx_HAL_Driver/Src/stm32f4xx_hal_dma.o
                0x080019ec                HAL_DMA_Abort_IT
 *fill*         0x08001a12        0x2 
 .text.HAL_DMA_IRQHandler
                0x08001a14      0x1dc Drivers/STM32F4xx_HAL_Driver/Src/stm32f4xx_hal_dma.o
                0x08001a14                HAL_DMA_IRQHandler
 .text.HAL_DMA_GetError
                0x08001bf0        0x4 Drivers/STM32F4xx_HAL_Driver/Src/stm32f4xx_hal_dma.o
                0x08001bf0                HAL_DMA_GetError
 .text.HAL_GPIO_Init
                0x08001bf4      0x1e4 Drivers/STM32F4xx_HAL_Driver/Src/stm32f4xx_hal_gpio.o
                0x08001bf4                HAL_GPIO_Init
 .text.HAL_GPIO_WritePin
                0x08001dd8        0xc Drivers/STM32F4xx_HAL_Driver/Src/stm32f4xx_hal_gpio.o
                0x08001dd8                HAL_GPIO_WritePin
 .text.HAL_GPIO_EXTI_IRQHandler
                0x08001de4       0x1c Drivers/STM32F4xx_HAL_Driver/Src/stm32f4xx_hal_gpio.o
                0x08001de4                HAL_GPIO_EXTI_IRQHandler
 .text.I2C_IsAcknowledgeFailed
                0x08001e00       0x2a Drivers/STM32F4xx_HAL_Driver/Src/stm32f4xx_hal_i2c.o
 .text.I2C_WaitOnFlagUntilTimeout
                0x08001e2a       0x68 Drivers/STM32F4xx_HAL_Driver/Src/stm32f4xx_hal_i2c.o
 .text.I2C_WaitOnMasterAddressFlagUntilTimeout
                0x08001e92       0x90 Drivers/STM32F4xx_HAL_Driver/Src/stm32f4xx_hal_i2c.o
 .text.I2C_WaitOnTXEFlagUntilTimeout
                0x08001f22       0x4e Drivers/STM32F4xx_HAL_Driver/Src/stm32f4xx_hal_i2c.o
 .text.I2C_RequestMemoryWrite
                0x08001f70       0xd4 Drivers/STM32F4xx_HAL_Driver/Src/stm32f4xx_hal_i2c.o
 .text.I2C_RequestMemoryRead
                0x08002044      0x148 Drivers/STM32F4xx_HAL_Driver/Src/stm32f4xx_hal_i2c.o
 .text.I2C_WaitOnBTFFlagUntilTimeout
                0x0800218c       0x4e Drivers/STM32F4xx_HAL_Driver/Src/stm32f4xx_hal_i2c.o
 .text.I2C_WaitOnRXNEFlagUntilTimeout
                0x080021da       0x5c Drivers/STM32F4xx_HAL_Driver/Src/stm32f4xx_hal_i2c.o
 *fill*         0x08002236        0x2 
 .text.HAL_I2C_Init
                0x08002238      0x11c Drivers/STM32F4xx_HAL_Driver/Src/stm32f4xx_hal_i2c.o
                0x08002238                HAL_I2C_Init
 .text.HAL_I2C_Mem_Write
                0x08002354      0x17c Drivers/STM32F4xx_HAL_Driver/Src/stm32f4xx_hal_i2c.o
                0x08002354                HAL_I2C_Mem_Write
 .text.HAL_I2C_Mem_Read
                0x080024d0      0x2f4 Drivers/STM32F4xx_HAL_Driver/Src/stm32f4xx_hal_i2c.o
                0x080024d0                HAL_I2C_Mem_Read
 .text.HAL_I2C_Mem_Read_DMA
                0x080027c4      0x1c8 Drivers/STM32F4xx_HAL_Driver/Src/stm32f4xx_hal_i2c.o
                0x080027c4                HAL_I2C_Mem_Read_DMA
 .text.HAL_I2C_MasterRxCpltCallback
                0x0800298c        0x2 Drivers/STM32F4xx_HAL_Driver/Src/stm32f4xx_hal_i2c.o
                0x0800298c                HAL_I2C_MasterRxCpltCallback
 .text.HAL_I2C_ErrorCallback
                0x0800298e        0x2 Drivers/STM32F4xx_HAL_Driver/Src/stm32f4xx_hal_i2c.o
                0x0800298e                HAL_I2C_ErrorCallback
 .text.I2C_DMAError
                0x08002990       0x34 Drivers/STM32F4xx_HAL_Driver/Src/stm32f4xx_hal_i2c.o
 .text.I2C_DMAXferCplt
                0x080029c4       0x94 Drivers/STM32F4xx_HAL_Driver/Src/stm32f4xx_hal_i2c.o
 .text.HAL_PWREx_EnableOverDrive
                0x08002a58       0x80 Drivers/STM32F4xx_HAL_Driver/Src/stm32f4xx_hal_pwr_ex.o
                0x08002a58                HAL_PWREx_EnableOverDrive
 .text.HAL_RCC_OscConfig
                0x08002ad8      0x398 Drivers/STM32F4xx_HAL_Driver/Src/stm32f4xx_hal_rcc.o
                0x08002ad8                HAL_RCC_OscConfig
 .text.HAL_RCC_GetSysClockFreq
                0x08002e70       0xa4 Drivers/STM32F4xx_HAL_Driver/Src/stm32f4xx_hal_rcc.o
                0x08002e70                HAL_RCC_GetSysClockFreq
 .text.HAL_RCC_ClockConfig
                0x08002f14      0x158 Drivers/STM32F4xx_HAL_Driver/Src/stm32f4xx_hal_rcc.o
                0x08002f14                HAL_RCC_ClockConfig
 .text.HAL_RCC_GetHCLKFreq
                0x0800306c        0xc Drivers/STM32F4xx_HAL_Driver/Src/stm32f4xx_hal_rcc.o
                0x0800306c                HAL_RCC_GetHCLKFreq
 .text.HAL_RCC_GetPCLK1Freq
                0x08003078       0x20 Drivers/STM32F4xx_HAL_Driver/Src/stm32f4xx_hal_rcc.o
                0x08003078                HAL_RCC_GetPCLK1Freq
 .text.HAL_RCC_GetPCLK2Freq
                0x08003098       0x20 Drivers/STM32F4xx_HAL_Driver/Src/stm32f4xx_hal_rcc.o
                0x08003098                HAL_RCC_GetPCLK2Freq
 .text.HAL_SPI_Init
                0x080030b8       0x80 Drivers/STM32F4xx_HAL_Driver/Src/stm32f4xx_hal_spi.o
                0x080030b8                HAL_SPI_Init
 .text.TIM_OC1_SetConfig
                0x08003138       0x64 Drivers/STM32F4xx_HAL_Driver/Src/stm32f4xx_hal_tim.o
 .text.TIM_OC3_SetConfig
                0x0800319c       0x6c Drivers/STM32F4xx_HAL_Driver/Src/stm32f4xx_hal_tim.o
 .text.TIM_OC4_SetConfig
                0x08003208       0x5c Drivers/STM32F4xx_HAL_Driver/Src/stm32f4xx_hal_tim.o
 .text.TIM_TI1_ConfigInputStage
                0x08003264       0x26 Drivers/STM32F4xx_HAL_Driver/Src/stm32f4xx_hal_tim.o
 .text.TIM_TI2_ConfigInputStage
                0x0800328a       0x28 Drivers/STM32F4xx_HAL_Driver/Src/stm32f4xx_hal_tim.o
 .text.TIM_ITRx_SetConfig
                0x080032b2       0x10 Drivers/STM32F4xx_HAL_Driver/Src/stm32f4xx_hal_tim.o
 .text.TIM_ETR_SetConfig
                0x080032c2       0x18 Drivers/STM32F4xx_HAL_Driver/Src/stm32f4xx_hal_tim.o
 .text.HAL_TIM_Base_Start
                0x080032da       0x1a Drivers/STM32F4xx_HAL_Driver/Src/stm32f4xx_hal_tim.o
                0x080032da                HAL_TIM_Base_Start
 .text.HAL_TIM_PWM_MspInit
                0x080032f4        0x2 Drivers/STM32F4xx_HAL_Driver/Src/stm32f4xx_hal_tim.o
                0x080032f4                HAL_TIM_PWM_MspInit
 .text.HAL_TIM_ConfigClockSource
                0x080032f6      0x108 Drivers/STM32F4xx_HAL_Driver/Src/stm32f4xx_hal_tim.o
                0x080032f6                HAL_TIM_ConfigClockSource
 *fill*         0x080033fe        0x2 
 .text.TIM_Base_SetConfig
                0x08003400      0x11c Drivers/STM32F4xx_HAL_Driver/Src/stm32f4xx_hal_tim.o
                0x08003400                TIM_Base_SetConfig
 .text.HAL_TIM_Base_Init
                0x0800351c       0x32 Drivers/STM32F4xx_HAL_Driver/Src/stm32f4xx_hal_tim.o
                0x0800351c                HAL_TIM_Base_Init
 .text.HAL_TIM_PWM_Init
                0x0800354e       0x32 Drivers/STM32F4xx_HAL_Driver/Src/stm32f4xx_hal_tim.o
                0x0800354e                HAL_TIM_PWM_Init
 .text.TIM_OC2_SetConfig
                0x08003580       0x70 Drivers/STM32F4xx_HAL_Driver/Src/stm32f4xx_hal_tim.o
                0x08003580                TIM_OC2_SetConfig
 .text.HAL_TIM_PWM_ConfigChannel
                0x080035f0       0xdc Drivers/STM32F4xx_HAL_Driver/Src/stm32f4xx_hal_tim.o
                0x080035f0                HAL_TIM_PWM_ConfigChannel
 .text.HAL_TIMEx_MasterConfigSynchronization
                0x080036cc       0x52 Drivers/STM32F4xx_HAL_Driver/Src/stm32f4xx_hal_tim_ex.o
                0x080036cc                HAL_TIMEx_MasterConfigSynchronization
 .text.HAL_TIMEx_ConfigBreakDeadTime
                0x0800371e       0x58 Drivers/STM32F4xx_HAL_Driver/Src/stm32f4xx_hal_tim_ex.o
                0x0800371e                HAL_TIMEx_ConfigBreakDeadTime
 .text.UART_EndTxTransfer
                0x08003776       0x12 Drivers/STM32F4xx_HAL_Driver/Src/stm32f4xx_hal_uart.o
 .text.UART_EndRxTransfer
                0x08003788       0x1c Drivers/STM32F4xx_HAL_Driver/Src/stm32f4xx_hal_uart.o
 .text.UART_Transmit_IT
                0x080037a4       0x6a Drivers/STM32F4xx_HAL_Driver/Src/stm32f4xx_hal_uart.o
 *fill*         0x0800380e        0x2 
 .text.UART_SetConfig
                0x08003810      0x344 Drivers/STM32F4xx_HAL_Driver/Src/stm32f4xx_hal_uart.o
 .text.UART_WaitOnFlagUntilTimeout
                0x08003b54       0x64 Drivers/STM32F4xx_HAL_Driver/Src/stm32f4xx_hal_uart.o
 .text.HAL_UART_Init
                0x08003bb8       0x5e Drivers/STM32F4xx_HAL_Driver/Src/stm32f4xx_hal_uart.o
                0x08003bb8                HAL_UART_Init
 .text.HAL_UART_Transmit
                0x08003c16       0xe2 Drivers/STM32F4xx_HAL_Driver/Src/stm32f4xx_hal_uart.o
                0x08003c16                HAL_UART_Transmit
 .text.HAL_UART_Receive_DMA
                0x08003cf8       0xa8 Drivers/STM32F4xx_HAL_Driver/Src/stm32f4xx_hal_uart.o
                0x08003cf8                HAL_UART_Receive_DMA
 .text.UART_EndTransmit_IT
                0x08003da0       0x1a Drivers/STM32F4xx_HAL_Driver/Src/stm32f4xx_hal_uart.o
 .text.UART_DMAReceiveCplt
                0x08003dba       0x3e Drivers/STM32F4xx_HAL_Driver/Src/stm32f4xx_hal_uart.o
 .text.UART_Receive_IT
                0x08003df8       0x94 Drivers/STM32F4xx_HAL_Driver/Src/stm32f4xx_hal_uart.o
 .text.HAL_UART_RxHalfCpltCallback
                0x08003e8c        0x2 Drivers/STM32F4xx_HAL_Driver/Src/stm32f4xx_hal_uart.o
                0x08003e8c                HAL_UART_RxHalfCpltCallback
 .text.UART_DMARxHalfCplt
                0x08003e8e        0xa Drivers/STM32F4xx_HAL_Driver/Src/stm32f4xx_hal_uart.o
 .text.HAL_UART_ErrorCallback
                0x08003e98        0x2 Drivers/STM32F4xx_HAL_Driver/Src/stm32f4xx_hal_uart.o
                0x08003e98                HAL_UART_ErrorCallback
 .text.UART_DMAError
                0x08003e9a       0x58 Drivers/STM32F4xx_HAL_Driver/Src/stm32f4xx_hal_uart.o
 *fill*         0x08003ef2        0x2 
 .text.HAL_UART_IRQHandler
                0x08003ef4      0x120 Drivers/STM32F4xx_HAL_Driver/Src/stm32f4xx_hal_uart.o
                0x08003ef4                HAL_UART_IRQHandler
 .text.UART_DMAAbortOnError
                0x08004014       0x10 Drivers/STM32F4xx_HAL_Driver/Src/stm32f4xx_hal_uart.o
 .text.MPU9250_getAccelX_mss
                0x08004024        0xc Src/MPU9250.o
                0x08004024                MPU9250_getAccelX_mss
 .text.MPU9250_getAccelY_mss
                0x08004030        0xc Src/MPU9250.o
                0x08004030                MPU9250_getAccelY_mss
 .text.MPU9250_getAccelZ_mss
                0x0800403c        0xc Src/MPU9250.o
                0x0800403c                MPU9250_getAccelZ_mss
 .text.MPU9250_getGyroX_rads
                0x08004048        0xc Src/MPU9250.o
                0x08004048                MPU9250_getGyroX_rads
 .text.MPU9250_getGyroY_rads
                0x08004054        0xc Src/MPU9250.o
                0x08004054                MPU9250_getGyroY_rads
 .text.MPU9250_getGyroZ_rads
                0x08004060        0xc Src/MPU9250.o
                0x08004060                MPU9250_getGyroZ_rads
 .text.MPU9250_getMagX_uT
                0x0800406c        0xc Src/MPU9250.o
                0x0800406c                MPU9250_getMagX_uT
 .text.MPU9250_getMagY_uT
                0x08004078        0xc Src/MPU9250.o
                0x08004078                MPU9250_getMagY_uT
 .text.MPU9250_getMagZ_uT
                0x08004084        0xc Src/MPU9250.o
                0x08004084                MPU9250_getMagZ_uT
 .text.MPU9250_getTemperature_C
                0x08004090        0xc Src/MPU9250.o
                0x08004090                MPU9250_getTemperature_C
 .text.MPU9250_PRIV_readRegisters
                0x0800409c       0x38 Src/MPU9250.o
                0x0800409c                MPU9250_PRIV_readRegisters
 .text.MPU9250_readSensor
                0x080040d4      0x2d4 Src/MPU9250.o
                0x080040d4                MPU9250_readSensor
 .text.MPU9250_PRIV_writeRegister
                0x080043a8       0x60 Src/MPU9250.o
                0x080043a8                MPU9250_PRIV_writeRegister
 .text.MPU9250_setGyroRange
                0x08004408       0x98 Src/MPU9250.o
                0x08004408                MPU9250_setGyroRange
 .text.MPU9250_setDlpfBandwidth
                0x080044a0       0xf8 Src/MPU9250.o
                0x080044a0                MPU9250_setDlpfBandwidth
 .text.MPU9250_PRIV_readAK8963Registers
                0x08004598       0x5c Src/MPU9250.o
                0x08004598                MPU9250_PRIV_readAK8963Registers
 .text.MPU9250_PRIV_writeAK8963Register
                0x080045f4       0x78 Src/MPU9250.o
                0x080045f4                MPU9250_PRIV_writeAK8963Register
 .text.MPU9250_setSrd
                0x0800466c       0xb4 Src/MPU9250.o
                0x0800466c                MPU9250_setSrd
 .text.MPU9250_calibrateGyro
                0x08004720      0x1a8 Src/MPU9250.o
                0x08004720                MPU9250_calibrateGyro
 .text.MPU9250_PRIV_whoAmI
                0x080048c8       0x20 Src/MPU9250.o
                0x080048c8                MPU9250_PRIV_whoAmI
 .text.MPU9250_PRIV_whoAmIAK8963
                0x080048e8       0x20 Src/MPU9250.o
                0x080048e8                MPU9250_PRIV_whoAmIAK8963
 .text.MPU9250_begin
                0x08004908      0x2b8 Src/MPU9250.o
                0x08004908                MPU9250_begin
 .text.MX_ADC1_Init
                0x08004bc0       0xa8 Src/adc.o
                0x08004bc0                MX_ADC1_Init
 .text.HAL_ADC_MspInit
                0x08004c68       0xb4 Src/adc.o
                0x08004c68                HAL_ADC_MspInit
 .text.MX_DMA_Init
                0x08004d1c       0xb8 Src/dma.o
                0x08004d1c                MX_DMA_Init
 .text.MX_GPIO_Init
                0x08004dd4      0x140 Src/gpio.o
                0x08004dd4                MX_GPIO_Init
 .text.MX_I2C1_Init
                0x08004f14       0x44 Src/i2c.o
                0x08004f14                MX_I2C1_Init
 .text.MX_I2C2_Init
                0x08004f58       0x44 Src/i2c.o
                0x08004f58                MX_I2C2_Init
 .text.HAL_I2C_MspInit
                0x08004f9c      0x11c Src/i2c.o
                0x08004f9c                HAL_I2C_MspInit
 .text.sbus_init
                0x080050b8       0x18 Src/main.o
                0x080050b8                sbus_init
 .text.HAL_UART_RxCpltCallback
                0x080050d0        0x2 Src/main.o
                0x080050d0                HAL_UART_RxCpltCallback
 .text.HAL_UART_TxCpltCallback
                0x080050d2        0x2 Src/main.o
                0x080050d2                HAL_UART_TxCpltCallback
 .text.USART1_IRQCallback
                0x080050d4       0x34 Src/main.o
                0x080050d4                USART1_IRQCallback
 .text.UART5_IRQCallback
                0x08005108       0x34 Src/main.o
                0x08005108                UART5_IRQCallback
 .text.UART6_IRQCallback
                0x0800513c       0x34 Src/main.o
                0x0800513c                UART6_IRQCallback
 .text.HAL_I2C_MemRxCpltCallback
                0x08005170       0x1c Src/main.o
                0x08005170                HAL_I2C_MemRxCpltCallback
 .text.HAL_GPIO_EXTI_Callback
                0x0800518c       0x14 Src/main.o
                0x0800518c                HAL_GPIO_EXTI_Callback
 .text.send_debug_string_blocking
                0x080051a0       0x1c Src/main.o
                0x080051a0                send_debug_string_blocking
 .text.HAL_ADC_ConvCpltCallback
                0x080051bc       0x24 Src/main.o
                0x080051bc                HAL_ADC_ConvCpltCallback
 .text.ADC_Init
                0x080051e0       0x20 Src/main.o
                0x080051e0                ADC_Init
 .text.Microseconds_Timer_Init
                0x08005200       0x10 Src/main.o
                0x08005200                Microseconds_Timer_Init
 .text.config_LEDs_for_GPIO
                0x08005210       0x48 Src/main.o
                0x08005210                config_LEDs_for_GPIO
 .text._Error_Handler
                0x08005258        0x2 Src/main.o
                0x08005258                _Error_Handler
 *fill*         0x0800525a        0x2 
 .text.SystemClock_Config
                0x0800525c       0xd8 Src/main.o
                0x0800525c                SystemClock_Config
 *fill*         0x08005334        0x4 
 .text.main     0x08005338      0x2fc Src/main.o
                0x08005338                main
 .text.MX_SPI2_Init
                0x08005634       0x48 Src/spi.o
                0x08005634                MX_SPI2_Init
 .text.MX_SPI4_Init
                0x0800567c       0x48 Src/spi.o
                0x0800567c                MX_SPI4_Init
 .text.HAL_SPI_MspInit
                0x080056c4       0x98 Src/spi.o
                0x080056c4                HAL_SPI_MspInit
 .text.HAL_MspInit
                0x0800575c       0x94 Src/stm32f4xx_hal_msp.o
                0x0800575c                HAL_MspInit
 .text.NMI_Handler
                0x080057f0        0x2 Src/stm32f4xx_it.o
                0x080057f0                NMI_Handler
 .text.HardFault_Handler
                0x080057f2        0x2 Src/stm32f4xx_it.o
                0x080057f2                HardFault_Handler
 .text.MemManage_Handler
                0x080057f4        0x2 Src/stm32f4xx_it.o
                0x080057f4                MemManage_Handler
 .text.BusFault_Handler
                0x080057f6        0x2 Src/stm32f4xx_it.o
                0x080057f6                BusFault_Handler
 .text.UsageFault_Handler
                0x080057f8        0x2 Src/stm32f4xx_it.o
                0x080057f8                UsageFault_Handler
 .text.SVC_Handler
                0x080057fa        0x2 Src/stm32f4xx_it.o
                0x080057fa                SVC_Handler
 .text.DebugMon_Handler
                0x080057fc        0x2 Src/stm32f4xx_it.o
                0x080057fc                DebugMon_Handler
 .text.PendSV_Handler
                0x080057fe        0x2 Src/stm32f4xx_it.o
                0x080057fe                PendSV_Handler
 .text.SysTick_Handler
                0x08005800        0xc Src/stm32f4xx_it.o
                0x08005800                SysTick_Handler
 .text.DMA1_Stream0_IRQHandler
                0x0800580c       0x10 Src/stm32f4xx_it.o
                0x0800580c                DMA1_Stream0_IRQHandler
 .text.DMA1_Stream5_IRQHandler
                0x0800581c       0x10 Src/stm32f4xx_it.o
                0x0800581c                DMA1_Stream5_IRQHandler
 .text.DMA1_Stream6_IRQHandler
                0x0800582c       0x10 Src/stm32f4xx_it.o
                0x0800582c                DMA1_Stream6_IRQHandler
 .text.ADC_IRQHandler
                0x0800583c       0x10 Src/stm32f4xx_it.o
                0x0800583c                ADC_IRQHandler
 .text.USART1_IRQHandler
                0x0800584c       0x18 Src/stm32f4xx_it.o
                0x0800584c                USART1_IRQHandler
 .text.USART3_IRQHandler
                0x08005864       0x10 Src/stm32f4xx_it.o
                0x08005864                USART3_IRQHandler
 .text.EXTI15_10_IRQHandler
                0x08005874       0x1c Src/stm32f4xx_it.o
                0x08005874                EXTI15_10_IRQHandler
 .text.DMA1_Stream7_IRQHandler
                0x08005890       0x10 Src/stm32f4xx_it.o
                0x08005890                DMA1_Stream7_IRQHandler
 .text.UART5_IRQHandler
                0x080058a0       0x18 Src/stm32f4xx_it.o
                0x080058a0                UART5_IRQHandler
 .text.DMA2_Stream0_IRQHandler
                0x080058b8       0x10 Src/stm32f4xx_it.o
                0x080058b8                DMA2_Stream0_IRQHandler
 .text.DMA2_Stream1_IRQHandler
                0x080058c8       0x10 Src/stm32f4xx_it.o
                0x080058c8                DMA2_Stream1_IRQHandler
 .text.DMA2_Stream2_IRQHandler
                0x080058d8       0x10 Src/stm32f4xx_it.o
                0x080058d8                DMA2_Stream2_IRQHandler
 .text.DMA2_Stream7_IRQHandler
                0x080058e8       0x10 Src/stm32f4xx_it.o
                0x080058e8                DMA2_Stream7_IRQHandler
 .text.USART6_IRQHandler
                0x080058f8       0x18 Src/stm32f4xx_it.o
                0x080058f8                USART6_IRQHandler
 .text.SystemInit
                0x08005910       0x4c Src/system_stm32f4xx.o
                0x08005910                SystemInit
 .text.MX_TIM2_Init
                0x0800595c       0x70 Src/tim.o
                0x0800595c                MX_TIM2_Init
 .text.HAL_TIM_Base_MspInit
                0x080059cc       0x98 Src/tim.o
                0x080059cc                HAL_TIM_Base_MspInit
 .text.HAL_TIM_MspPostInit
                0x08005a64       0x84 Src/tim.o
                0x08005a64                HAL_TIM_MspPostInit
 .text.MX_TIM1_Init
                0x08005ae8      0x12c Src/tim.o
                0x08005ae8                MX_TIM1_Init
 .text.MX_TIM3_Init
                0x08005c14       0xb0 Src/tim.o
                0x08005c14                MX_TIM3_Init
 .text.MX_TIM4_Init
                0x08005cc4       0xc4 Src/tim.o
                0x08005cc4                MX_TIM4_Init
 .text.MX_UART5_Init
                0x08005d88       0x3c Src/usart.o
                0x08005d88                MX_UART5_Init
 .text.MX_USART1_UART_Init
                0x08005dc4       0x3c Src/usart.o
                0x08005dc4                MX_USART1_UART_Init
 .text.MX_USART3_UART_Init
                0x08005e00       0x3c Src/usart.o
                0x08005e00                MX_USART3_UART_Init
 .text.MX_USART6_UART_Init
                0x08005e3c       0x4c Src/usart.o
                0x08005e3c                MX_USART6_UART_Init
 .text.HAL_UART_MspInit
                0x08005e88      0x2d4 Src/usart.o
                0x08005e88                HAL_UART_MspInit
 .text.Reset_Handler
                0x0800615c       0x50 startup/startup_stm32f429xx.o
                0x0800615c                Reset_Handler
 .text.Default_Handler
                0x080061ac        0x2 startup/startup_stm32f429xx.o
                0x080061ac                RTC_Alarm_IRQHandler
                0x080061ac                HASH_RNG_IRQHandler
                0x080061ac                EXTI2_IRQHandler
                0x080061ac                TIM8_CC_IRQHandler
                0x080061ac                UART8_IRQHandler
                0x080061ac                SPI4_IRQHandler
                0x080061ac                TIM1_CC_IRQHandler
                0x080061ac                DMA2_Stream5_IRQHandler
                0x080061ac                PVD_IRQHandler
                0x080061ac                SDIO_IRQHandler
                0x080061ac                TAMP_STAMP_IRQHandler
                0x080061ac                CAN2_RX1_IRQHandler
                0x080061ac                EXTI3_IRQHandler
                0x080061ac                TIM8_TRG_COM_TIM14_IRQHandler
                0x080061ac                TIM1_UP_TIM10_IRQHandler
                0x080061ac                TIM8_UP_TIM13_IRQHandler
                0x080061ac                I2C3_ER_IRQHandler
                0x080061ac                EXTI0_IRQHandler
                0x080061ac                I2C2_EV_IRQHandler
                0x080061ac                DMA1_Stream2_IRQHandler
                0x080061ac                CAN1_RX0_IRQHandler
                0x080061ac                FPU_IRQHandler
                0x080061ac                OTG_HS_WKUP_IRQHandler
                0x080061ac                LTDC_ER_IRQHandler
                0x080061ac                CAN2_SCE_IRQHandler
                0x080061ac                SPI1_IRQHandler
                0x080061ac                TIM6_DAC_IRQHandler
                0x080061ac                TIM1_BRK_TIM9_IRQHandler
                0x080061ac                DCMI_IRQHandler
                0x080061ac                CAN2_RX0_IRQHandler
                0x080061ac                DMA2_Stream3_IRQHandler
                0x080061ac                CAN1_RX1_IRQHandler
                0x080061ac                TIM4_IRQHandler
                0x080061ac                I2C1_EV_IRQHandler
                0x080061ac                DMA1_Stream1_IRQHandler
                0x080061ac                UART4_IRQHandler
                0x080061ac                TIM3_IRQHandler
                0x080061ac                RCC_IRQHandler
                0x080061ac                TIM8_BRK_TIM12_IRQHandler
                0x080061ac                Default_Handler
                0x080061ac                SPI5_IRQHandler
                0x080061ac                TIM7_IRQHandler
                0x080061ac                CAN2_TX_IRQHandler
                0x080061ac                TIM5_IRQHandler
                0x080061ac                I2C3_EV_IRQHandler
                0x080061ac                EXTI9_5_IRQHandler
                0x080061ac                RTC_WKUP_IRQHandler
                0x080061ac                LTDC_IRQHandler
                0x080061ac                ETH_WKUP_IRQHandler
                0x080061ac                SPI2_IRQHandler
                0x080061ac                OTG_HS_EP1_IN_IRQHandler
                0x080061ac                CAN1_TX_IRQHandler
                0x080061ac                EXTI4_IRQHandler
                0x080061ac                ETH_IRQHandler
                0x080061ac                OTG_HS_EP1_OUT_IRQHandler
                0x080061ac                WWDG_IRQHandler
                0x080061ac                SPI6_IRQHandler
                0x080061ac                TIM2_IRQHandler
                0x080061ac                OTG_FS_WKUP_IRQHandler
                0x080061ac                TIM1_TRG_COM_TIM11_IRQHandler
                0x080061ac                OTG_HS_IRQHandler
                0x080061ac                DMA2D_IRQHandler
                0x080061ac                EXTI1_IRQHandler
                0x080061ac                UART7_IRQHandler
                0x080061ac                USART2_IRQHandler
                0x080061ac                I2C2_ER_IRQHandler
                0x080061ac                CAN1_SCE_IRQHandler
                0x080061ac                FLASH_IRQHandler
                0x080061ac                DMA2_Stream4_IRQHandler
                0x080061ac                OTG_FS_IRQHandler
                0x080061ac                SPI3_IRQHandler
                0x080061ac                DMA1_Stream4_IRQHandler
                0x080061ac                I2C1_ER_IRQHandler
                0x080061ac                FMC_IRQHandler
                0x080061ac                DMA2_Stream6_IRQHandler
                0x080061ac                SAI1_IRQHandler
                0x080061ac                DMA1_Stream3_IRQHandler
 *fill*         0x080061ae        0x2 
 .text.__libc_init_array
                0x080061b0       0x48 c:/ac6/systemworkbench/plugins/fr.ac6.mcu.externaltools.arm-none.win32_1.15.0.201708311556/tools/compiler/bin/../lib/gcc/arm-none-eabi/6.3.1/../../../../arm-none-eabi/lib/thumb/v7e-m/fpv4-sp/hard\libc_nano.a(lib_a-init.o)
                0x080061b0                __libc_init_array
 .text.memcpy   0x080061f8       0x16 c:/ac6/systemworkbench/plugins/fr.ac6.mcu.externaltools.arm-none.win32_1.15.0.201708311556/tools/compiler/bin/../lib/gcc/arm-none-eabi/6.3.1/../../../../arm-none-eabi/lib/thumb/v7e-m/fpv4-sp/hard\libc_nano.a(lib_a-memcpy-stub.o)
                0x080061f8                memcpy
 .text.memset   0x0800620e       0x10 c:/ac6/systemworkbench/plugins/fr.ac6.mcu.externaltools.arm-none.win32_1.15.0.201708311556/tools/compiler/bin/../lib/gcc/arm-none-eabi/6.3.1/../../../../arm-none-eabi/lib/thumb/v7e-m/fpv4-sp/hard\libc_nano.a(lib_a-memset.o)
                0x0800620e                memset
 .text.__cvt    0x0800621e       0xc2 c:/ac6/systemworkbench/plugins/fr.ac6.mcu.externaltools.arm-none.win32_1.15.0.201708311556/tools/compiler/bin/../lib/gcc/arm-none-eabi/6.3.1/../../../../arm-none-eabi/lib/thumb/v7e-m/fpv4-sp/hard\libc_nano.a(lib_a-nano-vfprintf_float.o)
                0x0800621e                __cvt
 .text.__exponent
                0x080062e0       0x6a c:/ac6/systemworkbench/plugins/fr.ac6.mcu.externaltools.arm-none.win32_1.15.0.201708311556/tools/compiler/bin/../lib/gcc/arm-none-eabi/6.3.1/../../../../arm-none-eabi/lib/thumb/v7e-m/fpv4-sp/hard\libc_nano.a(lib_a-nano-vfprintf_float.o)
                0x080062e0                __exponent
 *fill*         0x0800634a        0x2 
 .text._printf_float
                0x0800634c      0x480 c:/ac6/systemworkbench/plugins/fr.ac6.mcu.externaltools.arm-none.win32_1.15.0.201708311556/tools/compiler/bin/../lib/gcc/arm-none-eabi/6.3.1/../../../../arm-none-eabi/lib/thumb/v7e-m/fpv4-sp/hard\libc_nano.a(lib_a-nano-vfprintf_float.o)
                0x0800634c                _printf_float
 .text._printf_common
                0x080067cc       0xec c:/ac6/systemworkbench/plugins/fr.ac6.mcu.externaltools.arm-none.win32_1.15.0.201708311556/tools/compiler/bin/../lib/gcc/arm-none-eabi/6.3.1/../../../../arm-none-eabi/lib/thumb/v7e-m/fpv4-sp/hard\libc_nano.a(lib_a-nano-vfprintf_i.o)
                0x080067cc                _printf_common
 .text._printf_i
                0x080068b8      0x240 c:/ac6/systemworkbench/plugins/fr.ac6.mcu.externaltools.arm-none.win32_1.15.0.201708311556/tools/compiler/bin/../lib/gcc/arm-none-eabi/6.3.1/../../../../arm-none-eabi/lib/thumb/v7e-m/fpv4-sp/hard\libc_nano.a(lib_a-nano-vfprintf_i.o)
                0x080068b8                _printf_i
 .text.sprintf  0x08006af8       0x48 c:/ac6/systemworkbench/plugins/fr.ac6.mcu.externaltools.arm-none.win32_1.15.0.201708311556/tools/compiler/bin/../lib/gcc/arm-none-eabi/6.3.1/../../../../arm-none-eabi/lib/thumb/v7e-m/fpv4-sp/hard\libc_nano.a(lib_a-sprintf.o)
                0x08006af8                siprintf
                0x08006af8                sprintf
 .text.quorem   0x08006b40      0x118 c:/ac6/systemworkbench/plugins/fr.ac6.mcu.externaltools.arm-none.win32_1.15.0.201708311556/tools/compiler/bin/../lib/gcc/arm-none-eabi/6.3.1/../../../../arm-none-eabi/lib/thumb/v7e-m/fpv4-sp/hard\libc_nano.a(lib_a-dtoa.o)
 .text._dtoa_r  0x08006c58      0xb9c c:/ac6/systemworkbench/plugins/fr.ac6.mcu.externaltools.arm-none.win32_1.15.0.201708311556/tools/compiler/bin/../lib/gcc/arm-none-eabi/6.3.1/../../../../arm-none-eabi/lib/thumb/v7e-m/fpv4-sp/hard\libc_nano.a(lib_a-dtoa.o)
                0x08006c58                _dtoa_r
 .text._localeconv_r
                0x080077f4       0x1c c:/ac6/systemworkbench/plugins/fr.ac6.mcu.externaltools.arm-none.win32_1.15.0.201708311556/tools/compiler/bin/../lib/gcc/arm-none-eabi/6.3.1/../../../../arm-none-eabi/lib/thumb/v7e-m/fpv4-sp/hard\libc_nano.a(lib_a-localeconv.o)
                0x080077f4                _localeconv_r
 .text.malloc   0x08007810       0x10 c:/ac6/systemworkbench/plugins/fr.ac6.mcu.externaltools.arm-none.win32_1.15.0.201708311556/tools/compiler/bin/../lib/gcc/arm-none-eabi/6.3.1/../../../../arm-none-eabi/lib/thumb/v7e-m/fpv4-sp/hard\libc_nano.a(lib_a-malloc.o)
                0x08007810                malloc
 .text._Balloc  0x08007820       0x68 c:/ac6/systemworkbench/plugins/fr.ac6.mcu.externaltools.arm-none.win32_1.15.0.201708311556/tools/compiler/bin/../lib/gcc/arm-none-eabi/6.3.1/../../../../arm-none-eabi/lib/thumb/v7e-m/fpv4-sp/hard\libc_nano.a(lib_a-mprec.o)
                0x08007820                _Balloc
 .text._Bfree   0x08007888       0x2e c:/ac6/systemworkbench/plugins/fr.ac6.mcu.externaltools.arm-none.win32_1.15.0.201708311556/tools/compiler/bin/../lib/gcc/arm-none-eabi/6.3.1/../../../../arm-none-eabi/lib/thumb/v7e-m/fpv4-sp/hard\libc_nano.a(lib_a-mprec.o)
                0x08007888                _Bfree
 .text.__multadd
                0x080078b6       0x76 c:/ac6/systemworkbench/plugins/fr.ac6.mcu.externaltools.arm-none.win32_1.15.0.201708311556/tools/compiler/bin/../lib/gcc/arm-none-eabi/6.3.1/../../../../arm-none-eabi/lib/thumb/v7e-m/fpv4-sp/hard\libc_nano.a(lib_a-mprec.o)
                0x080078b6                __multadd
 .text.__hi0bits
                0x0800792c       0x3e c:/ac6/systemworkbench/plugins/fr.ac6.mcu.externaltools.arm-none.win32_1.15.0.201708311556/tools/compiler/bin/../lib/gcc/arm-none-eabi/6.3.1/../../../../arm-none-eabi/lib/thumb/v7e-m/fpv4-sp/hard\libc_nano.a(lib_a-mprec.o)
                0x0800792c                __hi0bits
 .text.__lo0bits
                0x0800796a       0x5e c:/ac6/systemworkbench/plugins/fr.ac6.mcu.externaltools.arm-none.win32_1.15.0.201708311556/tools/compiler/bin/../lib/gcc/arm-none-eabi/6.3.1/../../../../arm-none-eabi/lib/thumb/v7e-m/fpv4-sp/hard\libc_nano.a(lib_a-mprec.o)
                0x0800796a                __lo0bits
 .text.__i2b    0x080079c8       0x12 c:/ac6/systemworkbench/plugins/fr.ac6.mcu.externaltools.arm-none.win32_1.15.0.201708311556/tools/compiler/bin/../lib/gcc/arm-none-eabi/6.3.1/../../../../arm-none-eabi/lib/thumb/v7e-m/fpv4-sp/hard\libc_nano.a(lib_a-mprec.o)
                0x080079c8                __i2b
 .text.__multiply
                0x080079da      0x11a c:/ac6/systemworkbench/plugins/fr.ac6.mcu.externaltools.arm-none.win32_1.15.0.201708311556/tools/compiler/bin/../lib/gcc/arm-none-eabi/6.3.1/../../../../arm-none-eabi/lib/thumb/v7e-m/fpv4-sp/hard\libc_nano.a(lib_a-mprec.o)
                0x080079da                __multiply
 .text.__pow5mult
                0x08007af4       0x9c c:/ac6/systemworkbench/plugins/fr.ac6.mcu.externaltools.arm-none.win32_1.15.0.201708311556/tools/compiler/bin/../lib/gcc/arm-none-eabi/6.3.1/../../../../arm-none-eabi/lib/thumb/v7e-m/fpv4-sp/hard\libc_nano.a(lib_a-mprec.o)
                0x08007af4                __pow5mult
 .text.__lshift
                0x08007b90       0xa2 c:/ac6/systemworkbench/plugins/fr.ac6.mcu.externaltools.arm-none.win32_1.15.0.201708311556/tools/compiler/bin/../lib/gcc/arm-none-eabi/6.3.1/../../../../arm-none-eabi/lib/thumb/v7e-m/fpv4-sp/hard\libc_nano.a(lib_a-mprec.o)
                0x08007b90                __lshift
 .text.__mcmp   0x08007c32       0x34 c:/ac6/systemworkbench/plugins/fr.ac6.mcu.externaltools.arm-none.win32_1.15.0.201708311556/tools/compiler/bin/../lib/gcc/arm-none-eabi/6.3.1/../../../../arm-none-eabi/lib/thumb/v7e-m/fpv4-sp/hard\libc_nano.a(lib_a-mprec.o)
                0x08007c32                __mcmp
 .text.__mdiff  0x08007c66       0xbc c:/ac6/systemworkbench/plugins/fr.ac6.mcu.externaltools.arm-none.win32_1.15.0.201708311556/tools/compiler/bin/../lib/gcc/arm-none-eabi/6.3.1/../../../../arm-none-eabi/lib/thumb/v7e-m/fpv4-sp/hard\libc_nano.a(lib_a-mprec.o)
                0x08007c66                __mdiff
 .text.__d2b    0x08007d22       0x9e c:/ac6/systemworkbench/plugins/fr.ac6.mcu.externaltools.arm-none.win32_1.15.0.201708311556/tools/compiler/bin/../lib/gcc/arm-none-eabi/6.3.1/../../../../arm-none-eabi/lib/thumb/v7e-m/fpv4-sp/hard\libc_nano.a(lib_a-mprec.o)
                0x08007d22                __d2b
 .text._calloc_r
                0x08007dc0       0x1c c:/ac6/systemworkbench/plugins/fr.ac6.mcu.externaltools.arm-none.win32_1.15.0.201708311556/tools/compiler/bin/../lib/gcc/arm-none-eabi/6.3.1/../../../../arm-none-eabi/lib/thumb/v7e-m/fpv4-sp/hard\libc_nano.a(lib_a-nano-callocr.o)
                0x08007dc0                _calloc_r
 .text._free_r  0x08007ddc       0x9c c:/ac6/systemworkbench/plugins/fr.ac6.mcu.externaltools.arm-none.win32_1.15.0.201708311556/tools/compiler/bin/../lib/gcc/arm-none-eabi/6.3.1/../../../../arm-none-eabi/lib/thumb/v7e-m/fpv4-sp/hard\libc_nano.a(lib_a-nano-freer.o)
                0x08007ddc                _free_r
 .text._malloc_r
                0x08007e78       0xbc c:/ac6/systemworkbench/plugins/fr.ac6.mcu.externaltools.arm-none.win32_1.15.0.201708311556/tools/compiler/bin/../lib/gcc/arm-none-eabi/6.3.1/../../../../arm-none-eabi/lib/thumb/v7e-m/fpv4-sp/hard\libc_nano.a(lib_a-nano-mallocr.o)
                0x08007e78                _malloc_r
 .text.__ssputs_r
                0x08007f34       0xb6 c:/ac6/systemworkbench/plugins/fr.ac6.mcu.externaltools.arm-none.win32_1.15.0.201708311556/tools/compiler/bin/../lib/gcc/arm-none-eabi/6.3.1/../../../../arm-none-eabi/lib/thumb/v7e-m/fpv4-sp/hard\libc_nano.a(lib_a-nano-svfprintf.o)
                0x08007f34                __ssputs_r
 *fill*         0x08007fea        0x2 
 .text._svfprintf_r
                0x08007fec      0x1e8 c:/ac6/systemworkbench/plugins/fr.ac6.mcu.externaltools.arm-none.win32_1.15.0.201708311556/tools/compiler/bin/../lib/gcc/arm-none-eabi/6.3.1/../../../../arm-none-eabi/lib/thumb/v7e-m/fpv4-sp/hard\libc_nano.a(lib_a-nano-svfprintf.o)
                0x08007fec                _svfiprintf_r
                0x08007fec                _svfprintf_r
 .text._sbrk_r  0x080081d4       0x20 c:/ac6/systemworkbench/plugins/fr.ac6.mcu.externaltools.arm-none.win32_1.15.0.201708311556/tools/compiler/bin/../lib/gcc/arm-none-eabi/6.3.1/../../../../arm-none-eabi/lib/thumb/v7e-m/fpv4-sp/hard\libc_nano.a(lib_a-sbrkr.o)
                0x080081d4                _sbrk_r
 .text.__ascii_mbtowc
                0x080081f4       0x24 c:/ac6/systemworkbench/plugins/fr.ac6.mcu.externaltools.arm-none.win32_1.15.0.201708311556/tools/compiler/bin/../lib/gcc/arm-none-eabi/6.3.1/../../../../arm-none-eabi/lib/thumb/v7e-m/fpv4-sp/hard\libc_nano.a(lib_a-mbtowc_r.o)
                0x080081f4                __ascii_mbtowc
 .text.memmove  0x08008218       0x34 c:/ac6/systemworkbench/plugins/fr.ac6.mcu.externaltools.arm-none.win32_1.15.0.201708311556/tools/compiler/bin/../lib/gcc/arm-none-eabi/6.3.1/../../../../arm-none-eabi/lib/thumb/v7e-m/fpv4-sp/hard\libc_nano.a(lib_a-memmove.o)
                0x08008218                memmove
 .text.__malloc_lock
                0x0800824c        0x2 c:/ac6/systemworkbench/plugins/fr.ac6.mcu.externaltools.arm-none.win32_1.15.0.201708311556/tools/compiler/bin/../lib/gcc/arm-none-eabi/6.3.1/../../../../arm-none-eabi/lib/thumb/v7e-m/fpv4-sp/hard\libc_nano.a(lib_a-mlock.o)
                0x0800824c                __malloc_lock
 .text.__malloc_unlock
                0x0800824e        0x2 c:/ac6/systemworkbench/plugins/fr.ac6.mcu.externaltools.arm-none.win32_1.15.0.201708311556/tools/compiler/bin/../lib/gcc/arm-none-eabi/6.3.1/../../../../arm-none-eabi/lib/thumb/v7e-m/fpv4-sp/hard\libc_nano.a(lib_a-mlock.o)
                0x0800824e                __malloc_unlock
 .text._realloc_r
                0x08008250       0x4c c:/ac6/systemworkbench/plugins/fr.ac6.mcu.externaltools.arm-none.win32_1.15.0.201708311556/tools/compiler/bin/../lib/gcc/arm-none-eabi/6.3.1/../../../../arm-none-eabi/lib/thumb/v7e-m/fpv4-sp/hard\libc_nano.a(lib_a-nano-reallocr.o)
                0x08008250                _realloc_r
 .text.__ascii_wctomb
                0x0800829c       0x1a c:/ac6/systemworkbench/plugins/fr.ac6.mcu.externaltools.arm-none.win32_1.15.0.201708311556/tools/compiler/bin/../lib/gcc/arm-none-eabi/6.3.1/../../../../arm-none-eabi/lib/thumb/v7e-m/fpv4-sp/hard\libc_nano.a(lib_a-wctomb_r.o)
                0x0800829c                __ascii_wctomb
 .text._malloc_usable_size_r
                0x080082b6       0x12 c:/ac6/systemworkbench/plugins/fr.ac6.mcu.externaltools.arm-none.win32_1.15.0.201708311556/tools/compiler/bin/../lib/gcc/arm-none-eabi/6.3.1/../../../../arm-none-eabi/lib/thumb/v7e-m/fpv4-sp/hard\libc_nano.a(lib_a-nano-msizer.o)
                0x080082b6                _malloc_usable_size_r
 .text._sbrk    0x080082c8       0x1c c:/ac6/systemworkbench/plugins/fr.ac6.mcu.externaltools.arm-none.win32_1.15.0.201708311556/tools/compiler/bin/../lib/gcc/arm-none-eabi/6.3.1/../../../../arm-none-eabi/lib/thumb/v7e-m/fpv4-sp/hard\libnosys.a(sbrk.o)
                0x080082c8                _sbrk
 *(.glue_7)
 .glue_7        0x080082e4        0x0 linker stubs
 *(.glue_7t)
 .glue_7t       0x080082e4        0x0 linker stubs
 *(.eh_frame)
 .eh_frame      0x080082e4        0x0 c:/ac6/systemworkbench/plugins/fr.ac6.mcu.externaltools.arm-none.win32_1.15.0.201708311556/tools/compiler/bin/../lib/gcc/arm-none-eabi/6.3.1/thumb/v7e-m/fpv4-sp/hard/crtbegin.o
 *(.init)
 .init          0x080082e4        0x4 c:/ac6/systemworkbench/plugins/fr.ac6.mcu.externaltools.arm-none.win32_1.15.0.201708311556/tools/compiler/bin/../lib/gcc/arm-none-eabi/6.3.1/thumb/v7e-m/fpv4-sp/hard/crti.o
                0x080082e4                _init
 .init          0x080082e8        0x8 c:/ac6/systemworkbench/plugins/fr.ac6.mcu.externaltools.arm-none.win32_1.15.0.201708311556/tools/compiler/bin/../lib/gcc/arm-none-eabi/6.3.1/thumb/v7e-m/fpv4-sp/hard/crtn.o
 *(.fini)
 .fini          0x080082f0        0x4 c:/ac6/systemworkbench/plugins/fr.ac6.mcu.externaltools.arm-none.win32_1.15.0.201708311556/tools/compiler/bin/../lib/gcc/arm-none-eabi/6.3.1/thumb/v7e-m/fpv4-sp/hard/crti.o
                0x080082f0                _fini
 .fini          0x080082f4        0x8 c:/ac6/systemworkbench/plugins/fr.ac6.mcu.externaltools.arm-none.win32_1.15.0.201708311556/tools/compiler/bin/../lib/gcc/arm-none-eabi/6.3.1/thumb/v7e-m/fpv4-sp/hard/crtn.o
                0x080082fc                . = ALIGN (0x4)
                0x080082fc                _etext = .

.vfp11_veneer   0x080082fc        0x0
 .vfp11_veneer  0x080082fc        0x0 linker stubs

.v4_bx          0x080082fc        0x0
 .v4_bx         0x080082fc        0x0 linker stubs

.iplt           0x080082fc        0x0
 .iplt          0x080082fc        0x0 c:/ac6/systemworkbench/plugins/fr.ac6.mcu.externaltools.arm-none.win32_1.15.0.201708311556/tools/compiler/bin/../lib/gcc/arm-none-eabi/6.3.1/thumb/v7e-m/fpv4-sp/hard/crtbegin.o

.rodata         0x08008300      0x3a8
                0x08008300                . = ALIGN (0x4)
 *(.rodata)
 .rodata        0x08008300        0x8 Drivers/STM32F4xx_HAL_Driver/Src/stm32f4xx_hal_dma.o
 .rodata        0x08008308       0x18 Src/system_stm32f4xx.o
                0x08008308                AHBPrescTable
                0x08008318                APBPrescTable
 *(.rodata*)
 .rodata.str1.4
                0x08008320        0xd Src/adc.o
 *fill*         0x0800832d        0x3 
 .rodata.str1.4
                0x08008330        0xd Src/i2c.o
 *fill*         0x0800833d        0x3 
 .rodata.str1.4
                0x08008340       0xd9 Src/main.o
 *fill*         0x08008419        0x3 
 .rodata.str1.4
                0x0800841c        0xd Src/spi.o
 *fill*         0x08008429        0x3 
 .rodata.str1.4
                0x0800842c        0xd Src/tim.o
 *fill*         0x08008439        0x3 
 .rodata.str1.4
                0x0800843c       0x10 Src/usart.o
                                  0xf (size before relaxing)
 .rodata._printf_float.str1.1
                0x0800844c       0x12 c:/ac6/systemworkbench/plugins/fr.ac6.mcu.externaltools.arm-none.win32_1.15.0.201708311556/tools/compiler/bin/../lib/gcc/arm-none-eabi/6.3.1/../../../../arm-none-eabi/lib/thumb/v7e-m/fpv4-sp/hard\libc_nano.a(lib_a-nano-vfprintf_float.o)
 .rodata._printf_i.str1.1
                0x0800845e       0x22 c:/ac6/systemworkbench/plugins/fr.ac6.mcu.externaltools.arm-none.win32_1.15.0.201708311556/tools/compiler/bin/../lib/gcc/arm-none-eabi/6.3.1/../../../../arm-none-eabi/lib/thumb/v7e-m/fpv4-sp/hard\libc_nano.a(lib_a-nano-vfprintf_i.o)
 .rodata._dtoa_r.str1.1
                0x08008480        0xd c:/ac6/systemworkbench/plugins/fr.ac6.mcu.externaltools.arm-none.win32_1.15.0.201708311556/tools/compiler/bin/../lib/gcc/arm-none-eabi/6.3.1/../../../../arm-none-eabi/lib/thumb/v7e-m/fpv4-sp/hard\libc_nano.a(lib_a-dtoa.o)
                                  0xf (size before relaxing)
 *fill*         0x0800848d        0x3 
 .rodata.__mprec_bigtens
                0x08008490       0x28 c:/ac6/systemworkbench/plugins/fr.ac6.mcu.externaltools.arm-none.win32_1.15.0.201708311556/tools/compiler/bin/../lib/gcc/arm-none-eabi/6.3.1/../../../../arm-none-eabi/lib/thumb/v7e-m/fpv4-sp/hard\libc_nano.a(lib_a-mprec.o)
                0x08008490                __mprec_bigtens
 .rodata.__mprec_tens
                0x080084b8       0xc8 c:/ac6/systemworkbench/plugins/fr.ac6.mcu.externaltools.arm-none.win32_1.15.0.201708311556/tools/compiler/bin/../lib/gcc/arm-none-eabi/6.3.1/../../../../arm-none-eabi/lib/thumb/v7e-m/fpv4-sp/hard\libc_nano.a(lib_a-mprec.o)
                0x080084b8                __mprec_tens
 .rodata.p05.7170
                0x08008580        0xc c:/ac6/systemworkbench/plugins/fr.ac6.mcu.externaltools.arm-none.win32_1.15.0.201708311556/tools/compiler/bin/../lib/gcc/arm-none-eabi/6.3.1/../../../../arm-none-eabi/lib/thumb/v7e-m/fpv4-sp/hard\libc_nano.a(lib_a-mprec.o)
 .rodata._svfprintf_r.str1.1
                0x0800858c       0x11 c:/ac6/systemworkbench/plugins/fr.ac6.mcu.externaltools.arm-none.win32_1.15.0.201708311556/tools/compiler/bin/../lib/gcc/arm-none-eabi/6.3.1/../../../../arm-none-eabi/lib/thumb/v7e-m/fpv4-sp/hard\libc_nano.a(lib_a-nano-svfprintf.o)
 .rodata._setlocale_r.str1.1
                0x0800859d        0x8 c:/ac6/systemworkbench/plugins/fr.ac6.mcu.externaltools.arm-none.win32_1.15.0.201708311556/tools/compiler/bin/../lib/gcc/arm-none-eabi/6.3.1/../../../../arm-none-eabi/lib/thumb/v7e-m/fpv4-sp/hard\libc_nano.a(lib_a-locale.o)
                                  0x9 (size before relaxing)
 .rodata.str1.1
                0x080085a5        0x2 c:/ac6/systemworkbench/plugins/fr.ac6.mcu.externaltools.arm-none.win32_1.15.0.201708311556/tools/compiler/bin/../lib/gcc/arm-none-eabi/6.3.1/../../../../arm-none-eabi/lib/thumb/v7e-m/fpv4-sp/hard\libc_nano.a(lib_a-locale.o)
 .rodata._ctype_
                0x080085a7      0x101 c:/ac6/systemworkbench/plugins/fr.ac6.mcu.externaltools.arm-none.win32_1.15.0.201708311556/tools/compiler/bin/../lib/gcc/arm-none-eabi/6.3.1/../../../../arm-none-eabi/lib/thumb/v7e-m/fpv4-sp/hard\libc_nano.a(lib_a-ctype_.o)
                0x080085a7                _ctype_
                0x080086a8                . = ALIGN (0x4)

.ARM.extab
 *(.ARM.extab* .gnu.linkonce.armextab.*)

.ARM            0x080086a8        0x8
                0x080086a8                __exidx_start = .
 *(.ARM.exidx*)
 .ARM.exidx     0x080086a8        0x8 c:/ac6/systemworkbench/plugins/fr.ac6.mcu.externaltools.arm-none.win32_1.15.0.201708311556/tools/compiler/bin/../lib/gcc/arm-none-eabi/6.3.1/thumb/v7e-m/fpv4-sp/hard\libgcc.a(_udivmoddi4.o)
                0x080086b0                __exidx_end = .

.rel.dyn        0x080086b0        0x0
 .rel.iplt      0x080086b0        0x0 c:/ac6/systemworkbench/plugins/fr.ac6.mcu.externaltools.arm-none.win32_1.15.0.201708311556/tools/compiler/bin/../lib/gcc/arm-none-eabi/6.3.1/thumb/v7e-m/fpv4-sp/hard/crtbegin.o

.preinit_array  0x080086b0        0x0
                0x080086b0                PROVIDE (__preinit_array_start, .)
 *(.preinit_array*)
                0x080086b0                PROVIDE (__preinit_array_end, .)

.init_array     0x080086b0        0x4
                0x080086b0                PROVIDE (__init_array_start, .)
 *(SORT(.init_array.*))
 *(.init_array*)
 .init_array    0x080086b0        0x4 c:/ac6/systemworkbench/plugins/fr.ac6.mcu.externaltools.arm-none.win32_1.15.0.201708311556/tools/compiler/bin/../lib/gcc/arm-none-eabi/6.3.1/thumb/v7e-m/fpv4-sp/hard/crtbegin.o
                0x080086b4                PROVIDE (__init_array_end, .)

.fini_array     0x080086b4        0x4
                [!provide]                PROVIDE (__fini_array_start, .)
 *(SORT(.fini_array.*))
 *(.fini_array*)
 .fini_array    0x080086b4        0x4 c:/ac6/systemworkbench/plugins/fr.ac6.mcu.externaltools.arm-none.win32_1.15.0.201708311556/tools/compiler/bin/../lib/gcc/arm-none-eabi/6.3.1/thumb/v7e-m/fpv4-sp/hard/crtbegin.o
                [!provide]                PROVIDE (__fini_array_end, .)
                0x080086b8                _sidata = LOADADDR (.data)

.data           0x20000000      0x208 load address 0x080086b8
                0x20000000                . = ALIGN (0x4)
                0x20000000                _sdata = .
 *(.data)
 .data          0x20000000        0x8 Drivers/STM32F4xx_HAL_Driver/Src/stm32f4xx_hal.o
                0x20000000                uwTickFreq
                0x20000004                uwTickPrio
 .data          0x20000008       0x2a Src/MPU9250.o
                0x20000008                _axs
                0x2000000c                _ays
                0x20000010                _azs
                0x20000014                _hxs
                0x20000018                _hys
                0x2000001c                _hzs
                0x20000020                _address
                0x20000024                _numSamples
                0x20000028                _coeff
                0x2000002c                _deltaThresh
                0x20000030                _maxCounts
 *fill*         0x20000032        0x2 
 .data          0x20000034        0x4 Src/system_stm32f4xx.o
                0x20000034                SystemCoreClock
 *(.data*)
 .data._impure_ptr
                0x20000038        0x4 c:/ac6/systemworkbench/plugins/fr.ac6.mcu.externaltools.arm-none.win32_1.15.0.201708311556/tools/compiler/bin/../lib/gcc/arm-none-eabi/6.3.1/../../../../arm-none-eabi/lib/thumb/v7e-m/fpv4-sp/hard\libc_nano.a(lib_a-impure.o)
                0x20000038                _impure_ptr
 .data.impure_data
                0x2000003c       0x60 c:/ac6/systemworkbench/plugins/fr.ac6.mcu.externaltools.arm-none.win32_1.15.0.201708311556/tools/compiler/bin/../lib/gcc/arm-none-eabi/6.3.1/../../../../arm-none-eabi/lib/thumb/v7e-m/fpv4-sp/hard\libc_nano.a(lib_a-impure.o)
 .data.__global_locale
                0x2000009c      0x16c c:/ac6/systemworkbench/plugins/fr.ac6.mcu.externaltools.arm-none.win32_1.15.0.201708311556/tools/compiler/bin/../lib/gcc/arm-none-eabi/6.3.1/../../../../arm-none-eabi/lib/thumb/v7e-m/fpv4-sp/hard\libc_nano.a(lib_a-locale.o)
                0x2000009c                __global_locale
                0x20000208                . = ALIGN (0x4)
                0x20000208                _edata = .
                0x080088c0                _siccmram = LOADADDR (.ccmram)

.jcr            0x20000208        0x0 load address 0x080088c0
 .jcr           0x20000208        0x0 c:/ac6/systemworkbench/plugins/fr.ac6.mcu.externaltools.arm-none.win32_1.15.0.201708311556/tools/compiler/bin/../lib/gcc/arm-none-eabi/6.3.1/thumb/v7e-m/fpv4-sp/hard/crtbegin.o

.igot.plt       0x20000208        0x0 load address 0x080088c0
 .igot.plt      0x20000208        0x0 c:/ac6/systemworkbench/plugins/fr.ac6.mcu.externaltools.arm-none.win32_1.15.0.201708311556/tools/compiler/bin/../lib/gcc/arm-none-eabi/6.3.1/thumb/v7e-m/fpv4-sp/hard/crtbegin.o

.ccmram         0x10000000        0x0 load address 0x080088c0
                0x10000000                . = ALIGN (0x4)
                0x10000000                _sccmram = .
 *(.ccmram)
 *(.ccmram*)
                0x10000000                . = ALIGN (0x4)
                0x10000000                _eccmram = .
                0x10000000                . = ALIGN (0x4)

.bss            0x20000208     0x1c70
                0x20000208                _sbss = .
                0x20000208                __bss_start__ = _sbss
 *(.bss)
 .bss           0x20000208       0x1c c:/ac6/systemworkbench/plugins/fr.ac6.mcu.externaltools.arm-none.win32_1.15.0.201708311556/tools/compiler/bin/../lib/gcc/arm-none-eabi/6.3.1/thumb/v7e-m/fpv4-sp/hard/crtbegin.o
 .bss           0x20000224        0xd Src/main.o
                0x20000224                flg_new_debug_message
                0x20000225                flg_new_receiver_input
                0x20000226                i2c1_mem_tx_irq_flag
                0x20000227                i2c1_mem_rx_irq_flag
                0x20000228                new_imu_data_flag
                0x2000022c                sbus_packets
                0x20000230                led3_state
 *(.bss*)
 *fill*         0x20000231        0x3 
 .bss.__malloc_free_list
                0x20000234        0x4 c:/ac6/systemworkbench/plugins/fr.ac6.mcu.externaltools.arm-none.win32_1.15.0.201708311556/tools/compiler/bin/../lib/gcc/arm-none-eabi/6.3.1/../../../../arm-none-eabi/lib/thumb/v7e-m/fpv4-sp/hard\libc_nano.a(lib_a-nano-mallocr.o)
                0x20000234                __malloc_free_list
 .bss.__malloc_sbrk_start
                0x20000238        0x4 c:/ac6/systemworkbench/plugins/fr.ac6.mcu.externaltools.arm-none.win32_1.15.0.201708311556/tools/compiler/bin/../lib/gcc/arm-none-eabi/6.3.1/../../../../arm-none-eabi/lib/thumb/v7e-m/fpv4-sp/hard\libc_nano.a(lib_a-nano-mallocr.o)
                0x20000238                __malloc_sbrk_start
 .bss.heap_end.5239
                0x2000023c        0x4 c:/ac6/systemworkbench/plugins/fr.ac6.mcu.externaltools.arm-none.win32_1.15.0.201708311556/tools/compiler/bin/../lib/gcc/arm-none-eabi/6.3.1/../../../../arm-none-eabi/lib/thumb/v7e-m/fpv4-sp/hard\libnosys.a(sbrk.o)
 *(COMMON)
 COMMON         0x20000240        0x4 Drivers/STM32F4xx_HAL_Driver/Src/stm32f4xx_hal.o
                0x20000240                uwTick
 *fill*         0x20000244        0x4 
 COMMON         0x20000248     0x10be Src/MPU9250.o
                0x20000248                _gSize
                0x2000024c                _enFifoTemp
                0x20000250                _hxfilt
                0x20000254                _hycounts
                0x20000256                _enFifoGyro
                0x20000258                _tFifo
                0x20000658                _gxbD
                0x20000660                _azmin
                0x20000664                _azmax
                0x20000668                _magScaleZ
                0x2000066c                _fifoSize
                0x20000670                _counter
                0x20000674                _aymax
                0x20000678                _azFifo
                0x200007cc                _ayFifo
                0x20000920                _avgs
                0x20000928                _aybD
                0x20000930                _hxFifo
                0x20000a54                _gy
                0x20000a58                _hzFifo
                0x20000b7c                _t
                0x20000b80                _enFifoMag
                0x20000b82                _gycounts
                0x20000b84                _magScaleX
                0x20000b88                _hz
                0x20000b8c                _ay
                0x20000b90                _hzfilt
                0x20000b94                _buffer
                0x20000bac                _aymin
                0x20000bb0                _hzmin
                0x20000bb4                _hzmax
                0x20000bb8                _fifoFrameSize
                0x20000bbc                _azb
                0x20000bc0                _axmax
                0x20000bc4                _womThreshold
                0x20000bc8                _gyFifo
                0x20000d1c                _az
                0x20000d20                _ax
                0x20000d24                _gxFifo
                0x20000e78                _hxb
                0x20000e7c                _aycounts
                0x20000e80                _hymin
                0x20000e84                _hyb
                0x20000e88                _axcounts
                0x20000e8c                _gx
                0x20000e90                _gyroRange
                0x20000e94                _gyb
                0x20000e98                _gzFifo
                0x20000ff0                _azbD
                0x20000ff8                _enFifoAccel
                0x20000ffc                _numBytes
                0x20001000                _gxcounts
                0x20001004                _axb
                0x20001008                _tSize
                0x2000100c                _ayb
                0x20001010                _hy
                0x20001014                _axmin
                0x20001018                _gzb
                0x2000101c                _aSize
                0x20001020                _hx
                0x20001024                _hyFifo
                0x20001148                _gzbD
                0x20001150                _magScaleY
                0x20001154                _gxb
                0x20001158                _gz
                0x2000115c                _hxmin
                0x20001160                _gybD
                0x20001168                _framedelta
                0x2000116c                _accelRange
                0x20001170                _hSize
                0x20001174                _hzcounts
                0x20001178                _hzb
                0x2000117c                _status
                0x20001180                _srd
                0x20001184                _accelScale
                0x20001188                _axbD
                0x20001190                _hyfilt
                0x20001194                _bandwidth
                0x20001198                _hxmax
                0x2000119c                _gzcounts
                0x2000119e                _tcounts
                0x200011a0                _hymax
                0x200011a4                _gyroScale
                0x200011a8                _axFifo
                0x200012fc                _azcounts
                0x20001300                _delta
                0x20001304                _hxcounts
 *fill*         0x20001306        0x2 
 COMMON         0x20001308       0xa8 Src/adc.o
                0x20001308                hadc1
                0x20001350                hdma_adc1
 COMMON         0x200013b0      0x168 Src/i2c.o
                0x200013b0                hdma_i2c1_tx
                0x20001410                hi2c1
                0x20001464                hi2c2
                0x200014b8                hdma_i2c1_rx
 COMMON         0x20001518      0x4dc Src/main.o
                0x20001518                receiver_inputs
                0x2000153c                debug_tx_buffer
                0x20001570                sbus_rx_buffer
                0x200015a4                buffer
                0x200019a4                imu_data_buffer
                0x200019b4                debug_rx_buffer
                0x200019e8                ADC_BUFF
 COMMON         0x200019f4       0xb0 Src/spi.o
                0x200019f4                hspi2
                0x20001a4c                hspi4
 COMMON         0x20001aa4       0xf0 Src/tim.o
                0x20001aa4                htim4
                0x20001ae0                htim3
                0x20001b1c                htim1
                0x20001b58                htim2
 COMMON         0x20001b94      0x2e0 Src/usart.o
                0x20001b94                hdma_usart6_rx
                0x20001bf4                huart3
                0x20001c34                hdma_usart1_tx
                0x20001c94                huart5
                0x20001cd4                hdma_usart1_rx
                0x20001d34                huart1
                0x20001d74                huart6
                0x20001db4                hdma_uart5_rx
                0x20001e14                hdma_uart5_tx
 COMMON         0x20001e74        0x4 c:/ac6/systemworkbench/plugins/fr.ac6.mcu.externaltools.arm-none.win32_1.15.0.201708311556/tools/compiler/bin/../lib/gcc/arm-none-eabi/6.3.1/../../../../arm-none-eabi/lib/thumb/v7e-m/fpv4-sp/hard\libc_nano.a(lib_a-reent.o)
                0x20001e74                errno
                0x20001e78                . = ALIGN (0x4)
                0x20001e78                _ebss = .
                0x20001e78                __bss_end__ = _ebss

._user_heap_stack
                0x20001e78      0x600
                0x20001e78                . = ALIGN (0x8)
                0x20001e78                PROVIDE (end, .)
                [!provide]                PROVIDE (_end, .)
                0x20002078                . = (. + _Min_Heap_Size)
 *fill*         0x20001e78      0x200 
                0x20002478                . = (. + _Min_Stack_Size)
 *fill*         0x20002078      0x400 
                0x20002478                . = ALIGN (0x8)

/DISCARD/
 libc.a(*)
 libm.a(*)
 libgcc.a(*)

.ARM.attributes
                0x00000000       0x30
 *(.ARM.attributes)
 .ARM.attributes
                0x00000000       0x22 c:/ac6/systemworkbench/plugins/fr.ac6.mcu.externaltools.arm-none.win32_1.15.0.201708311556/tools/compiler/bin/../lib/gcc/arm-none-eabi/6.3.1/thumb/v7e-m/fpv4-sp/hard/crti.o
 .ARM.attributes
                0x00000022       0x34 c:/ac6/systemworkbench/plugins/fr.ac6.mcu.externaltools.arm-none.win32_1.15.0.201708311556/tools/compiler/bin/../lib/gcc/arm-none-eabi/6.3.1/thumb/v7e-m/fpv4-sp/hard/crtbegin.o
 .ARM.attributes
                0x00000056       0x39 Drivers/STM32F4xx_HAL_Driver/Src/stm32f4xx_hal.o
 .ARM.attributes
                0x0000008f       0x39 Drivers/STM32F4xx_HAL_Driver/Src/stm32f4xx_hal_adc.o
 .ARM.attributes
                0x000000c8       0x39 Drivers/STM32F4xx_HAL_Driver/Src/stm32f4xx_hal_adc_ex.o
 .ARM.attributes
                0x00000101       0x39 Drivers/STM32F4xx_HAL_Driver/Src/stm32f4xx_hal_cortex.o
 .ARM.attributes
                0x0000013a       0x39 Drivers/STM32F4xx_HAL_Driver/Src/stm32f4xx_hal_dma.o
 .ARM.attributes
                0x00000173       0x39 Drivers/STM32F4xx_HAL_Driver/Src/stm32f4xx_hal_gpio.o
 .ARM.attributes
                0x000001ac       0x39 Drivers/STM32F4xx_HAL_Driver/Src/stm32f4xx_hal_i2c.o
 .ARM.attributes
                0x000001e5       0x39 Drivers/STM32F4xx_HAL_Driver/Src/stm32f4xx_hal_pwr_ex.o
 .ARM.attributes
                0x0000021e       0x39 Drivers/STM32F4xx_HAL_Driver/Src/stm32f4xx_hal_rcc.o
 .ARM.attributes
                0x00000257       0x39 Drivers/STM32F4xx_HAL_Driver/Src/stm32f4xx_hal_spi.o
 .ARM.attributes
                0x00000290       0x39 Drivers/STM32F4xx_HAL_Driver/Src/stm32f4xx_hal_tim.o
 .ARM.attributes
                0x000002c9       0x39 Drivers/STM32F4xx_HAL_Driver/Src/stm32f4xx_hal_tim_ex.o
 .ARM.attributes
                0x00000302       0x39 Drivers/STM32F4xx_HAL_Driver/Src/stm32f4xx_hal_uart.o
 .ARM.attributes
                0x0000033b       0x39 Src/MPU9250.o
 .ARM.attributes
                0x00000374       0x39 Src/adc.o
 .ARM.attributes
                0x000003ad       0x39 Src/dma.o
 .ARM.attributes
                0x000003e6       0x39 Src/gpio.o
 .ARM.attributes
                0x0000041f       0x39 Src/i2c.o
 .ARM.attributes
                0x00000458       0x39 Src/main.o
 .ARM.attributes
                0x00000491       0x39 Src/spi.o
 .ARM.attributes
                0x000004ca       0x39 Src/stm32f4xx_hal_msp.o
 .ARM.attributes
                0x00000503       0x39 Src/stm32f4xx_it.o
 .ARM.attributes
                0x0000053c       0x39 Src/system_stm32f4xx.o
 .ARM.attributes
                0x00000575       0x39 Src/tim.o
 .ARM.attributes
                0x000005ae       0x39 Src/usart.o
 .ARM.attributes
                0x000005e7       0x21 startup/startup_stm32f429xx.o
 .ARM.attributes
                0x00000608       0x22 c:/ac6/systemworkbench/plugins/fr.ac6.mcu.externaltools.arm-none.win32_1.15.0.201708311556/tools/compiler/bin/../lib/gcc/arm-none-eabi/6.3.1/thumb/v7e-m/fpv4-sp/hard\libgcc.a(_arm_addsubdf3.o)
 .ARM.attributes
                0x0000062a       0x22 c:/ac6/systemworkbench/plugins/fr.ac6.mcu.externaltools.arm-none.win32_1.15.0.201708311556/tools/compiler/bin/../lib/gcc/arm-none-eabi/6.3.1/thumb/v7e-m/fpv4-sp/hard\libgcc.a(_arm_muldivdf3.o)
 .ARM.attributes
                0x0000064c       0x22 c:/ac6/systemworkbench/plugins/fr.ac6.mcu.externaltools.arm-none.win32_1.15.0.201708311556/tools/compiler/bin/../lib/gcc/arm-none-eabi/6.3.1/thumb/v7e-m/fpv4-sp/hard\libgcc.a(_arm_cmpdf2.o)
 .ARM.attributes
                0x0000066e       0x22 c:/ac6/systemworkbench/plugins/fr.ac6.mcu.externaltools.arm-none.win32_1.15.0.201708311556/tools/compiler/bin/../lib/gcc/arm-none-eabi/6.3.1/thumb/v7e-m/fpv4-sp/hard\libgcc.a(_arm_truncdfsf2.o)
 .ARM.attributes
                0x00000690       0x22 c:/ac6/systemworkbench/plugins/fr.ac6.mcu.externaltools.arm-none.win32_1.15.0.201708311556/tools/compiler/bin/../lib/gcc/arm-none-eabi/6.3.1/thumb/v7e-m/fpv4-sp/hard\libgcc.a(_aeabi_uldivmod.o)
 .ARM.attributes
                0x000006b2       0x34 c:/ac6/systemworkbench/plugins/fr.ac6.mcu.externaltools.arm-none.win32_1.15.0.201708311556/tools/compiler/bin/../lib/gcc/arm-none-eabi/6.3.1/thumb/v7e-m/fpv4-sp/hard\libgcc.a(_udivmoddi4.o)
 .ARM.attributes
                0x000006e6       0x22 c:/ac6/systemworkbench/plugins/fr.ac6.mcu.externaltools.arm-none.win32_1.15.0.201708311556/tools/compiler/bin/../lib/gcc/arm-none-eabi/6.3.1/thumb/v7e-m/fpv4-sp/hard\libgcc.a(_dvmd_tls.o)
 .ARM.attributes
                0x00000708       0x34 c:/ac6/systemworkbench/plugins/fr.ac6.mcu.externaltools.arm-none.win32_1.15.0.201708311556/tools/compiler/bin/../lib/gcc/arm-none-eabi/6.3.1/../../../../arm-none-eabi/lib/thumb/v7e-m/fpv4-sp/hard\libc_nano.a(lib_a-impure.o)
 .ARM.attributes
                0x0000073c       0x34 c:/ac6/systemworkbench/plugins/fr.ac6.mcu.externaltools.arm-none.win32_1.15.0.201708311556/tools/compiler/bin/../lib/gcc/arm-none-eabi/6.3.1/../../../../arm-none-eabi/lib/thumb/v7e-m/fpv4-sp/hard\libc_nano.a(lib_a-init.o)
 .ARM.attributes
                0x00000770       0x34 c:/ac6/systemworkbench/plugins/fr.ac6.mcu.externaltools.arm-none.win32_1.15.0.201708311556/tools/compiler/bin/../lib/gcc/arm-none-eabi/6.3.1/../../../../arm-none-eabi/lib/thumb/v7e-m/fpv4-sp/hard\libc_nano.a(lib_a-memcpy-stub.o)
 .ARM.attributes
                0x000007a4       0x34 c:/ac6/systemworkbench/plugins/fr.ac6.mcu.externaltools.arm-none.win32_1.15.0.201708311556/tools/compiler/bin/../lib/gcc/arm-none-eabi/6.3.1/../../../../arm-none-eabi/lib/thumb/v7e-m/fpv4-sp/hard\libc_nano.a(lib_a-memset.o)
 .ARM.attributes
                0x000007d8       0x34 c:/ac6/systemworkbench/plugins/fr.ac6.mcu.externaltools.arm-none.win32_1.15.0.201708311556/tools/compiler/bin/../lib/gcc/arm-none-eabi/6.3.1/../../../../arm-none-eabi/lib/thumb/v7e-m/fpv4-sp/hard\libc_nano.a(lib_a-nano-vfprintf_float.o)
 .ARM.attributes
                0x0000080c       0x34 c:/ac6/systemworkbench/plugins/fr.ac6.mcu.externaltools.arm-none.win32_1.15.0.201708311556/tools/compiler/bin/../lib/gcc/arm-none-eabi/6.3.1/../../../../arm-none-eabi/lib/thumb/v7e-m/fpv4-sp/hard\libc_nano.a(lib_a-nano-vfprintf_i.o)
 .ARM.attributes
                0x00000840       0x34 c:/ac6/systemworkbench/plugins/fr.ac6.mcu.externaltools.arm-none.win32_1.15.0.201708311556/tools/compiler/bin/../lib/gcc/arm-none-eabi/6.3.1/../../../../arm-none-eabi/lib/thumb/v7e-m/fpv4-sp/hard\libc_nano.a(lib_a-sprintf.o)
 .ARM.attributes
                0x00000874       0x1b c:/ac6/systemworkbench/plugins/fr.ac6.mcu.externaltools.arm-none.win32_1.15.0.201708311556/tools/compiler/bin/../lib/gcc/arm-none-eabi/6.3.1/../../../../arm-none-eabi/lib/thumb/v7e-m/fpv4-sp/hard\libc_nano.a(lib_a-strlen.o)
 .ARM.attributes
                0x0000088f       0x34 c:/ac6/systemworkbench/plugins/fr.ac6.mcu.externaltools.arm-none.win32_1.15.0.201708311556/tools/compiler/bin/../lib/gcc/arm-none-eabi/6.3.1/../../../../arm-none-eabi/lib/thumb/v7e-m/fpv4-sp/hard\libc_nano.a(lib_a-dtoa.o)
 .ARM.attributes
                0x000008c3       0x34 c:/ac6/systemworkbench/plugins/fr.ac6.mcu.externaltools.arm-none.win32_1.15.0.201708311556/tools/compiler/bin/../lib/gcc/arm-none-eabi/6.3.1/../../../../arm-none-eabi/lib/thumb/v7e-m/fpv4-sp/hard\libc_nano.a(lib_a-localeconv.o)
 .ARM.attributes
                0x000008f7       0x34 c:/ac6/systemworkbench/plugins/fr.ac6.mcu.externaltools.arm-none.win32_1.15.0.201708311556/tools/compiler/bin/../lib/gcc/arm-none-eabi/6.3.1/../../../../arm-none-eabi/lib/thumb/v7e-m/fpv4-sp/hard\libc_nano.a(lib_a-malloc.o)
 .ARM.attributes
                0x0000092b       0x20 c:/ac6/systemworkbench/plugins/fr.ac6.mcu.externaltools.arm-none.win32_1.15.0.201708311556/tools/compiler/bin/../lib/gcc/arm-none-eabi/6.3.1/../../../../arm-none-eabi/lib/thumb/v7e-m/fpv4-sp/hard\libc_nano.a(lib_a-memchr.o)
 .ARM.attributes
                0x0000094b       0x34 c:/ac6/systemworkbench/plugins/fr.ac6.mcu.externaltools.arm-none.win32_1.15.0.201708311556/tools/compiler/bin/../lib/gcc/arm-none-eabi/6.3.1/../../../../arm-none-eabi/lib/thumb/v7e-m/fpv4-sp/hard\libc_nano.a(lib_a-mprec.o)
 .ARM.attributes
                0x0000097f       0x34 c:/ac6/systemworkbench/plugins/fr.ac6.mcu.externaltools.arm-none.win32_1.15.0.201708311556/tools/compiler/bin/../lib/gcc/arm-none-eabi/6.3.1/../../../../arm-none-eabi/lib/thumb/v7e-m/fpv4-sp/hard\libc_nano.a(lib_a-nano-callocr.o)
 .ARM.attributes
                0x000009b3       0x34 c:/ac6/systemworkbench/plugins/fr.ac6.mcu.externaltools.arm-none.win32_1.15.0.201708311556/tools/compiler/bin/../lib/gcc/arm-none-eabi/6.3.1/../../../../arm-none-eabi/lib/thumb/v7e-m/fpv4-sp/hard\libc_nano.a(lib_a-nano-freer.o)
 .ARM.attributes
                0x000009e7       0x34 c:/ac6/systemworkbench/plugins/fr.ac6.mcu.externaltools.arm-none.win32_1.15.0.201708311556/tools/compiler/bin/../lib/gcc/arm-none-eabi/6.3.1/../../../../arm-none-eabi/lib/thumb/v7e-m/fpv4-sp/hard\libc_nano.a(lib_a-nano-mallocr.o)
 .ARM.attributes
                0x00000a1b       0x34 c:/ac6/systemworkbench/plugins/fr.ac6.mcu.externaltools.arm-none.win32_1.15.0.201708311556/tools/compiler/bin/../lib/gcc/arm-none-eabi/6.3.1/../../../../arm-none-eabi/lib/thumb/v7e-m/fpv4-sp/hard\libc_nano.a(lib_a-nano-svfprintf.o)
 .ARM.attributes
                0x00000a4f       0x34 c:/ac6/systemworkbench/plugins/fr.ac6.mcu.externaltools.arm-none.win32_1.15.0.201708311556/tools/compiler/bin/../lib/gcc/arm-none-eabi/6.3.1/../../../../arm-none-eabi/lib/thumb/v7e-m/fpv4-sp/hard\libc_nano.a(lib_a-sbrkr.o)
 .ARM.attributes
                0x00000a83       0x34 c:/ac6/systemworkbench/plugins/fr.ac6.mcu.externaltools.arm-none.win32_1.15.0.201708311556/tools/compiler/bin/../lib/gcc/arm-none-eabi/6.3.1/../../../../arm-none-eabi/lib/thumb/v7e-m/fpv4-sp/hard\libc_nano.a(lib_a-locale.o)
 .ARM.attributes
                0x00000ab7       0x34 c:/ac6/systemworkbench/plugins/fr.ac6.mcu.externaltools.arm-none.win32_1.15.0.201708311556/tools/compiler/bin/../lib/gcc/arm-none-eabi/6.3.1/../../../../arm-none-eabi/lib/thumb/v7e-m/fpv4-sp/hard\libc_nano.a(lib_a-mbtowc_r.o)
 .ARM.attributes
                0x00000aeb       0x34 c:/ac6/systemworkbench/plugins/fr.ac6.mcu.externaltools.arm-none.win32_1.15.0.201708311556/tools/compiler/bin/../lib/gcc/arm-none-eabi/6.3.1/../../../../arm-none-eabi/lib/thumb/v7e-m/fpv4-sp/hard\libc_nano.a(lib_a-memmove.o)
 .ARM.attributes
                0x00000b1f       0x34 c:/ac6/systemworkbench/plugins/fr.ac6.mcu.externaltools.arm-none.win32_1.15.0.201708311556/tools/compiler/bin/../lib/gcc/arm-none-eabi/6.3.1/../../../../arm-none-eabi/lib/thumb/v7e-m/fpv4-sp/hard\libc_nano.a(lib_a-mlock.o)
 .ARM.attributes
                0x00000b53       0x34 c:/ac6/systemworkbench/plugins/fr.ac6.mcu.externaltools.arm-none.win32_1.15.0.201708311556/tools/compiler/bin/../lib/gcc/arm-none-eabi/6.3.1/../../../../arm-none-eabi/lib/thumb/v7e-m/fpv4-sp/hard\libc_nano.a(lib_a-nano-reallocr.o)
 .ARM.attributes
                0x00000b87       0x34 c:/ac6/systemworkbench/plugins/fr.ac6.mcu.externaltools.arm-none.win32_1.15.0.201708311556/tools/compiler/bin/../lib/gcc/arm-none-eabi/6.3.1/../../../../arm-none-eabi/lib/thumb/v7e-m/fpv4-sp/hard\libc_nano.a(lib_a-reent.o)
 .ARM.attributes
                0x00000bbb       0x34 c:/ac6/systemworkbench/plugins/fr.ac6.mcu.externaltools.arm-none.win32_1.15.0.201708311556/tools/compiler/bin/../lib/gcc/arm-none-eabi/6.3.1/../../../../arm-none-eabi/lib/thumb/v7e-m/fpv4-sp/hard\libc_nano.a(lib_a-wctomb_r.o)
 .ARM.attributes
                0x00000bef       0x34 c:/ac6/systemworkbench/plugins/fr.ac6.mcu.externaltools.arm-none.win32_1.15.0.201708311556/tools/compiler/bin/../lib/gcc/arm-none-eabi/6.3.1/../../../../arm-none-eabi/lib/thumb/v7e-m/fpv4-sp/hard\libc_nano.a(lib_a-ctype_.o)
 .ARM.attributes
                0x00000c23       0x34 c:/ac6/systemworkbench/plugins/fr.ac6.mcu.externaltools.arm-none.win32_1.15.0.201708311556/tools/compiler/bin/../lib/gcc/arm-none-eabi/6.3.1/../../../../arm-none-eabi/lib/thumb/v7e-m/fpv4-sp/hard\libc_nano.a(lib_a-nano-msizer.o)
 .ARM.attributes
                0x00000c57       0x22 c:/ac6/systemworkbench/plugins/fr.ac6.mcu.externaltools.arm-none.win32_1.15.0.201708311556/tools/compiler/bin/../lib/gcc/arm-none-eabi/6.3.1/thumb/v7e-m/fpv4-sp/hard\libgcc.a(_arm_unorddf2.o)
 .ARM.attributes
                0x00000c79       0x22 c:/ac6/systemworkbench/plugins/fr.ac6.mcu.externaltools.arm-none.win32_1.15.0.201708311556/tools/compiler/bin/../lib/gcc/arm-none-eabi/6.3.1/thumb/v7e-m/fpv4-sp/hard\libgcc.a(_arm_fixdfsi.o)
 .ARM.attributes
                0x00000c9b       0x34 c:/ac6/systemworkbench/plugins/fr.ac6.mcu.externaltools.arm-none.win32_1.15.0.201708311556/tools/compiler/bin/../lib/gcc/arm-none-eabi/6.3.1/../../../../arm-none-eabi/lib/thumb/v7e-m/fpv4-sp/hard\libnosys.a(sbrk.o)
 .ARM.attributes
                0x00000ccf       0x22 c:/ac6/systemworkbench/plugins/fr.ac6.mcu.externaltools.arm-none.win32_1.15.0.201708311556/tools/compiler/bin/../lib/gcc/arm-none-eabi/6.3.1/thumb/v7e-m/fpv4-sp/hard/crtn.o
OUTPUT(flight_controller_v2.1.elf elf32-littlearm)

.debug_info     0x00000000    0x2869c
 .debug_info    0x00000000     0x1250 Drivers/STM32F4xx_HAL_Driver/Src/stm32f4xx_hal.o
 .debug_info    0x00001250     0x15da Drivers/STM32F4xx_HAL_Driver/Src/stm32f4xx_hal_adc.o
 .debug_info    0x0000282a     0x13f6 Drivers/STM32F4xx_HAL_Driver/Src/stm32f4xx_hal_adc_ex.o
 .debug_info    0x00003c20     0x1790 Drivers/STM32F4xx_HAL_Driver/Src/stm32f4xx_hal_cortex.o
 .debug_info    0x000053b0     0x127c Drivers/STM32F4xx_HAL_Driver/Src/stm32f4xx_hal_dma.o
 .debug_info    0x0000662c      0xfb1 Drivers/STM32F4xx_HAL_Driver/Src/stm32f4xx_hal_gpio.o
 .debug_info    0x000075dd     0x36ef Drivers/STM32F4xx_HAL_Driver/Src/stm32f4xx_hal_i2c.o
 .debug_info    0x0000accc     0x1015 Drivers/STM32F4xx_HAL_Driver/Src/stm32f4xx_hal_pwr_ex.o
 .debug_info    0x0000bce1     0x1279 Drivers/STM32F4xx_HAL_Driver/Src/stm32f4xx_hal_rcc.o
 .debug_info    0x0000cf5a     0x220a Drivers/STM32F4xx_HAL_Driver/Src/stm32f4xx_hal_spi.o
 .debug_info    0x0000f164     0x3684 Drivers/STM32F4xx_HAL_Driver/Src/stm32f4xx_hal_tim.o
 .debug_info    0x000127e8     0x1b26 Drivers/STM32F4xx_HAL_Driver/Src/stm32f4xx_hal_tim_ex.o
 .debug_info    0x0001430e     0x1f1d Drivers/STM32F4xx_HAL_Driver/Src/stm32f4xx_hal_uart.o
 .debug_info    0x0001622b     0x329a Src/MPU9250.o
 .debug_info    0x000194c5     0x1657 Src/adc.o
 .debug_info    0x0001ab1c      0xf62 Src/dma.o
 .debug_info    0x0001ba7e     0x108d Src/gpio.o
 .debug_info    0x0001cb0b     0x13b8 Src/i2c.o
 .debug_info    0x0001dec3     0x2e46 Src/main.o
 .debug_info    0x00020d09     0x12cf Src/spi.o
 .debug_info    0x00021fd8      0xebb Src/stm32f4xx_hal_msp.o
 .debug_info    0x00022e93     0x163b Src/stm32f4xx_it.o
 .debug_info    0x000244ce      0xd4a Src/system_stm32f4xx.o
 .debug_info    0x00025218     0x1a95 Src/tim.o
 .debug_info    0x00026cad     0x1949 Src/usart.o
 .debug_info    0x000285f6       0xa6 startup/startup_stm32f429xx.o

.debug_abbrev   0x00000000     0x45fa
 .debug_abbrev  0x00000000      0x2e3 Drivers/STM32F4xx_HAL_Driver/Src/stm32f4xx_hal.o
 .debug_abbrev  0x000002e3      0x2da Drivers/STM32F4xx_HAL_Driver/Src/stm32f4xx_hal_adc.o
 .debug_abbrev  0x000005bd      0x316 Drivers/STM32F4xx_HAL_Driver/Src/stm32f4xx_hal_adc_ex.o
 .debug_abbrev  0x000008d3      0x3d4 Drivers/STM32F4xx_HAL_Driver/Src/stm32f4xx_hal_cortex.o
 .debug_abbrev  0x00000ca7      0x328 Drivers/STM32F4xx_HAL_Driver/Src/stm32f4xx_hal_dma.o
 .debug_abbrev  0x00000fcf      0x2a5 Drivers/STM32F4xx_HAL_Driver/Src/stm32f4xx_hal_gpio.o
 .debug_abbrev  0x00001274      0x2f9 Drivers/STM32F4xx_HAL_Driver/Src/stm32f4xx_hal_i2c.o
 .debug_abbrev  0x0000156d      0x2c3 Drivers/STM32F4xx_HAL_Driver/Src/stm32f4xx_hal_pwr_ex.o
 .debug_abbrev  0x00001830      0x331 Drivers/STM32F4xx_HAL_Driver/Src/stm32f4xx_hal_rcc.o
 .debug_abbrev  0x00001b61      0x2f0 Drivers/STM32F4xx_HAL_Driver/Src/stm32f4xx_hal_spi.o
 .debug_abbrev  0x00001e51      0x2dc Drivers/STM32F4xx_HAL_Driver/Src/stm32f4xx_hal_tim.o
 .debug_abbrev  0x0000212d      0x2dc Drivers/STM32F4xx_HAL_Driver/Src/stm32f4xx_hal_tim_ex.o
 .debug_abbrev  0x00002409      0x342 Drivers/STM32F4xx_HAL_Driver/Src/stm32f4xx_hal_uart.o
 .debug_abbrev  0x0000274b      0x384 Src/MPU9250.o
 .debug_abbrev  0x00002acf      0x27b Src/adc.o
 .debug_abbrev  0x00002d4a      0x232 Src/dma.o
 .debug_abbrev  0x00002f7c      0x243 Src/gpio.o
 .debug_abbrev  0x000031bf      0x272 Src/i2c.o
 .debug_abbrev  0x00003431      0x353 Src/main.o
 .debug_abbrev  0x00003784      0x256 Src/spi.o
 .debug_abbrev  0x000039da      0x232 Src/stm32f4xx_hal_msp.o
 .debug_abbrev  0x00003c0c      0x27e Src/stm32f4xx_it.o
 .debug_abbrev  0x00003e8a      0x205 Src/system_stm32f4xx.o
 .debug_abbrev  0x0000408f      0x2a6 Src/tim.o
 .debug_abbrev  0x00004335      0x2b3 Src/usart.o
 .debug_abbrev  0x000045e8       0x12 startup/startup_stm32f429xx.o

.debug_loc      0x00000000     0xdeb3
 .debug_loc     0x00000000      0x108 Drivers/STM32F4xx_HAL_Driver/Src/stm32f4xx_hal.o
 .debug_loc     0x00000108      0x95e Drivers/STM32F4xx_HAL_Driver/Src/stm32f4xx_hal_adc.o
 .debug_loc     0x00000a66      0x940 Drivers/STM32F4xx_HAL_Driver/Src/stm32f4xx_hal_adc_ex.o
 .debug_loc     0x000013a6      0x5ce Drivers/STM32F4xx_HAL_Driver/Src/stm32f4xx_hal_cortex.o
 .debug_loc     0x00001974      0xae1 Drivers/STM32F4xx_HAL_Driver/Src/stm32f4xx_hal_dma.o
 .debug_loc     0x00002455      0x3fd Drivers/STM32F4xx_HAL_Driver/Src/stm32f4xx_hal_gpio.o
 .debug_loc     0x00002852     0x3198 Drivers/STM32F4xx_HAL_Driver/Src/stm32f4xx_hal_i2c.o